Microchip MPLAB XC8 Compiler V2.41

Linker command line:

-W-3 \
  --edf=C:\Program Files\Microchip\xc8\v2.41\pic\dat\20230208172133_en.msgs \
  -cn -h+dist/default/production\Strasak_David_219502.X.production.sym \
  --cmf=dist/default/production\Strasak_David_219502.X.production.cmf -z \
  -Q18F46K22 -oC:\Users\student\AppData\Local\Temp\xcAsat8.\driver_tmp_3.o \
  --defsym=__MPLAB_BUILD=1 --fixupoverflow=error \
  -Mdist/default/production/Strasak_David_219502.X.production.map \
  --md=C:\Users\student\AppData\Local\Temp\xcAsat8.\driver_tmp_0.dat -E1 \
  -ver=XC8 Compiler --acfsm=1493 -ACODE=00h-0FFFFh -ACONST=00h-0FFFFh \
  -ASMALLCONST=01000h-010FFhx240 -AMEDIUMCONST=01000h-0FFFFh \
  -ACOMRAM=01h-05Fh -AABS1=00h-0F37h -ABIGRAM=01h-0F37h \
  -ARAM=060h-0FFh,0100h-01FFhx14,0F00h-0F37h -ABANK0=060h-0FFh \
  -ABANK1=0100h-01FFh -ABANK2=0200h-02FFh -ABANK3=0300h-03FFh \
  -ABANK4=0400h-04FFh -ABANK5=0500h-05FFh -ABANK6=0600h-06FFh \
  -ABANK7=0700h-07FFh -ABANK8=0800h-08FFh -ABANK9=0900h-09FFh \
  -ABANK10=0A00h-0AFFh -ABANK11=0B00h-0BFFh -ABANK12=0C00h-0CFFh \
  -ABANK13=0D00h-0DFFh -ABANK14=0E00h-0EFFh -ABANK15=0F00h-0F37h \
  -ASFR=0F38h-0F5Fh,0F60h-0FFFh -ABIGSFR=0F38h-0FFFh \
  -ACONFIG=0300000h-030000Dh -AIDLOC=0200000h-0200007h \
  -AEEDATA=0F00000h-0F003FFh -peeprom_data=EEDATA \
  -preset_vec=00h,intcode=08h,intcodelo,powerup,init -pramtop=01000h \
  -psmallconst=SMALLCONST -pmediumconst=MEDIUMCONST -pconst=CONST \
  -AFARRAM=00h-00h \
  -prdata=COMRAM,nvrram=COMRAM,nvbit=COMRAM,rbss=COMRAM,rbit=COMRAM \
  -pfarbss=FARRAM,fardata=FARRAM,nvFARRAM=FARRAM \
  -pintsave_regs=BIGRAM,bigbss=BIGRAM,bigdata=BIGRAM -pbss=RAM \
  -pidata=CODE,irdata=CODE,ibigdata=CODE,ifardata=CODE -prparam=COMRAM \
  C:\Users\student\AppData\Local\Temp\xcAsat8.\driver_tmp_14.o \
  dist/default/production\Strasak_David_219502.X.production.o 

Object code version is 3.11

Machine type is 18F46K22



                Name                               Link     Load   Length Selector   Space Scale
C:\Users\student\AppData\Local\Temp\xcAsat8.\driver_tmp_14.o
                config                           300000   300000        4        0       4
                init                                10C      10C        4        4       0
                reset_vec                             0        0        4        0       0
dist/default/production\Strasak_David_219502.X.production.o
                intcode                               8        8      104        4       0
                config                           300000   300000        4        0       4
                temp                                 5A       5A        1        1       1
                mediumconst                        FED6     FED6      12A     7F6B       0
                text54                             4BDE     4BDE       26     25C8       0
                text53                             40D2     40D2       DA        4       0
                text52                             4AF6     4AF6       36        4       0
                text51                             44C4     44C4       B2        4       0
                text50                             4400     4400       C4        4       0
                text49                             4576     4576       B0        4       0
                text48                             4A3E     4A3E       40        4       0
                text47                             4C04     4C04       16     25C8       0
                text46                             41AC     41AC       CA        4       0
                text45                             49BA     49BA       44        4       0
                text44                             46D0     46D0       AA        4       0
                text43                             35E6     35E6      194        4       0
                text42                             22D2     22D2      39A        4       0
                text41                             4626     4626       AA        4       0
                text40                             3DF2     3DF2      104        4       0
                text39                             1EA8     1EA8      42A        4       0
                text38                             4ABC     4ABC       3A        4       0
                text37                             10C4     10C4      4C2        4       0
                text36                             4972     4972       48        4       0
                text35                             3CEA     3CEA      108        4       0
                text34                             3EF6     3EF6       FE        4       0
                text33                             2E18     2E18      216        4       0
                text32                             477A     477A       66        4       0
                text31                             4922     4922       50        4       0
                text30                             49FE     49FE       40        4       0
                text29                              110      110      9FA        4       0
                text28                             4BB8     4BB8       26     25C8       0
                text27                             4276     4276       C6        4       0
                text26                             48D2     48D2       50        4       0
                text25                             377A     377A      192        4       0
                text24                             3FF4     3FF4       DE        4       0
                text23                             1586     1586      492        4       0
                text22                             47E0     47E0       52        4       0
                text21                             4882     4882       50        4       0
                text20                             3BC8     3BC8      122        4       0
                text19                             3432     3432      1B4        4       0
                text18                             302E     302E      206        4       0
                text17                             4A7E     4A7E       3E        4       0
                text16                             4B90     4B90       28     25C8       0
                text15                             3234     3234      1FE        4       0
                text14                             4B2C     4B2C       34        4       0
                text13                             1A18     1A18      490        4       0
                text12                             2BE6     2BE6      232        4       0
                text11                              B0A      B0A      5BA        4       0
                text10                             266C     266C      2FC        4       0
                text9                              4C60     4C60        E     25C8       0
                text8                              4C52     4C52        E     25C8       0
                text7                              4C44     4C44        E     25C8       0
                text6                              4C36     4C36        E     25C8       0
                text5                              4C28     4C28        E     25C8       0
                text4                              4C1A     4C1A        E     25C8       0
                text3                              390C     390C      176        4       0
                text2                              3A82     3A82      146        4       0
                text1                              433C     433C       C4        4       0
                text0                              2968     2968      27E        4       0
                cstackCOMRAM                          1        1       54        1       1
                cstackBANK0                          60       60       8F       60       1
                cstackBANK1                         170      170       39      100       1
                dataBANK1                           1A9      1A9       2F      100       1
                bssBANK1                            100      100       70      100       1
                bssBANK0                             EF       EF       11       60       1
                bssCOMRAM                            55       55        5        1       1
                cinit                              4832     4832       50        4       0
                idataBANK1                         4B60     4B60       2F        4       0

TOTAL           Name                               Link     Load   Length     Space
        CLASS   CODE           
                intcode                               8        8      104         0
                init                                10C      10C        4         0
                reset_vec                             0        0        4         0
                text54                             4BDE     4BDE       26         0
                text53                             40D2     40D2       DA         0
                text52                             4AF6     4AF6       36         0
                text51                             44C4     44C4       B2         0
                text50                             4400     4400       C4         0
                text49                             4576     4576       B0         0
                text48                             4A3E     4A3E       40         0
                text47                             4C04     4C04       16         0
                text46                             41AC     41AC       CA         0
                text45                             49BA     49BA       44         0
                text44                             46D0     46D0       AA         0
                text43                             35E6     35E6      194         0
                text42                             22D2     22D2      39A         0
                text41                             4626     4626       AA         0
                text40                             3DF2     3DF2      104         0
                text39                             1EA8     1EA8      42A         0
                text38                             4ABC     4ABC       3A         0
                text37                             10C4     10C4      4C2         0
                text36                             4972     4972       48         0
                text35                             3CEA     3CEA      108         0
                text34                             3EF6     3EF6       FE         0
                text33                             2E18     2E18      216         0
                text32                             477A     477A       66         0
                text31                             4922     4922       50         0
                text30                             49FE     49FE       40         0
                text29                              110      110      9FA         0
                text28                             4BB8     4BB8       26         0
                text27                             4276     4276       C6         0
                text26                             48D2     48D2       50         0
                text25                             377A     377A      192         0
                text24                             3FF4     3FF4       DE         0
                text23                             1586     1586      492         0
                text22                             47E0     47E0       52         0
                text21                             4882     4882       50         0
                text20                             3BC8     3BC8      122         0
                text19                             3432     3432      1B4         0
                text18                             302E     302E      206         0
                text17                             4A7E     4A7E       3E         0
                text16                             4B90     4B90       28         0
                text15                             3234     3234      1FE         0
                text14                             4B2C     4B2C       34         0
                text13                             1A18     1A18      490         0
                text12                             2BE6     2BE6      232         0
                text11                              B0A      B0A      5BA         0
                text10                             266C     266C      2FC         0
                text9                              4C60     4C60        E         0
                text8                              4C52     4C52        E         0
                text7                              4C44     4C44        E         0
                text6                              4C36     4C36        E         0
                text5                              4C28     4C28        E         0
                text4                              4C1A     4C1A        E         0
                text3                              390C     390C      176         0
                text2                              3A82     3A82      146         0
                text1                              433C     433C       C4         0
                text0                              2968     2968      27E         0
                cinit                              4832     4832       50         0
                idataBANK1                         4B60     4B60       2F         0

        CLASS   CONST          

        CLASS   SMALLCONST     

        CLASS   MEDIUMCONST    
                mediumconst                        FED6     FED6      12A         0

        CLASS   COMRAM         
                temp                                 5A       5A        1         1
                cstackCOMRAM                          1        1       54         1
                bssCOMRAM                            55       55        5         1

        CLASS   ABS1           

        CLASS   BIGRAM         

        CLASS   RAM            

        CLASS   BANK0          
                cstackBANK0                          60       60       8F         1
                bssBANK0                             EF       EF       11         1

        CLASS   BANK1          
                cstackBANK1                         170      170       39         1
                dataBANK1                           1A9      1A9       2F         1
                bssBANK1                            100      100       70         1

        CLASS   BANK2          

        CLASS   BANK3          

        CLASS   BANK4          

        CLASS   BANK5          

        CLASS   BANK6          

        CLASS   BANK7          

        CLASS   BANK8          

        CLASS   BANK9          

        CLASS   BANK10         

        CLASS   BANK11         

        CLASS   BANK12         

        CLASS   BANK13         

        CLASS   BANK14         

        CLASS   BANK15         

        CLASS   SFR            

        CLASS   BIGSFR         

        CLASS   CONFIG         
                config                           300000   300000        4         4

        CLASS   IDLOC          

        CLASS   EEDATA         

        CLASS   FARRAM         

        CLASS   HEAP           

        CLASS   STACK          



SEGMENTS        Name                           Load    Length   Top    Selector   Space  Class

                reset_vec                      000000  000004  000004         0       0  CODE    
                cstackCOMRAM                   000001  00005A  00005B         1       1  COMRAM  
                intcode                        000008  004B87  004B8F         4       0  CODE    
                cstackBANK0                    000060  0000A0  000100        60       1  BANK0   
                bssBANK1                       000100  0000D8  0001D8       100       1  BANK1   
                text16                         004B90  0000DE  004C6E      25C8       0  CODE    
                mediumconst                    00FED6  00012A  010000      7F6B       0  MEDIUMCO


UNUSED ADDRESS RANGES

        Name                Unused          Largest block    Delta
        BANK1            0001D8-0001FF               28
        BANK10           000A00-000AFF              100
        BANK11           000B00-000BFF              100
        BANK12           000C00-000CFF              100
        BANK13           000D00-000DFF              100
        BANK14           000E00-000EFF              100
        BANK15           000F00-000F37               38
        BANK2            000200-0002FF              100
        BANK3            000300-0003FF              100
        BANK4            000400-0004FF              100
        BANK5            000500-0005FF              100
        BANK6            000600-0006FF              100
        BANK7            000700-0007FF              100
        BANK8            000800-0008FF              100
        BANK9            000900-0009FF              100
        BIGRAM           00005B-00005F                5
                         0001D8-000F37              D60
        BIGSFR           000F38-000FFF               C8
        CODE             000004-000007                4
                         004B8F-004B8F                1
                         004C6E-00FED5             B268
        COMRAM           00005B-00005F                5
        CONFIG           300004-30000D                A
        CONST            000004-000007                4
                         004B8F-004B8F                1
                         004C6E-00FED5             B268
        EEDATA           F00000-F003FF              400
        IDLOC            200000-200007                8
        MEDIUMCONST      004B8F-004B8F                1
                         004C6E-00FED5             B268
        RAM              0001D8-000F37              100
        SFR              000F38-000FFF               28
        SMALLCONST       004B8F-004B8F                1
                         004C6E-00FED5              100

                                  Symbol Table

?___awdiv                   cstackCOMRAM 000006
?___awmod                   cstackCOMRAM 000006
?___cosdf                   cstackBANK0  000064
?___fladd                   cstackCOMRAM 000046
?___fldiv                   cstackCOMRAM 00002D
?___flmul                   cstackCOMRAM 000014
?___flneg                   cstackBANK0  000080
?___flsub                   cstackBANK0  000064
?___fltol                   cstackBANK0  000064
?___fpclassifyf             cstackCOMRAM 000006
?___rem_pio2f               cstackBANK0  000084
?___sindf                   cstackBANK0  000084
?___wmul                    cstackCOMRAM 000006
?___xxtofl                  cstackCOMRAM 000006
?_abs                       cstackCOMRAM 00000C
?_fabsf                     cstackCOMRAM 000006
?_floorf                    cstackCOMRAM 000046
?_labs                      cstackCOMRAM 000006
?_printf                    cstackBANK0  0000D4
?_read_prec_or_width        cstackCOMRAM 00000C
?_sinf                      cstackBANK0  0000AC
?_sprintf                   cstackBANK0  0000D4
?_strlen                    cstackCOMRAM 000006
?_strncmp                   cstackCOMRAM 000006
?_vfprintf                  cstackBANK0  0000CC
ISR@i                       bssBANK0     0000FB
ISR@temp                    cstackCOMRAM 000005
LCD_Send@data               cstackCOMRAM 000006
LCD_ShowString@i            cstackCOMRAM 00000C
LCD_ShowString@lineNum      cstackCOMRAM 00000B
LCD_ShowString@textData     cstackCOMRAM 000007
LED1_Control@state          cstackCOMRAM 000006
LED2_Control@state          cstackCOMRAM 000006
LED3_Control@state          cstackCOMRAM 000006
LED4_Control@state          cstackCOMRAM 000006
LED5_Control@state          cstackCOMRAM 000006
LED6_Control@state          cstackCOMRAM 000006
SPI_write@LSB               cstackCOMRAM 000007
SPI_write@MSB               cstackCOMRAM 000006
SPI_write@data              cstackCOMRAM 000008
_ADCON0bits                 (abs)        000FC2
_ADCON2bits                 (abs)        000FC0
_ADRESH                     (abs)        000FC4
_ADRESL                     (abs)        000FC3
_ANSELAbits                 (abs)        000F38
_ANSELBbits                 (abs)        000F39
_ANSELC                     (abs)        000F3A
_ANSELCbits                 (abs)        000F3A
_ANSELDbits                 (abs)        000F3B
_ANSELEbits                 (abs)        000F3C
_CCP1CONbits                (abs)        000FBD
_CCPR1L                     (abs)        000FBE
_CCPTMRS0bits               (abs)        000F49
_GIE                        (abs)        007F97
_GODONE                     (abs)        007E11
_GPIOIE                     bssBANK0     0000FE
_ISR                        intcode      000008
_LATAbits                   (abs)        000F89
_LATBbits                   (abs)        000F8A
_LATCbits                   (abs)        000F8B
_LATDbits                   (abs)        000F8C
_LCD_Clear                  text52       004AF6
_LCD_Init                   text53       0040D2
_LCD_Send                   text54       004BDE
_LCD_ShowString             text51       0044C4
_LED1_Control               text8        004C52
_LED2_Control               text7        004C44
_LED3_Control               text6        004C36
_LED4_Control               text5        004C28
_LED5_Control               text4        004C1A
_LED6_Control               text9        004C60
_PEIE                       (abs)        007F96
_PORTAbits                  (abs)        000F80
_PORTCbits                  (abs)        000F82
_PR2                        (abs)        000FBB
_RC1IE                      (abs)        007CED
_RC1IF                      (abs)        007CF5
_RCREG1                     (abs)        000FAE
_RCSTA1bits                 (abs)        000FAB
_SPBRG1                     (abs)        000FAF
_SPI_write                  text17       004A7E
_SSP1BUF                    (abs)        000FC9
_SSP1CON1bits               (abs)        000FC6
_SSP1IF                     (abs)        007CF3
_SSP1STATbits               (abs)        000FC7
_SSP2ADD                    (abs)        000F6E
_SSP2BUF                    (abs)        000F6F
_SSP2CON1bits               (abs)        000F6C
_SSP2CON2bits               (abs)        000F6B
_SSP2IF                     (abs)        007D27
_SSP2STATbits               (abs)        000F6D
_T1CONbits                  (abs)        000FCD
_TMR1                       (abs)        000FCE
_TMR1IE                     (abs)        007CE8
_TMR1IF                     (abs)        007CF0
_TMR1ON                     (abs)        007E68
_TMR2IE                     (abs)        007CE9
_TMR2IF                     (abs)        007CF1
_TMR2ON                     (abs)        007DD2
_TRISAbits                  (abs)        000F92
_TRISBbits                  (abs)        000F93
_TRISCbits                  (abs)        000F94
_TRISD                      (abs)        000F95
_TRISDbits                  (abs)        000F95
_TX1IF                      (abs)        007CF4
_TXREG1                     (abs)        000FAD
_TXSTA1bits                 (abs)        000FAC
_UARTIE                     bssBANK0     0000FD
__HRAM                      (abs)        000000
__H__absolute__             __absolute__ 000000
__Habs1                     abs1         000000
__Hbank0                    bank0        000000
__Hbank1                    bank1        000000
__Hbank10                   bank10       000000
__Hbank11                   bank11       000000
__Hbank12                   bank12       000000
__Hbank13                   bank13       000000
__Hbank14                   bank14       000000
__Hbank15                   bank15       000000
__Hbank2                    bank2        000000
__Hbank3                    bank3        000000
__Hbank4                    bank4        000000
__Hbank5                    bank5        000000
__Hbank6                    bank6        000000
__Hbank7                    bank7        000000
__Hbank8                    bank8        000000
__Hbank9                    bank9        000000
__Hbigbss                   bigbss       000000
__Hbigdata                  bigdata      000000
__Hbigram                   bigram       000000
__Hbigsfr                   bigsfr       000000
__Hbss                      bss          000000
__HbssBANK0                 bssBANK0     000000
__HbssBANK1                 bssBANK1     000000
__HbssCOMRAM                bssCOMRAM    000000
__Hcinit                    cinit        000000
__Hclrtext                  clrtext      000000
__Hcomram                   comram       000000
__Hconfig                   config       300004
__Hconst                    const        000000
__HcstackBANK0              cstackBANK0  000000
__HcstackBANK1              cstackBANK1  000000
__HcstackCOMRAM             cstackCOMRAM 000000
__Hdata                     data         000000
__HdataBANK1                dataBANK1    000000
__Heeprom_data              eeprom_data  000000
__Hfarbss                   farbss       000000
__Hfardata                  fardata      000000
__Hheap                     heap         000000
__Hibigdata                 ibigdata     000000
__Hidata                    idata        000000
__HidataBANK1               idataBANK1   000000
__Hidloc                    idloc        000000
__Hifardata                 ifardata     000000
__Hinit                     init         000110
__Hintcode                  intcode      00010C
__Hintcode_body             intcode_body 000000
__Hintcodelo                intcodelo    00010C
__Hintentry                 intentry     000000
__Hintret                   intret       000000
__Hintsave_regs             intsave_regs 000000
__Hirdata                   irdata       000000
__Hmediumconst              mediumconst  010000
__HnvFARRAM                 nvFARRAM     000000
__Hnvbit                    nvbit        000000
__Hnvrram                   nvrram       000000
__Hparam                    rparam       000000
__Hpowerup                  powerup      00010C
__Hram                      ram          000000
__Hramtop                   ramtop       001000
__Hrbit                     rbit         000000
__Hrbss                     rbss         000000
__Hrdata                    rdata        000000
__Hreset_vec                reset_vec    000004
__Hrparam                   rparam       000000
__Hsfr                      sfr          000000
__Hsmallconst               smallconst   000000
__Hspace_0                  (abs)        010000
__Hspace_1                  (abs)        0001D8
__Hspace_2                  (abs)        000000
__Hspace_4                  (abs)        600004
__Hstack                    stack        000000
__Hstruct                   struct       000000
__Htemp                     temp         00005B
__Htext                     text         000000
__Htext0                    text0        000000
__Htext1                    text1        000000
__Htext10                   text10       000000
__Htext11                   text11       000000
__Htext12                   text12       000000
__Htext13                   text13       000000
__Htext14                   text14       000000
__Htext15                   text15       000000
__Htext16                   text16       000000
__Htext17                   text17       000000
__Htext18                   text18       000000
__Htext19                   text19       000000
__Htext2                    text2        000000
__Htext20                   text20       000000
__Htext21                   text21       000000
__Htext22                   text22       000000
__Htext23                   text23       000000
__Htext24                   text24       000000
__Htext25                   text25       000000
__Htext26                   text26       000000
__Htext27                   text27       000000
__Htext28                   text28       000000
__Htext29                   text29       000000
__Htext3                    text3        000000
__Htext30                   text30       000000
__Htext31                   text31       000000
__Htext32                   text32       000000
__Htext33                   text33       000000
__Htext34                   text34       000000
__Htext35                   text35       000000
__Htext36                   text36       000000
__Htext37                   text37       000000
__Htext38                   text38       000000
__Htext39                   text39       000000
__Htext4                    text4        000000
__Htext40                   text40       000000
__Htext41                   text41       000000
__Htext42                   text42       000000
__Htext43                   text43       000000
__Htext44                   text44       000000
__Htext45                   text45       000000
__Htext46                   text46       000000
__Htext47                   text47       000000
__Htext48                   text48       000000
__Htext49                   text49       000000
__Htext5                    text5        000000
__Htext50                   text50       000000
__Htext51                   text51       000000
__Htext52                   text52       000000
__Htext53                   text53       000000
__Htext54                   text54       000000
__Htext6                    text6        000000
__Htext7                    text7        000000
__Htext8                    text8        000000
__Htext9                    text9        000000
__LRAM                      (abs)        000001
__L__absolute__             __absolute__ 000000
__Labs1                     abs1         000000
__Lbank0                    bank0        000000
__Lbank1                    bank1        000000
__Lbank10                   bank10       000000
__Lbank11                   bank11       000000
__Lbank12                   bank12       000000
__Lbank13                   bank13       000000
__Lbank14                   bank14       000000
__Lbank15                   bank15       000000
__Lbank2                    bank2        000000
__Lbank3                    bank3        000000
__Lbank4                    bank4        000000
__Lbank5                    bank5        000000
__Lbank6                    bank6        000000
__Lbank7                    bank7        000000
__Lbank8                    bank8        000000
__Lbank9                    bank9        000000
__Lbigbss                   bigbss       000000
__Lbigdata                  bigdata      000000
__Lbigram                   bigram       000000
__Lbigsfr                   bigsfr       000000
__Lbss                      bss          000000
__LbssBANK0                 bssBANK0     000000
__LbssBANK1                 bssBANK1     000000
__LbssCOMRAM                bssCOMRAM    000000
__Lcinit                    cinit        000000
__Lclrtext                  clrtext      000000
__Lcomram                   comram       000000
__Lconfig                   config       000000
__Lconst                    const        000000
__LcstackBANK0              cstackBANK0  000000
__LcstackBANK1              cstackBANK1  000000
__LcstackCOMRAM             cstackCOMRAM 000000
__Ldata                     data         000000
__LdataBANK1                dataBANK1    000000
__Leeprom_data              eeprom_data  000000
__Lfarbss                   farbss       000000
__Lfardata                  fardata      000000
__Lheap                     heap         000000
__Libigdata                 ibigdata     000000
__Lidata                    idata        000000
__LidataBANK1               idataBANK1   000000
__Lidloc                    idloc        000000
__Lifardata                 ifardata     000000
__Linit                     init         00010C
__Lintcode                  intcode      000008
__Lintcode_body             intcode_body 000000
__Lintcodelo                intcodelo    00010C
__Lintentry                 intentry     000000
__Lintret                   intret       000000
__Lintsave_regs             intsave_regs 000000
__Lirdata                   irdata       000000
__Lmediumconst              mediumconst  00FED6
__LnvFARRAM                 nvFARRAM     000000
__Lnvbit                    nvbit        000000
__Lnvrram                   nvrram       000000
__Lparam                    rparam       000000
__Lpowerup                  powerup      00010C
__Lram                      ram          000000
__Lramtop                   ramtop       001000
__Lrbit                     rbit         000000
__Lrbss                     rbss         000000
__Lrdata                    rdata        000000
__Lreset_vec                reset_vec    000000
__Lrparam                   rparam       000000
__Lsfr                      sfr          000000
__Lsmallconst               smallconst   000000
__Lspace_0                  (abs)        000000
__Lspace_1                  (abs)        000000
__Lspace_2                  (abs)        000000
__Lspace_4                  (abs)        000000
__Lstack                    stack        000000
__Lstruct                   struct       000000
__Ltemp                     temp         00005A
__Ltext                     text         000000
__Ltext0                    text0        000000
__Ltext1                    text1        000000
__Ltext10                   text10       000000
__Ltext11                   text11       000000
__Ltext12                   text12       000000
__Ltext13                   text13       000000
__Ltext14                   text14       000000
__Ltext15                   text15       000000
__Ltext16                   text16       000000
__Ltext17                   text17       000000
__Ltext18                   text18       000000
__Ltext19                   text19       000000
__Ltext2                    text2        000000
__Ltext20                   text20       000000
__Ltext21                   text21       000000
__Ltext22                   text22       000000
__Ltext23                   text23       000000
__Ltext24                   text24       000000
__Ltext25                   text25       000000
__Ltext26                   text26       000000
__Ltext27                   text27       000000
__Ltext28                   text28       000000
__Ltext29                   text29       000000
__Ltext3                    text3        000000
__Ltext30                   text30       000000
__Ltext31                   text31       000000
__Ltext32                   text32       000000
__Ltext33                   text33       000000
__Ltext34                   text34       000000
__Ltext35                   text35       000000
__Ltext36                   text36       000000
__Ltext37                   text37       000000
__Ltext38                   text38       000000
__Ltext39                   text39       000000
__Ltext4                    text4        000000
__Ltext40                   text40       000000
__Ltext41                   text41       000000
__Ltext42                   text42       000000
__Ltext43                   text43       000000
__Ltext44                   text44       000000
__Ltext45                   text45       000000
__Ltext46                   text46       000000
__Ltext47                   text47       000000
__Ltext48                   text48       000000
__Ltext49                   text49       000000
__Ltext5                    text5        000000
__Ltext50                   text50       000000
__Ltext51                   text51       000000
__Ltext52                   text52       000000
__Ltext53                   text53       000000
__Ltext54                   text54       000000
__Ltext6                    text6        000000
__Ltext7                    text7        000000
__Ltext8                    text8        000000
__Ltext9                    text9        000000
__S0                        (abs)        010000
__S1                        (abs)        0001D8
__S4                        (abs)        000000
__S5                        (abs)        000000
___awdiv                    text50       004400
___awdiv@counter            cstackCOMRAM 00000A
___awdiv@dividend           cstackCOMRAM 000006
___awdiv@divisor            cstackCOMRAM 000008
___awdiv@quotient           cstackCOMRAM 00000C
___awdiv@sign               cstackCOMRAM 00000B
___awmod                    text49       004576
___awmod@counter            cstackCOMRAM 00000A
___awmod@dividend           cstackCOMRAM 000006
___awmod@divisor            cstackCOMRAM 000008
___awmod@sign               cstackCOMRAM 00000B
___cosdf                    text15       003234
___cosdf$4162               cstackBANK0  00006C
___cosdf$4163               cstackBANK0  000070
___cosdf$4164               cstackBANK0  000074
___cosdf@r                  cstackBANK0  000068
___cosdf@w                  cstackBANK0  000078
___cosdf@x                  cstackBANK0  000064
___cosdf@z                  cstackBANK0  00007C
___fladd                    text37       0010C4
___fladd@a                  cstackCOMRAM 00004A
___fladd@aexp               cstackBANK0  000061
___fladd@b                  cstackCOMRAM 000046
___fladd@bexp               cstackBANK0  000062
___fladd@grs                cstackBANK0  000063
___fladd@signs              cstackBANK0  000060
___fldiv                    text42       0022D2
___fldiv@a                  cstackCOMRAM 000031
___fldiv@aexp               cstackCOMRAM 000045
___fldiv@b                  cstackCOMRAM 00002D
___fldiv@bexp               cstackCOMRAM 000044
___fldiv@grs                cstackCOMRAM 000040
___fldiv@new_exp            cstackCOMRAM 00003E
___fldiv@rem                cstackCOMRAM 000039
___fldiv@sign               cstackCOMRAM 00003D
___fleq                     text41       004626
___fleq@ff1                 cstackCOMRAM 000006
___fleq@ff2                 cstackCOMRAM 00000A
___flge                     text40       003DF2
___flge@ff1                 cstackCOMRAM 00002D
___flge@ff2                 cstackCOMRAM 000031
___flmul                    text39       001EA8
___flmul@a                  cstackCOMRAM 000018
___flmul@aexp               cstackCOMRAM 000021
___flmul@b                  cstackCOMRAM 000014
___flmul@bexp               cstackCOMRAM 000026
___flmul@grs                cstackCOMRAM 000022
___flmul@prod               cstackCOMRAM 000027
___flmul@sign               cstackCOMRAM 000020
___flmul@temp               cstackCOMRAM 00002B
___flneg                    text38       004ABC
___flneg@f1                 cstackBANK0  000080
___flsub                    text36       004972
___flsub@a                  cstackBANK0  000068
___flsub@b                  cstackBANK0  000064
___fltol                    text35       003CEA
___fltol@exp1               cstackCOMRAM 000053
___fltol@f1                 cstackBANK0  000064
___fltol@sign1              cstackCOMRAM 000052
___fpclassifyf              text34       003EF6
___fpclassifyf@F465         bssBANK0     0000F7
___fpclassifyf@e            cstackCOMRAM 00000E
___fpclassifyf@u            cstackCOMRAM 000010
___fpclassifyf@x            cstackCOMRAM 000006
___heap_hi                  (abs)        000000
___heap_lo                  (abs)        000000
___inthi_sp                 stack        000000
___intlo_sp                 stack        000000
___param_bank               (abs)        000000
___rem_pio2f                text13       001A18
___rem_pio2f$4165           cstackBANK0  00009C
___rem_pio2f@F532           bssBANK0     0000EF
___rem_pio2f@fn             cstackBANK0  0000A0
___rem_pio2f@ix             cstackBANK0  000092
___rem_pio2f@n              cstackBANK0  0000A8
___rem_pio2f@sign           cstackBANK0  000096
___rem_pio2f@t              cstackBANK0  0000A4
___rem_pio2f@ty             cstackBANK0  00008E
___rem_pio2f@u              cstackBANK0  000098
___rem_pio2f@x              cstackBANK0  000084
___rem_pio2f@y              cstackBANK0  000088
___rparam_used              (abs)        000001
___sindf                    text12       002BE6
___sindf$4166               cstackBANK0  000090
___sindf$4167               cstackBANK0  000094
___sindf$4168               cstackBANK0  000098
___sindf@r                  cstackBANK0  000088
___sindf@s                  cstackBANK0  00009C
___sindf@w                  cstackBANK0  00008C
___sindf@x                  cstackBANK0  000084
___sindf@z                  cstackBANK0  0000A0
___sp                       stack        000000
___wmul                     text28       004BB8
___wmul@multiplicand        cstackCOMRAM 000008
___wmul@multiplier          cstackCOMRAM 000006
___wmul@product             cstackCOMRAM 00000A
___xxtofl                   text19       003432
___xxtofl@arg               cstackCOMRAM 000010
___xxtofl@exp               cstackCOMRAM 00000F
___xxtofl@sign              cstackCOMRAM 00000E
___xxtofl@val               cstackCOMRAM 000006
__accesstop                 (abs)        000060
__activetblptr              (abs)        000002
__end_of_C0                 mediumconst  00FF0B
__end_of_C1                 mediumconst  00FF07
__end_of_C2                 mediumconst  00FF03
__end_of_C3                 mediumconst  00FEFF
__end_of_ISR                intcode      00010C
__end_of_LCD_Clear          text52       004B2C
__end_of_LCD_Init           text53       0041AC
__end_of_LCD_Send           text54       004C04
__end_of_LCD_ShowString     text51       004576
__end_of_LED1_Control       text8        004C60
__end_of_LED2_Control       text7        004C52
__end_of_LED3_Control       text6        004C44
__end_of_LED4_Control       text5        004C36
__end_of_LED5_Control       text4        004C28
__end_of_LED6_Control       text9        004C6E
__end_of_S1                 mediumconst  00FEE7
__end_of_S2                 mediumconst  00FEE3
__end_of_S3                 mediumconst  00FEDF
__end_of_S4                 mediumconst  00FEDB
__end_of_SPI_write          text17       004ABC
__end_of___awdiv            text50       0044C4
__end_of___awmod            text49       004626
__end_of___cosdf            text15       003432
__end_of___fladd            text37       001586
__end_of___fldiv            text42       00266C
__end_of___fleq             text41       0046D0
__end_of___flge             text40       003EF6
__end_of___flmul            text39       0022D2
__end_of___flneg            text38       004AF6
__end_of___flsub            text36       0049BA
__end_of___fltol            text35       003DF2
__end_of___fpclassifyf      text34       003FF4
__end_of___rem_pio2f        text13       001EA8
__end_of___sindf            text12       002E18
__end_of___wmul             text28       004BDE
__end_of___xxtofl           text19       0035E6
__end_of__initialization    cinit        004874
__end_of_abs                text48       004A7E
__end_of_dtoa               text43       00377A
__end_of_efgtoa             text29       000B0A
__end_of_fabsf              text14       004B60
__end_of_floorf             text33       00302E
__end_of_fputc              text46       004276
__end_of_fputs              text45       0049FE
__end_of_half               mediumconst  00FEF7
__end_of_invpio2            mediumconst  00FEF3
__end_of_labs               text32       0047E0
__end_of_main               text0        002BE6
__end_of_memcpy             text31       004972
__end_of_moveDisplay        text20       003CEA
__end_of_pad                text44       00477A
__end_of_pio2_1             mediumconst  00FEEF
__end_of_pio2_1t            mediumconst  00FEEB
__end_of_printf             text16       004BB8
__end_of_putch              text47       004C1A
__end_of_read_prec_or_width text27       00433C
__end_of_runADC             text18       003234
__end_of_runDAC             text10       002968
__end_of_runGPIO            text3        003A82
__end_of_runPWM             text2        003BC8
__end_of_runUART            text1        004400
__end_of_s1pio2             mediumconst  00FF1B
__end_of_s2pio2             mediumconst  00FF17
__end_of_s3pio2             mediumconst  00FF13
__end_of_s4pio2             mediumconst  00FF0F
__end_of_sinf               text11       0010C4
__end_of_sprintf            text21       0048D2
__end_of_stoa               text25       00390C
__end_of_strcpy             text30       004A3E
__end_of_strlen             text26       004922
__end_of_strncmp            text24       0040D2
__end_of_toint              mediumconst  00FEFB
__end_of_vfpfcnvrt          text23       001A18
__end_of_vfprintf           text22       004832
__initialization            cinit        004832
__mediumconst               mediumconst  00FED6
__pbssBANK0                 bssBANK0     0000EF
__pbssBANK1                 bssBANK1     000100
__pbssCOMRAM                bssCOMRAM    000055
__pcinit                    cinit        004832
__pcstackBANK0              cstackBANK0  000060
__pcstackBANK1              cstackBANK1  000170
__pcstackCOMRAM             cstackCOMRAM 000001
__pdataBANK1                dataBANK1    0001A9
__pidataBANK1               idataBANK1   004B60
__pintcode                  intcode      000008
__pmediumconst              mediumconst  00FED6
__ptext0                    text0        002968
__ptext1                    text1        00433C
__ptext10                   text10       00266C
__ptext11                   text11       000B0A
__ptext12                   text12       002BE6
__ptext13                   text13       001A18
__ptext14                   text14       004B2C
__ptext15                   text15       003234
__ptext16                   text16       004B90
__ptext17                   text17       004A7E
__ptext18                   text18       00302E
__ptext19                   text19       003432
__ptext2                    text2        003A82
__ptext20                   text20       003BC8
__ptext21                   text21       004882
__ptext22                   text22       0047E0
__ptext23                   text23       001586
__ptext24                   text24       003FF4
__ptext25                   text25       00377A
__ptext26                   text26       0048D2
__ptext27                   text27       004276
__ptext28                   text28       004BB8
__ptext29                   text29       000110
__ptext3                    text3        00390C
__ptext30                   text30       0049FE
__ptext31                   text31       004922
__ptext32                   text32       00477A
__ptext33                   text33       002E18
__ptext34                   text34       003EF6
__ptext35                   text35       003CEA
__ptext36                   text36       004972
__ptext37                   text37       0010C4
__ptext38                   text38       004ABC
__ptext39                   text39       001EA8
__ptext4                    text4        004C1A
__ptext40                   text40       003DF2
__ptext41                   text41       004626
__ptext42                   text42       0022D2
__ptext43                   text43       0035E6
__ptext44                   text44       0046D0
__ptext45                   text45       0049BA
__ptext46                   text46       0041AC
__ptext47                   text47       004C04
__ptext48                   text48       004A3E
__ptext49                   text49       004576
__ptext5                    text5        004C28
__ptext50                   text50       004400
__ptext51                   text51       0044C4
__ptext52                   text52       004AF6
__ptext53                   text53       0040D2
__ptext54                   text54       004BDE
__ptext6                    text6        004C36
__ptext7                    text7        004C44
__ptext8                    text8        004C52
__ptext9                    text9        004C60
__ramtop                    ramtop       001000
__smallconst                smallconst   000000
_abs                        text48       004A3E
_dbuf                       bssBANK1     000115
_dtoa                       text43       0035E6
_dtoa$3664                  cstackCOMRAM 000026
_efgtoa                     text29       000110
_efgtoa$3695                cstackBANK0  000093
_fabsf                      text14       004B2C
_flags                      bssCOMRAM    000059
_floorf                     text33       002E18
_fputc                      text46       0041AC
_fputs                      text45       0049BA
_gmail                      bssBANK1     000165
_keepStateGPIO              bssBANK0     0000FF
_labs                       text32       00477A
_main                       text0        002968
_memcpy                     text31       004922
_moveDisplay                text20       003BC8
_pad                        text44       0046D0
_prec                       bssCOMRAM    000057
_printf                     text16       004B90
_putch                      text47       004C04
_read_prec_or_width         text27       004276
_runADC                     text18       00302E
_runDAC                     text10       00266C
_runDAC$4158                cstackBANK0  0000DC
_runDAC$4159                cstackBANK0  0000E0
_runGPIO                    text3        00390C
_runPWM                     text2        003A82
_runUART                    text1        00433C
_sinf                       text11       000B0A
_sinf$3872                  cstackBANK0  0000BC
_sinf$3873                  cstackBANK0  0000C0
_sinf$4161                  cstackBANK0  0000C6
_sprintf                    text21       004882
_stoa                       text25       00377A
_strcpy                     text30       0049FE
_strlen                     text26       0048D2
_strncmp                    text24       003FF4
_vfpfcnvrt                  text23       001586
_vfpfcnvrt$3737             cstackBANK0  0000C3
_vfprintf                   text22       0047E0
_width                      bssCOMRAM    000055
abs@a                       cstackCOMRAM 00000C
btemp                       temp         00005A
dtoa@d                      cstackCOMRAM 000024
dtoa@fp                     cstackCOMRAM 000022
dtoa@i                      cstackCOMRAM 00002D
dtoa@p                      cstackCOMRAM 000028
dtoa@s                      cstackCOMRAM 00002C
dtoa@w                      cstackCOMRAM 00002A
efgtoa@c                    cstackBANK0  00008A
efgtoa@d                    cstackBANK0  000098
efgtoa@e                    cstackBANK0  00009C
efgtoa@f                    cstackBANK0  000086
efgtoa@fp                   cstackBANK0  000084
efgtoa@g                    cstackBANK0  0000AF
efgtoa@h                    cstackBANK0  0000A6
efgtoa@i                    cstackBANK0  0000A4
efgtoa@l                    cstackBANK0  0000AA
efgtoa@m                    cstackBANK0  00009A
efgtoa@mode                 cstackBANK0  000096
efgtoa@n                    cstackBANK0  0000B3
efgtoa@ne                   cstackBANK0  00008D
efgtoa@nmode                cstackBANK0  000097
efgtoa@ou                   cstackBANK0  0000A0
efgtoa@p                    cstackBANK0  00008F
efgtoa@pp                   cstackBANK0  000095
efgtoa@sign                 cstackBANK0  0000AE
efgtoa@t                    cstackBANK0  000091
efgtoa@u                    cstackBANK0  0000B5
efgtoa@w                    cstackBANK0  00009E
end_of_initialization       cinit        004874
fabsf@F465                  bssBANK1     000111
fabsf@u                     cstackCOMRAM 00000A
fabsf@x                     cstackCOMRAM 000006
floorf@F526                 bssBANK0     0000F3
floorf@e                    cstackBANK0  000064
floorf@m                    cstackBANK0  000060
floorf@u                    cstackBANK0  000066
floorf@x                    cstackCOMRAM 000046
fputc@c                     cstackCOMRAM 000007
fputc@fp                    cstackCOMRAM 000009
fputs@c                     cstackCOMRAM 000014
fputs@fp                    cstackCOMRAM 000012
fputs@i                     cstackCOMRAM 000015
fputs@s                     cstackCOMRAM 000010
int$flags                   temp         00005A
intlevel0                   text         000000
intlevel1                   text         000000
intlevel2                   text         000000
intlevel3                   text         000000
isa$std                     (abs)        000001
isa$xinst                   (abs)        000000
labs@a                      cstackCOMRAM 000006
main@menuI                  cstackBANK1  0001A8
main@setUpAgain             cstackBANK1  0001A7
memcpy@d                    cstackCOMRAM 00000D
memcpy@d1                   cstackCOMRAM 000006
memcpy@n                    cstackCOMRAM 00000A
memcpy@s                    cstackCOMRAM 00000F
memcpy@s1                   cstackCOMRAM 000008
memcpy@tmp                  cstackCOMRAM 00000C
moveDisplay@F6948           dataBANK1    0001A9
moveDisplay@menuI           cstackBANK1  0001A4
moveDisplay@menuItem1       cstackBANK1  000172
moveDisplay@menuItem2       cstackBANK1  000183
moveDisplay@menuItems       cstackBANK1  000194
moveDisplay@where           cstackBANK0  0000EE
pad@buf                     cstackCOMRAM 000019
pad@fp                      cstackCOMRAM 000017
pad@i                       cstackCOMRAM 00001E
pad@p                       cstackCOMRAM 00001B
pad@w                       cstackCOMRAM 000020
printf@ap                   cstackBANK0  0000D8
printf@fmt                  cstackBANK0  0000D4
putch@data                  cstackCOMRAM 000006
read_prec_or_width@ap       cstackCOMRAM 00000E
read_prec_or_width@c        cstackCOMRAM 000012
read_prec_or_width@fmt      cstackCOMRAM 00000C
read_prec_or_width@n        cstackCOMRAM 000013
runADC@keepState            cstackBANK1  00018F
runADC@pot1                 cstackBANK1  00018B
runADC@pot2                 cstackBANK1  00018D
runADC@text                 cstackBANK1  000172
runADC@voltage1             cstackBANK1  000183
runADC@voltage2             cstackBANK1  000187
runDAC@DACindex             cstackBANK0  0000E6
runDAC@keepState            cstackBANK0  0000E4
runDAC@selectModeDAC        cstackBANK0  0000E5
runGPIO@F6960               dataBANK1    0001C5
runGPIO@F6978               dataBANK1    0001B9
runGPIO@GPIOi               cstackCOMRAM 000024
runGPIO@GPIOreverse         cstackCOMRAM 000021
runGPIO@LEDControl          cstackCOMRAM 000015
runGPIO@j                   cstackCOMRAM 000025
runGPIO@numberOfStates      cstackCOMRAM 000022
runGPIO@states              cstackCOMRAM 000009
runPWM@keepState            cstackCOMRAM 000010
runPWM@multiplier           cstackCOMRAM 000011
runUART@keepState           cstackCOMRAM 000054
sinf@__xc8_float_word       cstackBANK0  0000B8
sinf@ix                     cstackBANK0  0000CE
sinf@n                      cstackBANK0  0000B4
sinf@sign                   cstackBANK0  0000C4
sinf@x                      cstackBANK0  0000AC
sinf@y                      cstackBANK0  0000CA
sprintf@ap                  cstackBANK0  0000E0
sprintf@f                   cstackBANK0  0000E2
sprintf@fmt                 cstackBANK0  0000D6
sprintf@s                   cstackBANK0  0000D4
stackhi                     (abs)        000000
stacklo                     (abs)        000000
start                       init         00010C
start_initialization        cinit        004832
stoa@F1179                  dataBANK1    0001D1
stoa@cp                     cstackCOMRAM 000020
stoa@fp                     cstackCOMRAM 000010
stoa@i                      cstackCOMRAM 00001C
stoa@l                      cstackCOMRAM 000024
stoa@nuls                   cstackCOMRAM 000015
stoa@p                      cstackCOMRAM 000022
stoa@s                      cstackCOMRAM 000012
stoa@w                      cstackCOMRAM 00001E
strcpy@d                    cstackCOMRAM 00000C
strcpy@dest                 cstackCOMRAM 000006
strcpy@s                    cstackCOMRAM 00000A
strcpy@src                  cstackCOMRAM 000008
strlen@a                    cstackCOMRAM 000008
strlen@s                    cstackCOMRAM 000006
strncmp@_l                  cstackCOMRAM 000006
strncmp@_r                  cstackCOMRAM 000008
strncmp@l                   cstackCOMRAM 00000D
strncmp@n                   cstackCOMRAM 00000A
strncmp@r                   cstackCOMRAM 00000F
ttemp5                      temp         00005B
ttemp6                      temp         00005E
ttemp7                      temp         000062
vfpfcnvrt@ap                cstackBANK0  0000BD
vfpfcnvrt@c                 cstackBANK0  0000C9
vfpfcnvrt@convarg           cstackBANK0  0000C5
vfpfcnvrt@cp                cstackBANK0  0000CA
vfpfcnvrt@done              cstackBANK0  0000C1
vfpfcnvrt@fmt               cstackBANK0  0000BB
vfpfcnvrt@fp                cstackBANK0  0000B9
vfprintf@ap                 cstackBANK0  0000D0
vfprintf@cfmt               cstackBANK0  0000D2
vfprintf@fmt                cstackBANK0  0000CE
vfprintf@fp                 cstackBANK0  0000CC
wtemp8                      temp         00005B


MODULE INFORMATION

Module		Function		Class		Link	Load	Size
C:\Program Files\Microchip\xc8\v2.41\pic\sources\c99\common\__fpclassifyf.c
		___fpclassifyf 		CODE           	3EF6	0000	254

C:\Program Files\Microchip\xc8\v2.41\pic\sources\c99\common\__fpclassifyf.c estimated size: 254

C:\Program Files\Microchip\xc8\v2.41\pic\sources\c99\common\awmod.c
		___awmod       		CODE           	4576	0000	176

C:\Program Files\Microchip\xc8\v2.41\pic\sources\c99\common\awmod.c estimated size: 176

C:\Program Files\Microchip\xc8\v2.41\pic\sources\c99\common\floorf.c
		_floorf        		CODE           	2E18	0000	534

C:\Program Files\Microchip\xc8\v2.41\pic\sources\c99\common\floorf.c estimated size: 534

C:\Program Files\Microchip\xc8\v2.41\pic\sources\c99\common\flge.c
		___flge        		CODE           	3DF2	0000	260

C:\Program Files\Microchip\xc8\v2.41\pic\sources\c99\common\flge.c estimated size: 260

UART.c
		_runUART       		CODE           	433C	0000	196

UART.c estimated size: 196

DAC.c
		_runDAC        		CODE           	266C	0000	764
		_SPI_write     		CODE           	4A7E	0000	62

DAC.c estimated size: 826

C:\Program Files\Microchip\xc8\v2.41\pic\sources\c99\common\fltol.c
		___fltol       		CODE           	3CEA	0000	264

C:\Program Files\Microchip\xc8\v2.41\pic\sources\c99\common\fltol.c estimated size: 264

C:\Program Files\Microchip\xc8\v2.41\pic\sources\c99\common\xxtofl.c
		___xxtofl      		CODE           	3432	0000	436

C:\Program Files\Microchip\xc8\v2.41\pic\sources\c99\common\xxtofl.c estimated size: 436

C:\Program Files\Microchip\xc8\v2.41\pic\sources\c99\common\strlen.c
		_strlen        		CODE           	48D2	0000	80

C:\Program Files\Microchip\xc8\v2.41\pic\sources\c99\common\strlen.c estimated size: 80

C:\Program Files\Microchip\xc8\v2.41\pic\sources\c99\common\nf_fputc.c
		_fputc         		CODE           	41AC	0000	202

C:\Program Files\Microchip\xc8\v2.41\pic\sources\c99\common\nf_fputc.c estimated size: 202

C:\Program Files\Microchip\xc8\v2.41\pic\sources\c99\common\strcpy.c
		_strcpy        		CODE           	49FE	0000	64

C:\Program Files\Microchip\xc8\v2.41\pic\sources\c99\common\strcpy.c estimated size: 64

C:\Program Files\Microchip\xc8\v2.41\pic\sources\c99\common\nf_sprintf.c
		_sprintf       		CODE           	4882	0000	80

C:\Program Files\Microchip\xc8\v2.41\pic\sources\c99\common\nf_sprintf.c estimated size: 80

C:\Program Files\Microchip\xc8\v2.41\pic\sources\c99\common\sprcadd.c
		___flsub       		CODE           	4972	0000	72
		___fladd       		CODE           	10C4	0000	1218

C:\Program Files\Microchip\xc8\v2.41\pic\sources\c99\common\sprcadd.c estimated size: 1290

C:\Program Files\Microchip\xc8\v2.41\pic\sources\c99\common\awdiv.c
		___awdiv       		CODE           	4400	0000	196

C:\Program Files\Microchip\xc8\v2.41\pic\sources\c99\common\awdiv.c estimated size: 196

C:\Program Files\Microchip\xc8\v2.41\pic\sources\c99\common\abs.c
		_abs           		CODE           	4A3E	0000	64

C:\Program Files\Microchip\xc8\v2.41\pic\sources\c99\common\abs.c estimated size: 64

C:\Program Files\Microchip\xc8\v2.41\pic\sources\c99\common\doprnt.c
		_read_prec_or_width		CODE           	4276	0000	198
		_vfpfcnvrt     		CODE           	1586	0000	1170
		_efgtoa        		CODE           	0110	0000	2554
		_pad           		CODE           	46D0	0000	170
		_dtoa          		CODE           	35E6	0000	404
		_vfprintf      		CODE           	47E0	0000	82
		_stoa          		CODE           	377A	0000	402

C:\Program Files\Microchip\xc8\v2.41\pic\sources\c99\common\doprnt.c estimated size: 4980

putch.c
		_putch         		CODE           	4C04	0000	22

putch.c estimated size: 22

C:\Program Files\Microchip\xc8\v2.41\pic\sources\c99\common\flneg.c
		___flneg       		CODE           	4ABC	0000	58

C:\Program Files\Microchip\xc8\v2.41\pic\sources\c99\common\flneg.c estimated size: 58

C:\Program Files\Microchip\xc8\v2.41\pic\sources\c99\common\fleq.c
		___fleq        		CODE           	4626	0000	170

C:\Program Files\Microchip\xc8\v2.41\pic\sources\c99\common\fleq.c estimated size: 170

PWM.c
		_runPWM        		CODE           	3A82	0000	326

PWM.c estimated size: 326

interrupt.c
		_ISR           		CODE           	0008	0000	260

interrupt.c estimated size: 260

shared
		_S1            		MEDIUMCONST    	0000	0000	0
		_S2            		MEDIUMCONST    	0000	0000	0
		_S3            		MEDIUMCONST    	0000	0000	0
		_S4            		MEDIUMCONST    	0000	0000	0
		_s1pio2        		MEDIUMCONST    	0000	0000	0
		__initialization		CODE           	4832	0000	66
		_s2pio2        		MEDIUMCONST    	0000	0000	0
		_s3pio2        		MEDIUMCONST    	0000	0000	0
		_s4pio2        		MEDIUMCONST    	0000	0000	0
		_pio2_1t       		MEDIUMCONST    	0000	0000	0
		_toint         		MEDIUMCONST    	0000	0000	0
		_half          		MEDIUMCONST    	0000	0000	0
		_pio2_1        		MEDIUMCONST    	0000	0000	0
		_C0            		MEDIUMCONST    	0000	0000	0
		_C1            		MEDIUMCONST    	0000	0000	0
		_C2            		MEDIUMCONST    	0000	0000	0
		_C3            		MEDIUMCONST    	0000	0000	0
		_invpio2       		MEDIUMCONST    	0000	0000	0

shared estimated size: 66

C:\Program Files\Microchip\xc8\v2.41\pic\sources\c99\common\sinf.c
		_sinf          		CODE           	0B0A	0000	1466

C:\Program Files\Microchip\xc8\v2.41\pic\sources\c99\common\sinf.c estimated size: 1466

ADC.c
		_runADC        		CODE           	302E	0000	518

ADC.c estimated size: 518

C:\Program Files\Microchip\xc8\v2.41\pic\sources\c99\common\memcpy.c
		_memcpy        		CODE           	4922	0000	80

C:\Program Files\Microchip\xc8\v2.41\pic\sources\c99\common\memcpy.c estimated size: 80

GPIO.c
		_LED1_Control  		CODE           	4C52	0000	14
		_LED2_Control  		CODE           	4C44	0000	14
		_LED3_Control  		CODE           	4C36	0000	14
		_LED4_Control  		CODE           	4C28	0000	14
		_LED5_Control  		CODE           	4C1A	0000	14
		_LED6_Control  		CODE           	4C60	0000	14
		_runGPIO       		CODE           	390C	0000	374

GPIO.c estimated size: 458

C:\Program Files\Microchip\xc8\v2.41\pic\sources\c99\common\fabsf.c
		_fabsf         		CODE           	4B2C	0000	52

C:\Program Files\Microchip\xc8\v2.41\pic\sources\c99\common\fabsf.c estimated size: 52

C:\Program Files\Microchip\xc8\v2.41\pic\sources\c99\common\__rem_pio2f.c
		___rem_pio2f   		CODE           	1A18	0000	1168

C:\Program Files\Microchip\xc8\v2.41\pic\sources\c99\common\__rem_pio2f.c estimated size: 1168

menu.c
		_moveDisplay   		CODE           	3BC8	0000	290

menu.c estimated size: 290

lcd.c
		_LCD_Init      		CODE           	40D2	0000	218
		_LCD_Send      		CODE           	4BDE	0000	38
		_LCD_ShowString		CODE           	44C4	0000	178
		_LCD_Clear     		CODE           	4AF6	0000	54

lcd.c estimated size: 488

C:\Program Files\Microchip\xc8\v2.41\pic\sources\c99\common\Umul16.c
		___wmul        		CODE           	4BB8	0000	38

C:\Program Files\Microchip\xc8\v2.41\pic\sources\c99\common\Umul16.c estimated size: 38

C:\Program Files\Microchip\xc8\v2.41\pic\sources\c99\common\nf_fputs.c
		_fputs         		CODE           	49BA	0000	68

C:\Program Files\Microchip\xc8\v2.41\pic\sources\c99\common\nf_fputs.c estimated size: 68

C:\Program Files\Microchip\xc8\v2.41\pic\sources\c99\common\__cosdf.c
		___cosdf       		CODE           	3234	0000	510

C:\Program Files\Microchip\xc8\v2.41\pic\sources\c99\common\__cosdf.c estimated size: 510

C:\Program Files\Microchip\xc8\v2.41\pic\sources\c99\common\labs.c
		_labs          		CODE           	477A	0000	102

C:\Program Files\Microchip\xc8\v2.41\pic\sources\c99\common\labs.c estimated size: 102

main.c
		_main          		CODE           	2968	0000	638

main.c estimated size: 638

C:\Program Files\Microchip\xc8\v2.41\pic\sources\c99\common\strncmp.c
		_strncmp       		CODE           	3FF4	0000	222

C:\Program Files\Microchip\xc8\v2.41\pic\sources\c99\common\strncmp.c estimated size: 222

C:\Program Files\Microchip\xc8\v2.41\pic\sources\c99\common\sprcmul.c
		___flmul       		CODE           	1EA8	0000	1066

C:\Program Files\Microchip\xc8\v2.41\pic\sources\c99\common\sprcmul.c estimated size: 1066

C:\Program Files\Microchip\xc8\v2.41\pic\sources\c99\common\printf.c
		_printf        		CODE           	4B90	0000	40

C:\Program Files\Microchip\xc8\v2.41\pic\sources\c99\common\printf.c estimated size: 40

C:\Program Files\Microchip\xc8\v2.41\pic\sources\c99\common\__sindf.c
		___sindf       		CODE           	2BE6	0000	562

C:\Program Files\Microchip\xc8\v2.41\pic\sources\c99\common\__sindf.c estimated size: 562

C:\Program Files\Microchip\xc8\v2.41\pic\sources\c99\common\sprcdiv.c
		___fldiv       		CODE           	22D2	0000	922

C:\Program Files\Microchip\xc8\v2.41\pic\sources\c99\common\sprcdiv.c estimated size: 922

