Microchip MPLAB XC8 Compiler V2.46

Linker command line:

-W-3 \
  --edf=C:\Program Files\Microchip\xc8\v2.46\pic\dat\20240104201356_en.msgs \
  -cn -h+dist/default/production\Strasak_David_219502.X.production.sym \
  --cmf=dist/default/production\Strasak_David_219502.X.production.cmf -z \
  -Q18F46K22 -oC:\Users\David\AppData\Local\Temp\xcBsh3s.1\driver_tmp_3.o \
  --defsym=__MPLAB_BUILD=1 --fixupoverflow=error \
  -Mdist/default/production/Strasak_David_219502.X.production.map \
  --md=C:\Users\David\AppData\Local\Temp\xcBsh3s.1\driver_tmp_0.dat -E1 \
  -ver=XC8 Compiler --acfsm=1493 -ACODE=00h-0FFFFh -ACONST=00h-0FFFFh \
  -ASMALLCONST=01000h-010FFhx240 -AMEDIUMCONST=01000h-0FFFFh \
  -ACOMRAM=01h-05Fh -AABS1=00h-0F37h -ABIGRAM=01h-0F37h \
  -ARAM=060h-0FFh,0100h-01FFhx14,0F00h-0F37h -ABANK0=060h-0FFh \
  -ABANK1=0100h-01FFh -ABANK2=0200h-02FFh -ABANK3=0300h-03FFh \
  -ABANK4=0400h-04FFh -ABANK5=0500h-05FFh -ABANK6=0600h-06FFh \
  -ABANK7=0700h-07FFh -ABANK8=0800h-08FFh -ABANK9=0900h-09FFh \
  -ABANK10=0A00h-0AFFh -ABANK11=0B00h-0BFFh -ABANK12=0C00h-0CFFh \
  -ABANK13=0D00h-0DFFh -ABANK14=0E00h-0EFFh -ABANK15=0F00h-0F37h \
  -ASFR=0F38h-0F5Fh,0F60h-0FFFh -ABIGSFR=0F38h-0FFFh \
  -ACONFIG=0300000h-030000Dh -AIDLOC=0200000h-0200007h \
  -AEEDATA=0F00000h-0F003FFh -peeprom_data=EEDATA \
  -preset_vec=00h,intcode=8h,intcodelo,powerup,init -pramtop=01000h \
  -psmallconst=SMALLCONST -pmediumconst=MEDIUMCONST -pconst=CONST \
  -AFARRAM=00h-00h \
  -prdata=COMRAM,nvrram=COMRAM,nvbit=COMRAM,rbss=COMRAM,rbit=COMRAM \
  -pfarbss=FARRAM,fardata=FARRAM,nvFARRAM=FARRAM \
  -pintsave_regs=BIGRAM,bigbss=BIGRAM,bigdata=BIGRAM -pbss=RAM \
  -pidata=CODE,irdata=CODE,ibigdata=CODE,ifardata=CODE -prparam=COMRAM \
  C:\Users\David\AppData\Local\Temp\xcBsh3s.1\driver_tmp_14.o \
  dist/default/production\Strasak_David_219502.X.production.o 

Object code version is 3.11

Machine type is 18F46K22



                Name                               Link     Load   Length Selector   Space Scale
C:\Users\David\AppData\Local\Temp\xcBsh3s.1\driver_tmp_14.o
                config                           300000   300000        4        0       4
                init                                 8E       8E        4        4       0
                reset_vec                             0        0        4        0       0
dist/default/production\Strasak_David_219502.X.production.o
                intcode                               8        8       86        4       0
                config                           300000   300000        4        0       4
                temp                                 5D       5D        1        1       1
                smallconst                         1000     1000       E6      800       0
                text50                             541A     541A       26      873       0
                text49                             4AE8     4AE8       DA      873       0
                text48                             5356     5356       36      873       0
                text47                             4D50     4D50       B2      873       0
                text46                             4C8C     4C8C       C4      873       0
                text45                             4E02     4E02       B0      873       0
                text44                             53C0     53C0       34      873       0
                text43                             547C     547C       16      873       0
                text42                             4BC2     4BC2       CA      873       0
                text41                             521E     521E       44      873       0
                text40                             5002     5002       A2      873       0
                text39                             43EC     43EC      17C      873       0
                text38                             3052     3052      39A      873       0
                text37                             4EB2     4EB2       AA      873       0
                text36                             48E6     48E6      104      873       0
                text35                             24A2     24A2      42A      873       0
                text34                             531C     531C       3A      873       0
                text33                             1FE2     1FE2      4C0      873       0
                text32                             51D8     51D8       46      873       0
                text31                             47DE     47DE      108      873       0
                text30                             49EA     49EA       FE      873       0
                text29                             3A86     3A86      212      873       0
                text28                             50A4     50A4       56      873       0
                text27                             50FA     50FA       50      873       0
                text26                             52E2     52E2       3A      873       0
                text25                             10E6     10E6      9F2      873       0
                text24                             53F4     53F4       26      873       0
                text23                             4F5C     4F5C       A6      873       0
                text22                             4246     4246      1A6      873       0
                text21                             28CC     28CC      3C4      873       0
                text20                             5192     5192       46      873       0
                text19                             5262     5262       42      873       0
                text18                             46CC     46CC      112      873       0
                text17                             4092     4092      1B4      873       0
                text16                             3E96     3E96      1FC      873       0
                text15                             52A4     52A4       3E      873       0
                text14                             5460     5460       1C      873       0
                text13                             3C98     3C98      1FE      873       0
                text12                             538C     538C       34      873       0
                text11                             2C90     2C90      3C2      873       0
                text10                             3636     3636      232      873       0
                text9                              1AD8     1AD8      50A      873       0
                text8                              33EC     33EC      24A      873       0
                text7                              54D8     54D8        E      873       0
                text6                              54CA     54CA        E      873       0
                text5                              54BC     54BC        E      873       0
                text4                              54AE     54AE        E      873       0
                text3                              54A0     54A0        E      873       0
                text2                              5492     5492        E      873       0
                text1                              4568     4568      164      873       0
                text0                              3868     3868      21E      873       0
                cstackCOMRAM                          1        1       5A        1       1
                cstackBANK0                          60       60       9C       60       1
                cstackBANK1                         172      172       2D      100       1
                dataBANK1                           19F      19F       20      100       1
                bssBANK1                            100      100       72      100       1
                bssBANK0                             FC       FC        4       60       1
                bssCOMRAM                            5B       5B        2        1       1
                cinit                              514A     514A       48      873       0
                idataBANK1                         5440     5440       20      873       0

TOTAL           Name                               Link     Load   Length     Space
        CLASS   CODE           
                intcode                               8        8       86         0
                init                                 8E       8E        4         0
                reset_vec                             0        0        4         0
                text50                             541A     541A       26         0
                text49                             4AE8     4AE8       DA         0
                text48                             5356     5356       36         0
                text47                             4D50     4D50       B2         0
                text46                             4C8C     4C8C       C4         0
                text45                             4E02     4E02       B0         0
                text44                             53C0     53C0       34         0
                text43                             547C     547C       16         0
                text42                             4BC2     4BC2       CA         0
                text41                             521E     521E       44         0
                text40                             5002     5002       A2         0
                text39                             43EC     43EC      17C         0
                text38                             3052     3052      39A         0
                text37                             4EB2     4EB2       AA         0
                text36                             48E6     48E6      104         0
                text35                             24A2     24A2      42A         0
                text34                             531C     531C       3A         0
                text33                             1FE2     1FE2      4C0         0
                text32                             51D8     51D8       46         0
                text31                             47DE     47DE      108         0
                text30                             49EA     49EA       FE         0
                text29                             3A86     3A86      212         0
                text28                             50A4     50A4       56         0
                text27                             50FA     50FA       50         0
                text26                             52E2     52E2       3A         0
                text25                             10E6     10E6      9F2         0
                text24                             53F4     53F4       26         0
                text23                             4F5C     4F5C       A6         0
                text22                             4246     4246      1A6         0
                text21                             28CC     28CC      3C4         0
                text20                             5192     5192       46         0
                text19                             5262     5262       42         0
                text18                             46CC     46CC      112         0
                text17                             4092     4092      1B4         0
                text16                             3E96     3E96      1FC         0
                text15                             52A4     52A4       3E         0
                text14                             5460     5460       1C         0
                text13                             3C98     3C98      1FE         0
                text12                             538C     538C       34         0
                text11                             2C90     2C90      3C2         0
                text10                             3636     3636      232         0
                text9                              1AD8     1AD8      50A         0
                text8                              33EC     33EC      24A         0
                text7                              54D8     54D8        E         0
                text6                              54CA     54CA        E         0
                text5                              54BC     54BC        E         0
                text4                              54AE     54AE        E         0
                text3                              54A0     54A0        E         0
                text2                              5492     5492        E         0
                text1                              4568     4568      164         0
                text0                              3868     3868      21E         0
                cinit                              514A     514A       48         0
                idataBANK1                         5440     5440       20         0

        CLASS   CONST          

        CLASS   SMALLCONST     
                smallconst                         1000     1000       E6         0

        CLASS   MEDIUMCONST    

        CLASS   COMRAM         
                temp                                 5D       5D        1         1
                cstackCOMRAM                          1        1       5A         1
                bssCOMRAM                            5B       5B        2         1

        CLASS   ABS1           

        CLASS   BIGRAM         

        CLASS   RAM            

        CLASS   BANK0          
                cstackBANK0                          60       60       9C         1
                bssBANK0                             FC       FC        4         1

        CLASS   BANK1          
                cstackBANK1                         172      172       2D         1
                dataBANK1                           19F      19F       20         1
                bssBANK1                            100      100       72         1

        CLASS   BANK2          

        CLASS   BANK3          

        CLASS   BANK4          

        CLASS   BANK5          

        CLASS   BANK6          

        CLASS   BANK7          

        CLASS   BANK8          

        CLASS   BANK9          

        CLASS   BANK10         

        CLASS   BANK11         

        CLASS   BANK12         

        CLASS   BANK13         

        CLASS   BANK14         

        CLASS   BANK15         

        CLASS   SFR            

        CLASS   BIGSFR         

        CLASS   CONFIG         
                config                           300000   300000        4         4

        CLASS   IDLOC          

        CLASS   EEDATA         

        CLASS   FARRAM         

        CLASS   HEAP           

        CLASS   STACK          



SEGMENTS        Name                           Load    Length   Top    Selector   Space  Class

                reset_vec                      000000  000004  000004         0       0  CODE    
                cstackCOMRAM                   000001  00005D  00005E         1       1  COMRAM  
                intcode                        000008  00008A  000092         4       0  CODE    
                cstackBANK0                    000060  0000A0  000100        60       1  BANK0   
                bssBANK1                       000100  0000BF  0001BF       100       1  BANK1   
                smallconst                     001000  0000E6  0010E6       800       0  SMALLCON
                text25                         0010E6  004400  0054E6       873       0  CODE    


UNUSED ADDRESS RANGES

        Name                Unused          Largest block    Delta
        BANK1            0001BF-0001FF               41
        BANK10           000A00-000AFF              100
        BANK11           000B00-000BFF              100
        BANK12           000C00-000CFF              100
        BANK13           000D00-000DFF              100
        BANK14           000E00-000EFF              100
        BANK15           000F00-000F37               38
        BANK2            000200-0002FF              100
        BANK3            000300-0003FF              100
        BANK4            000400-0004FF              100
        BANK5            000500-0005FF              100
        BANK6            000600-0006FF              100
        BANK7            000700-0007FF              100
        BANK8            000800-0008FF              100
        BANK9            000900-0009FF              100
        BIGRAM           00005E-00005F                2
                         0001BF-000F37              D79
        BIGSFR           000F38-000FFF               C8
        CODE             000004-000007                4
                         000092-000FFF              F6E
                         0054E6-00FFFF             AB1A
        COMRAM           00005E-00005F                2
        CONFIG           300004-30000D                A
        CONST            000004-000007                4
                         000092-000FFF              F6E
                         0054E6-00FFFF             AB1A
        EEDATA           F00000-F003FF              400
        IDLOC            200000-200007                8
        MEDIUMCONST      0054E6-00FFFF             AB1A
        RAM              0001BF-000F37              100
        SFR              000F38-000FFF               28
        SMALLCONST       0054E6-00FFFF              100

                                  Symbol Table

?___awdiv                   cstackCOMRAM 000003
?___awmod                   cstackCOMRAM 000003
?___cosdf                   cstackCOMRAM 000053
?___fladd                   cstackCOMRAM 000043
?___fldiv                   cstackCOMRAM 00002A
?___flmul                   cstackCOMRAM 000011
?___flneg                   cstackBANK0  000078
?___flsub                   cstackCOMRAM 000053
?___fltol                   cstackCOMRAM 000053
?___fpclassifyf             cstackCOMRAM 000003
?___rem_pio2f               cstackBANK0  00007C
?___sindf                   cstackCOMRAM 000053
?___wmul                    cstackCOMRAM 000003
?___xxtofl                  cstackCOMRAM 000003
?_abs                       cstackCOMRAM 000009
?_fabsf                     cstackCOMRAM 000003
?_floorf                    cstackCOMRAM 000043
?_labs                      cstackCOMRAM 000003
?_printf                    cstackBANK0  0000C2
?_read_prec_or_width        cstackCOMRAM 000009
?_sinf                      cstackBANK0  00009C
?_sprintf                   cstackBANK0  0000C2
?_vfprintf                  cstackBANK0  0000BD
LCD_Send@data               cstackCOMRAM 000003
LCD_ShowString@i            cstackCOMRAM 000009
LCD_ShowString@lineNum      cstackCOMRAM 000008
LCD_ShowString@textData     cstackCOMRAM 000004
LED1_Control@state          cstackCOMRAM 000003
LED2_Control@state          cstackCOMRAM 000003
LED3_Control@state          cstackCOMRAM 000003
LED4_Control@state          cstackCOMRAM 000003
LED5_Control@state          cstackCOMRAM 000003
LED6_Control@state          cstackCOMRAM 000003
SPI_write@LSB               cstackCOMRAM 000004
SPI_write@MSB               cstackCOMRAM 000003
SPI_write@data              cstackCOMRAM 000005
_ADCON0bits                 (abs)        000FC2
_ADCON2bits                 (abs)        000FC0
_ADRESH                     (abs)        000FC4
_ADRESL                     (abs)        000FC3
_ANSELAbits                 (abs)        000F38
_ANSELBbits                 (abs)        000F39
_ANSELDbits                 (abs)        000F3B
_ANSELEbits                 (abs)        000F3C
_GIE                        (abs)        007F97
_GODONE                     (abs)        007E11
_GPIOIE                     bssBANK1     000121
_ISR                        intcode      000008
_LATAbits                   (abs)        000F89
_LATBbits                   (abs)        000F8A
_LATCbits                   (abs)        000F8B
_LATDbits                   (abs)        000F8C
_LCD_Clear                  text48       005356
_LCD_Init                   text49       004AE8
_LCD_Send                   text50       00541A
_LCD_ShowString             text47       004D50
_LED1_Control               text6        0054CA
_LED2_Control               text5        0054BC
_LED3_Control               text4        0054AE
_LED4_Control               text3        0054A0
_LED5_Control               text2        005492
_LED6_Control               text7        0054D8
_PEIE                       (abs)        007F96
_PORTAbits                  (abs)        000F80
_PORTCbits                  (abs)        000F82
_RCSTA1bits                 (abs)        000FAB
_SPBRG1                     (abs)        000FAF
_SPI_write                  text15       0052A4
_SSP1BUF                    (abs)        000FC9
_SSP1CON1bits               (abs)        000FC6
_SSP1IF                     (abs)        007CF3
_SSP1STATbits               (abs)        000FC7
_SSP2ADD                    (abs)        000F6E
_SSP2BUF                    (abs)        000F6F
_SSP2CON1bits               (abs)        000F6C
_SSP2CON2bits               (abs)        000F6B
_SSP2IF                     (abs)        007D27
_SSP2STATbits               (abs)        000F6D
_T1CONbits                  (abs)        000FCD
_TMR1                       (abs)        000FCE
_TMR1IE                     (abs)        007CE8
_TMR1IF                     (abs)        007CF0
_TMR1ON                     (abs)        007E68
_TRISAbits                  (abs)        000F92
_TRISBbits                  (abs)        000F93
_TRISCbits                  (abs)        000F94
_TRISDbits                  (abs)        000F95
_TX1IF                      (abs)        007CF4
_TXREG1                     (abs)        000FAD
_TXSTA1bits                 (abs)        000FAC
__HRAM                      (abs)        000000
__H__absolute__             __absolute__ 000000
__Habs1                     abs1         000000
__Hbank0                    bank0        000000
__Hbank1                    bank1        000000
__Hbank10                   bank10       000000
__Hbank11                   bank11       000000
__Hbank12                   bank12       000000
__Hbank13                   bank13       000000
__Hbank14                   bank14       000000
__Hbank15                   bank15       000000
__Hbank2                    bank2        000000
__Hbank3                    bank3        000000
__Hbank4                    bank4        000000
__Hbank5                    bank5        000000
__Hbank6                    bank6        000000
__Hbank7                    bank7        000000
__Hbank8                    bank8        000000
__Hbank9                    bank9        000000
__Hbigbss                   bigbss       000000
__Hbigdata                  bigdata      000000
__Hbigram                   bigram       000000
__Hbigsfr                   bigsfr       000000
__Hbss                      bss          000000
__HbssBANK0                 bssBANK0     000000
__HbssBANK1                 bssBANK1     000000
__HbssCOMRAM                bssCOMRAM    000000
__Hcinit                    cinit        000000
__Hclrtext                  clrtext      000000
__Hcomram                   comram       000000
__Hconfig                   config       300004
__Hconst                    const        000000
__HcstackBANK0              cstackBANK0  000000
__HcstackBANK1              cstackBANK1  000000
__HcstackCOMRAM             cstackCOMRAM 000000
__Hdata                     data         000000
__HdataBANK1                dataBANK1    000000
__Heeprom_data              eeprom_data  000000
__Hfarbss                   farbss       000000
__Hfardata                  fardata      000000
__Hheap                     heap         000000
__Hibigdata                 ibigdata     000000
__Hidata                    idata        000000
__HidataBANK1               idataBANK1   000000
__Hidloc                    idloc        000000
__Hifardata                 ifardata     000000
__Hinit                     init         000092
__Hintcode                  intcode      00008E
__Hintcode_body             intcode_body 000000
__Hintcodelo                intcodelo    00008E
__Hintentry                 intentry     000000
__Hintret                   intret       000000
__Hintsave_regs             intsave_regs 000000
__Hirdata                   irdata       000000
__Hmediumconst              mediumconst  000000
__HnvFARRAM                 nvFARRAM     000000
__Hnvbit                    nvbit        000000
__Hnvrram                   nvrram       000000
__Hparam                    rparam       000000
__Hpowerup                  powerup      00008E
__Hram                      ram          000000
__Hramtop                   ramtop       001000
__Hrbit                     rbit         000000
__Hrbss                     rbss         000000
__Hrdata                    rdata        000000
__Hreset_vec                reset_vec    000004
__Hrparam                   rparam       000000
__Hsfr                      sfr          000000
__Hsivt_hi                  sivt_hi      000000
__Hsivt_lo                  sivt_lo      000000
__Hsmallconst               smallconst   0010E6
__Hspace_0                  (abs)        0054E6
__Hspace_1                  (abs)        0001BF
__Hspace_2                  (abs)        000000
__Hspace_4                  (abs)        600004
__Hstack                    stack        000000
__Hstruct                   struct       000000
__Htemp                     temp         00005E
__Htext                     text         000000
__Htext0                    text0        000000
__Htext1                    text1        000000
__Htext10                   text10       000000
__Htext11                   text11       000000
__Htext12                   text12       000000
__Htext13                   text13       000000
__Htext14                   text14       000000
__Htext15                   text15       000000
__Htext16                   text16       000000
__Htext17                   text17       000000
__Htext18                   text18       000000
__Htext19                   text19       000000
__Htext2                    text2        000000
__Htext20                   text20       000000
__Htext21                   text21       000000
__Htext22                   text22       000000
__Htext23                   text23       000000
__Htext24                   text24       000000
__Htext25                   text25       000000
__Htext26                   text26       000000
__Htext27                   text27       000000
__Htext28                   text28       000000
__Htext29                   text29       000000
__Htext3                    text3        000000
__Htext30                   text30       000000
__Htext31                   text31       000000
__Htext32                   text32       000000
__Htext33                   text33       000000
__Htext34                   text34       000000
__Htext35                   text35       000000
__Htext36                   text36       000000
__Htext37                   text37       000000
__Htext38                   text38       000000
__Htext39                   text39       000000
__Htext4                    text4        000000
__Htext40                   text40       000000
__Htext41                   text41       000000
__Htext42                   text42       000000
__Htext43                   text43       000000
__Htext44                   text44       000000
__Htext45                   text45       000000
__Htext46                   text46       000000
__Htext47                   text47       000000
__Htext48                   text48       000000
__Htext49                   text49       000000
__Htext5                    text5        000000
__Htext50                   text50       000000
__Htext6                    text6        000000
__Htext7                    text7        000000
__Htext8                    text8        000000
__Htext9                    text9        000000
__LRAM                      (abs)        000001
__L__absolute__             __absolute__ 000000
__Labs1                     abs1         000000
__Lbank0                    bank0        000000
__Lbank1                    bank1        000000
__Lbank10                   bank10       000000
__Lbank11                   bank11       000000
__Lbank12                   bank12       000000
__Lbank13                   bank13       000000
__Lbank14                   bank14       000000
__Lbank15                   bank15       000000
__Lbank2                    bank2        000000
__Lbank3                    bank3        000000
__Lbank4                    bank4        000000
__Lbank5                    bank5        000000
__Lbank6                    bank6        000000
__Lbank7                    bank7        000000
__Lbank8                    bank8        000000
__Lbank9                    bank9        000000
__Lbigbss                   bigbss       000000
__Lbigdata                  bigdata      000000
__Lbigram                   bigram       000000
__Lbigsfr                   bigsfr       000000
__Lbss                      bss          000000
__LbssBANK0                 bssBANK0     000000
__LbssBANK1                 bssBANK1     000000
__LbssCOMRAM                bssCOMRAM    000000
__Lcinit                    cinit        000000
__Lclrtext                  clrtext      000000
__Lcomram                   comram       000000
__Lconfig                   config       000000
__Lconst                    const        000000
__LcstackBANK0              cstackBANK0  000000
__LcstackBANK1              cstackBANK1  000000
__LcstackCOMRAM             cstackCOMRAM 000000
__Ldata                     data         000000
__LdataBANK1                dataBANK1    000000
__Leeprom_data              eeprom_data  000000
__Lfarbss                   farbss       000000
__Lfardata                  fardata      000000
__Lheap                     heap         000000
__Libigdata                 ibigdata     000000
__Lidata                    idata        000000
__LidataBANK1               idataBANK1   000000
__Lidloc                    idloc        000000
__Lifardata                 ifardata     000000
__Linit                     init         00008E
__Lintcode                  intcode      000008
__Lintcode_body             intcode_body 000000
__Lintcodelo                intcodelo    00008E
__Lintentry                 intentry     000000
__Lintret                   intret       000000
__Lintsave_regs             intsave_regs 000000
__Lirdata                   irdata       000000
__Lmediumconst              mediumconst  000000
__LnvFARRAM                 nvFARRAM     000000
__Lnvbit                    nvbit        000000
__Lnvrram                   nvrram       000000
__Lparam                    rparam       000000
__Lpowerup                  powerup      00008E
__Lram                      ram          000000
__Lramtop                   ramtop       001000
__Lrbit                     rbit         000000
__Lrbss                     rbss         000000
__Lrdata                    rdata        000000
__Lreset_vec                reset_vec    000000
__Lrparam                   rparam       000000
__Lsfr                      sfr          000000
__Lsivt_hi                  sivt_hi      000000
__Lsivt_lo                  sivt_lo      000000
__Lsmallconst               smallconst   001000
__Lspace_0                  (abs)        000000
__Lspace_1                  (abs)        000000
__Lspace_2                  (abs)        000000
__Lspace_4                  (abs)        000000
__Lstack                    stack        000000
__Lstruct                   struct       000000
__Ltemp                     temp         00005D
__Ltext                     text         000000
__Ltext0                    text0        000000
__Ltext1                    text1        000000
__Ltext10                   text10       000000
__Ltext11                   text11       000000
__Ltext12                   text12       000000
__Ltext13                   text13       000000
__Ltext14                   text14       000000
__Ltext15                   text15       000000
__Ltext16                   text16       000000
__Ltext17                   text17       000000
__Ltext18                   text18       000000
__Ltext19                   text19       000000
__Ltext2                    text2        000000
__Ltext20                   text20       000000
__Ltext21                   text21       000000
__Ltext22                   text22       000000
__Ltext23                   text23       000000
__Ltext24                   text24       000000
__Ltext25                   text25       000000
__Ltext26                   text26       000000
__Ltext27                   text27       000000
__Ltext28                   text28       000000
__Ltext29                   text29       000000
__Ltext3                    text3        000000
__Ltext30                   text30       000000
__Ltext31                   text31       000000
__Ltext32                   text32       000000
__Ltext33                   text33       000000
__Ltext34                   text34       000000
__Ltext35                   text35       000000
__Ltext36                   text36       000000
__Ltext37                   text37       000000
__Ltext38                   text38       000000
__Ltext39                   text39       000000
__Ltext4                    text4        000000
__Ltext40                   text40       000000
__Ltext41                   text41       000000
__Ltext42                   text42       000000
__Ltext43                   text43       000000
__Ltext44                   text44       000000
__Ltext45                   text45       000000
__Ltext46                   text46       000000
__Ltext47                   text47       000000
__Ltext48                   text48       000000
__Ltext49                   text49       000000
__Ltext5                    text5        000000
__Ltext50                   text50       000000
__Ltext6                    text6        000000
__Ltext7                    text7        000000
__Ltext8                    text8        000000
__Ltext9                    text9        000000
__S0                        (abs)        0054E6
__S1                        (abs)        0001BF
__S4                        (abs)        000000
__S5                        (abs)        000000
___awdiv                    text46       004C8C
___awdiv@counter            cstackCOMRAM 000007
___awdiv@dividend           cstackCOMRAM 000003
___awdiv@divisor            cstackCOMRAM 000005
___awdiv@quotient           cstackCOMRAM 000009
___awdiv@sign               cstackCOMRAM 000008
___awmod                    text45       004E02
___awmod@counter            cstackCOMRAM 000007
___awmod@dividend           cstackCOMRAM 000003
___awmod@divisor            cstackCOMRAM 000005
___awmod@sign               cstackCOMRAM 000008
___cosdf                    text13       003C98
___cosdf$3507               cstackBANK0  000064
___cosdf$3508               cstackBANK0  000068
___cosdf$3509               cstackBANK0  00006C
___cosdf@r                  cstackBANK0  000060
___cosdf@w                  cstackBANK0  000070
___cosdf@x                  cstackCOMRAM 000053
___cosdf@z                  cstackBANK0  000074
___fladd                    text33       001FE2
___fladd@a                  cstackCOMRAM 000047
___fladd@aexp               cstackCOMRAM 000050
___fladd@b                  cstackCOMRAM 000043
___fladd@bexp               cstackCOMRAM 000051
___fladd@grs                cstackCOMRAM 000052
___fladd@signs              cstackCOMRAM 00004F
___fldiv                    text38       003052
___fldiv@a                  cstackCOMRAM 00002E
___fldiv@aexp               cstackCOMRAM 000042
___fldiv@b                  cstackCOMRAM 00002A
___fldiv@bexp               cstackCOMRAM 000041
___fldiv@grs                cstackCOMRAM 00003D
___fldiv@new_exp            cstackCOMRAM 00003B
___fldiv@rem                cstackCOMRAM 000036
___fldiv@sign               cstackCOMRAM 00003A
___fleq                     text37       004EB2
___fleq@ff1                 cstackCOMRAM 000003
___fleq@ff2                 cstackCOMRAM 000007
___flge                     text36       0048E6
___flge@ff1                 cstackCOMRAM 00002A
___flge@ff2                 cstackCOMRAM 00002E
___flmul                    text35       0024A2
___flmul@a                  cstackCOMRAM 000015
___flmul@aexp               cstackCOMRAM 00001E
___flmul@b                  cstackCOMRAM 000011
___flmul@bexp               cstackCOMRAM 000023
___flmul@grs                cstackCOMRAM 00001F
___flmul@prod               cstackCOMRAM 000024
___flmul@sign               cstackCOMRAM 00001D
___flmul@temp               cstackCOMRAM 000028
___flneg                    text34       00531C
___flneg@f1                 cstackBANK0  000078
___flsub                    text32       0051D8
___flsub@a                  cstackCOMRAM 000057
___flsub@b                  cstackCOMRAM 000053
___fltol                    text31       0047DE
___fltol@exp1               cstackBANK0  000061
___fltol@f1                 cstackCOMRAM 000053
___fltol@sign1              cstackBANK0  000060
___fpclassifyf              text30       0049EA
___fpclassifyf@F465         bssBANK1     00011D
___fpclassifyf@e            cstackCOMRAM 00000B
___fpclassifyf@u            cstackCOMRAM 00000D
___fpclassifyf@x            cstackCOMRAM 000003
___heap_hi                  (abs)        000000
___heap_lo                  (abs)        000000
___inthi_sp                 stack        000000
___inthi_stack_hi           stack        000000
___inthi_stack_lo           stack        000000
___intlo_sp                 stack        000000
___intlo_stack_hi           stack        000000
___intlo_stack_lo           stack        000000
___param_bank               (abs)        000000
___rem_pio2f                text11       002C90
___rem_pio2f$3510           cstackBANK0  000087
___rem_pio2f@F526           bssBANK1     000115
___rem_pio2f@fn             cstackBANK0  000090
___rem_pio2f@n              cstackBANK0  000098
___rem_pio2f@sign           cstackBANK0  00008B
___rem_pio2f@t              cstackBANK0  000094
___rem_pio2f@ty             cstackBANK0  000083
___rem_pio2f@ux             cstackBANK0  00008C
___rem_pio2f@x              cstackBANK0  00007C
___rem_pio2f@y              cstackBANK0  000080
___rparam_used              (abs)        000001
___sindf                    text10       003636
___sindf$3511               cstackBANK0  000068
___sindf$3512               cstackBANK0  00006C
___sindf$3513               cstackBANK0  000070
___sindf@r                  cstackBANK0  000060
___sindf@s                  cstackBANK0  000074
___sindf@w                  cstackBANK0  000064
___sindf@x                  cstackCOMRAM 000053
___sindf@z                  cstackBANK0  000078
___sp                       stack        000000
___stack_hi                 stack        000000
___stack_lo                 stack        000000
___wmul                     text24       0053F4
___wmul@multiplicand        cstackCOMRAM 000005
___wmul@multiplier          cstackCOMRAM 000003
___wmul@product             cstackCOMRAM 000007
___xxtofl                   text17       004092
___xxtofl@arg               cstackCOMRAM 00000D
___xxtofl@exp               cstackCOMRAM 00000C
___xxtofl@sign              cstackCOMRAM 00000B
___xxtofl@val               cstackCOMRAM 000003
__accesstop                 (abs)        000060
__activetblptr              (abs)        000002
__end_of_C0                 smallconst   001031
__end_of_C1                 smallconst   00102D
__end_of_C2                 smallconst   001029
__end_of_C3                 smallconst   001025
__end_of_ISR                intcode      00008E
__end_of_LCD_Clear          text48       00538C
__end_of_LCD_Init           text49       004BC2
__end_of_LCD_Send           text50       005440
__end_of_LCD_ShowString     text47       004E02
__end_of_LED1_Control       text6        0054D8
__end_of_LED2_Control       text5        0054CA
__end_of_LED3_Control       text4        0054BC
__end_of_LED4_Control       text3        0054AE
__end_of_LED5_Control       text2        0054A0
__end_of_LED6_Control       text7        0054E6
__end_of_S1                 smallconst   001011
__end_of_S2                 smallconst   00100D
__end_of_S3                 smallconst   001009
__end_of_S4                 smallconst   001005
__end_of_SPI_write          text15       0052E2
__end_of___awdiv            text46       004D50
__end_of___awmod            text45       004EB2
__end_of___cosdf            text13       003E96
__end_of___fladd            text33       0024A2
__end_of___fldiv            text38       0033EC
__end_of___fleq             text37       004F5C
__end_of___flge             text36       0049EA
__end_of___flmul            text35       0028CC
__end_of___flneg            text34       005356
__end_of___flsub            text32       00521E
__end_of___fltol            text31       0048E6
__end_of___fpclassifyf      text30       004AE8
__end_of___rem_pio2f        text11       003052
__end_of___sindf            text10       003868
__end_of___wmul             text24       00541A
__end_of___xxtofl           text17       004246
__end_of__initialization    cinit        005184
__end_of_abs                text44       0053F4
__end_of_dtoa               text39       004568
__end_of_efgtoa             text25       001AD8
__end_of_fabsf              text12       0053C0
__end_of_floorf             text29       003C98
__end_of_fputc              text42       004C8C
__end_of_fputs              text41       005262
__end_of_half               smallconst   001021
__end_of_invpio2            smallconst   00101D
__end_of_labs               text28       0050FA
__end_of_main               text0        003A86
__end_of_memcpy             text27       00514A
__end_of_moveDisplay        text18       0047DE
__end_of_pad                text40       0050A4
__end_of_pio2_1             smallconst   001019
__end_of_pio2_1t            smallconst   001015
__end_of_printf             text14       00547C
__end_of_putch              text43       005492
__end_of_read_prec_or_width text23       005002
__end_of_runADC             text16       004092
__end_of_runDAC             text8        003636
__end_of_runGPIO            text1        0046CC
__end_of_s1pio2             smallconst   001041
__end_of_s2pio2             smallconst   00103D
__end_of_s3pio2             smallconst   001039
__end_of_s4pio2             smallconst   001035
__end_of_sinf               text9        001FE2
__end_of_sprintf            text19       0052A4
__end_of_stoa               text22       0043EC
__end_of_strcpy             text26       00531C
__end_of_vfpfcnvrt          text21       002C90
__end_of_vfprintf           text20       0051D8
__initialization            cinit        00514A
__mediumconst               mediumconst  000000
__pbssBANK0                 bssBANK0     0000FC
__pbssBANK1                 bssBANK1     000100
__pbssCOMRAM                bssCOMRAM    00005B
__pcinit                    cinit        00514A
__pcstackBANK0              cstackBANK0  000060
__pcstackBANK1              cstackBANK1  000172
__pcstackCOMRAM             cstackCOMRAM 000001
__pdataBANK1                dataBANK1    00019F
__pidataBANK1               idataBANK1   005440
__pintcode                  intcode      000008
__psmallconst               smallconst   001000
__ptext0                    text0        003868
__ptext1                    text1        004568
__ptext10                   text10       003636
__ptext11                   text11       002C90
__ptext12                   text12       00538C
__ptext13                   text13       003C98
__ptext14                   text14       005460
__ptext15                   text15       0052A4
__ptext16                   text16       003E96
__ptext17                   text17       004092
__ptext18                   text18       0046CC
__ptext19                   text19       005262
__ptext2                    text2        005492
__ptext20                   text20       005192
__ptext21                   text21       0028CC
__ptext22                   text22       004246
__ptext23                   text23       004F5C
__ptext24                   text24       0053F4
__ptext25                   text25       0010E6
__ptext26                   text26       0052E2
__ptext27                   text27       0050FA
__ptext28                   text28       0050A4
__ptext29                   text29       003A86
__ptext3                    text3        0054A0
__ptext30                   text30       0049EA
__ptext31                   text31       0047DE
__ptext32                   text32       0051D8
__ptext33                   text33       001FE2
__ptext34                   text34       00531C
__ptext35                   text35       0024A2
__ptext36                   text36       0048E6
__ptext37                   text37       004EB2
__ptext38                   text38       003052
__ptext39                   text39       0043EC
__ptext4                    text4        0054AE
__ptext40                   text40       005002
__ptext41                   text41       00521E
__ptext42                   text42       004BC2
__ptext43                   text43       00547C
__ptext44                   text44       0053C0
__ptext45                   text45       004E02
__ptext46                   text46       004C8C
__ptext47                   text47       004D50
__ptext48                   text48       005356
__ptext49                   text49       004AE8
__ptext5                    text5        0054BC
__ptext50                   text50       00541A
__ptext6                    text6        0054CA
__ptext7                    text7        0054D8
__ptext8                    text8        0033EC
__ptext9                    text9        001AD8
__ramtop                    ramtop       001000
__smallconst                smallconst   001000
_abs                        text44       0053C0
_dbuf                       bssBANK1     000122
_dtoa                       text39       0043EC
_dtoa$3035                  cstackCOMRAM 000021
_efgtoa                     text25       0010E6
_efgtoa$3066                cstackBANK0  00008B
_fabsf                      text12       00538C
_flags                      bssBANK0     0000FE
_floorf                     text29       003A86
_fputc                      text42       004BC2
_fputs                      text41       00521E
_keepStateGPIO              bssBANK0     0000FF
_labs                       text28       0050A4
_main                       text0        003868
_memcpy                     text27       0050FA
_moveDisplay                text18       0046CC
_pad                        text40       005002
_prec                       bssCOMRAM    00005B
_printf                     text14       005460
_putch                      text43       00547C
_read_prec_or_width         text23       004F5C
_runADC                     text16       003E96
_runDAC                     text8        0033EC
_runDAC$3503                cstackBANK0  0000C7
_runDAC$3504                cstackBANK0  0000CB
_runGPIO                    text1        004568
_sinf                       text9        001AD8
_sinf$3230                  cstackBANK0  0000A0
_sinf$3231                  cstackBANK0  0000A4
_sinf$3506                  cstackBANK0  0000AA
_sprintf                    text19       005262
_stoa                       text22       004246
_strcpy                     text26       0052E2
_vfpfcnvrt                  text21       0028CC
_vfprintf                   text20       005192
_width                      bssBANK0     0000FC
abs@a                       cstackCOMRAM 000009
btemp                       temp         00005D
dtoa@d                      cstackCOMRAM 00001F
dtoa@fp                     cstackCOMRAM 00001D
dtoa@i                      cstackCOMRAM 000028
dtoa@p                      cstackCOMRAM 000025
dtoa@s                      cstackCOMRAM 000027
dtoa@w                      cstackCOMRAM 000023
efgtoa@c                    cstackBANK0  000082
efgtoa@d                    cstackBANK0  000090
efgtoa@e                    cstackBANK0  000094
efgtoa@f                    cstackBANK0  00007E
efgtoa@fp                   cstackBANK0  00007C
efgtoa@g                    cstackBANK0  0000A7
efgtoa@h                    cstackBANK0  00009E
efgtoa@i                    cstackBANK0  00009C
efgtoa@l                    cstackBANK0  0000A2
efgtoa@m                    cstackBANK0  000092
efgtoa@mode                 cstackBANK0  00008E
efgtoa@n                    cstackBANK0  0000AB
efgtoa@ne                   cstackBANK0  000085
efgtoa@nmode                cstackBANK0  00008F
efgtoa@ou                   cstackBANK0  000098
efgtoa@p                    cstackBANK0  000087
efgtoa@pp                   cstackBANK0  00008D
efgtoa@sign                 cstackBANK0  0000A6
efgtoa@t                    cstackBANK0  000089
efgtoa@u                    cstackBANK0  0000AD
efgtoa@w                    cstackBANK0  000096
end_of_initialization       cinit        005184
fabsf@F465                  bssBANK1     000111
fabsf@u                     cstackCOMRAM 000007
fabsf@x                     cstackCOMRAM 000003
floorf@F521                 bssBANK1     000119
floorf@e                    cstackCOMRAM 000051
floorf@m                    cstackCOMRAM 00004D
floorf@u                    cstackCOMRAM 000053
floorf@x                    cstackCOMRAM 000043
fputc@c                     cstackCOMRAM 000004
fputc@fp                    cstackCOMRAM 000006
fputs@c                     cstackCOMRAM 000011
fputs@fp                    cstackCOMRAM 00000F
fputs@i                     cstackCOMRAM 000012
fputs@s                     cstackCOMRAM 00000D
int$flags                   temp         00005D
intlevel0                   text         000000
intlevel1                   text         000000
intlevel2                   text         000000
intlevel3                   text         000000
isa$std                     (abs)        000001
isa$xinst                   (abs)        000000
labs@a                      cstackCOMRAM 000003
main@menuI                  cstackBANK1  00019E
main@setUpAgain             cstackBANK1  00019D
memcpy@d                    cstackCOMRAM 00000A
memcpy@d1                   cstackCOMRAM 000003
memcpy@n                    cstackCOMRAM 000007
memcpy@s                    cstackCOMRAM 00000C
memcpy@s1                   cstackCOMRAM 000005
memcpy@tmp                  cstackCOMRAM 000009
moveDisplay@F6953           dataBANK1    0001B7
moveDisplay@menuI           cstackBANK1  00019C
moveDisplay@menuItem1       cstackBANK1  000172
moveDisplay@menuItem2       cstackBANK1  000183
moveDisplay@menuItems       cstackBANK1  000194
moveDisplay@where           cstackBANK0  0000DA
pad@buf                     cstackCOMRAM 000016
pad@fp                      cstackCOMRAM 000014
pad@i                       cstackCOMRAM 00001B
pad@p                       cstackCOMRAM 000018
printf@ap                   cstackBANK0  0000C5
printf@fmt                  cstackBANK0  0000C2
putch@data                  cstackCOMRAM 000003
read_prec_or_width@ap       cstackCOMRAM 00000A
read_prec_or_width@c        cstackCOMRAM 00000B
read_prec_or_width@fmt      cstackCOMRAM 000009
read_prec_or_width@n        cstackCOMRAM 00000C
runADC@keepState            cstackBANK0  0000F9
runADC@pot1                 cstackBANK0  0000F5
runADC@pot2                 cstackBANK0  0000F7
runADC@text                 cstackBANK0  0000DC
runADC@voltage1             cstackBANK0  0000ED
runADC@voltage2             cstackBANK0  0000F1
runDAC@DACindex             cstackBANK0  0000D1
runDAC@keepState            cstackBANK0  0000CF
runDAC@selectModeDAC        cstackBANK0  0000D0
runGPIO@F6965               dataBANK1    0001AB
runGPIO@F6983               dataBANK1    00019F
runGPIO@GPIOi               cstackCOMRAM 000021
runGPIO@GPIOreverse         cstackCOMRAM 00001E
runGPIO@LEDControl          cstackCOMRAM 000012
runGPIO@j                   cstackCOMRAM 000022
runGPIO@numberOfStates      cstackCOMRAM 00001F
runGPIO@states              cstackCOMRAM 000006
sinf@n                      cstackBANK0  0000A8
sinf@sign                   cstackBANK0  0000A9
sinf@ux                     cstackBANK0  0000B2
sinf@x                      cstackBANK0  00009C
sinf@y                      cstackBANK0  0000AE
sprintf@ap                  cstackBANK0  0000CD
sprintf@f                   cstackBANK0  0000CE
sprintf@fmt                 cstackBANK0  0000C4
sprintf@s                   cstackBANK0  0000C2
stackhi                     (abs)        000000
stacklo                     (abs)        000000
start                       init         00008E
start_initialization        cinit        00514A
stoa@cp                     cstackCOMRAM 000017
stoa@fp                     cstackCOMRAM 00000D
stoa@l                      cstackCOMRAM 000019
stoa@p                      cstackCOMRAM 000013
stoa@s                      cstackCOMRAM 00000F
stoa@w                      cstackCOMRAM 000015
strcpy@d                    cstackCOMRAM 000007
strcpy@dest                 cstackCOMRAM 000003
strcpy@src                  cstackCOMRAM 000005
ttemp5                      temp         00005E
ttemp6                      temp         000061
ttemp7                      temp         000065
vfpfcnvrt@ap                cstackBANK0  0000B4
vfpfcnvrt@c                 cstackBANK0  0000BA
vfpfcnvrt@convarg           cstackBANK0  0000B6
vfpfcnvrt@cp                cstackBANK0  0000BC
vfpfcnvrt@done              cstackBANK0  0000BB
vfpfcnvrt@fmt               cstackBANK0  0000B3
vfpfcnvrt@fp                cstackBANK0  0000B1
vfprintf@ap                 cstackBANK0  0000C0
vfprintf@cfmt               cstackBANK0  0000C1
vfprintf@fmt                cstackBANK0  0000BF
vfprintf@fp                 cstackBANK0  0000BD
wtemp8                      temp         00005E


MODULE INFORMATION

Module		Function		Class		Link	Load	Size
C:\Program Files\Microchip\xc8\v2.46\pic\sources\c99\common\fltol.c
		___fltol       		CODE           	47DE	0000	264

C:\Program Files\Microchip\xc8\v2.46\pic\sources\c99\common\fltol.c estimated size: 264

C:\Program Files\Microchip\xc8\v2.46\pic\sources\c99\common\printf.c
		_printf        		CODE           	5460	0000	28

C:\Program Files\Microchip\xc8\v2.46\pic\sources\c99\common\printf.c estimated size: 28

C:\Program Files\Microchip\xc8\v2.46\pic\sources\c99\common\floorf.c
		_floorf        		CODE           	3A86	0000	530

C:\Program Files\Microchip\xc8\v2.46\pic\sources\c99\common\floorf.c estimated size: 530

DAC.c
		_runDAC        		CODE           	33EC	0000	586
		_SPI_write     		CODE           	52A4	0000	62

DAC.c estimated size: 648

C:\Program Files\Microchip\xc8\v2.46\pic\sources\c99\common\nf_fputc.c
		_fputc         		CODE           	4BC2	0000	202

C:\Program Files\Microchip\xc8\v2.46\pic\sources\c99\common\nf_fputc.c estimated size: 202

C:\Program Files\Microchip\xc8\v2.46\pic\sources\c99\common\__sindf.c
		___sindf       		CODE           	3636	0000	562

C:\Program Files\Microchip\xc8\v2.46\pic\sources\c99\common\__sindf.c estimated size: 562

C:\Program Files\Microchip\xc8\v2.46\pic\sources\c99\common\awdiv.c
		___awdiv       		CODE           	4C8C	0000	196

C:\Program Files\Microchip\xc8\v2.46\pic\sources\c99\common\awdiv.c estimated size: 196

C:\Program Files\Microchip\xc8\v2.46\pic\sources\c99\common\xxtofl.c
		___xxtofl      		CODE           	4092	0000	436

C:\Program Files\Microchip\xc8\v2.46\pic\sources\c99\common\xxtofl.c estimated size: 436

C:\Program Files\Microchip\xc8\v2.46\pic\sources\c99\common\__cosdf.c
		___cosdf       		CODE           	3C98	0000	510

C:\Program Files\Microchip\xc8\v2.46\pic\sources\c99\common\__cosdf.c estimated size: 510

C:\Program Files\Microchip\xc8\v2.46\pic\sources\c99\common\flneg.c
		___flneg       		CODE           	531C	0000	58

C:\Program Files\Microchip\xc8\v2.46\pic\sources\c99\common\flneg.c estimated size: 58

C:\Program Files\Microchip\xc8\v2.46\pic\sources\c99\common\__fpclassifyf.c
		___fpclassifyf 		CODE           	49EA	0000	254

C:\Program Files\Microchip\xc8\v2.46\pic\sources\c99\common\__fpclassifyf.c estimated size: 254

C:\Program Files\Microchip\xc8\v2.46\pic\sources\c99\common\sprcmul.c
		___flmul       		CODE           	24A2	0000	1066

C:\Program Files\Microchip\xc8\v2.46\pic\sources\c99\common\sprcmul.c estimated size: 1066

C:\Program Files\Microchip\xc8\v2.46\pic\sources\c99\common\strcpy.c
		_strcpy        		CODE           	52E2	0000	58

C:\Program Files\Microchip\xc8\v2.46\pic\sources\c99\common\strcpy.c estimated size: 58

C:\Program Files\Microchip\xc8\v2.46\pic\sources\c99\common\sprcdiv.c
		___fldiv       		CODE           	3052	0000	922

C:\Program Files\Microchip\xc8\v2.46\pic\sources\c99\common\sprcdiv.c estimated size: 922

putch.c
		_putch         		CODE           	547C	0000	22

putch.c estimated size: 22

C:\Program Files\Microchip\xc8\v2.46\pic\sources\c99\common\fleq.c
		___fleq        		CODE           	4EB2	0000	170

C:\Program Files\Microchip\xc8\v2.46\pic\sources\c99\common\fleq.c estimated size: 170

C:\Program Files\Microchip\xc8\v2.46\pic\sources\c99\common\doprnt.c
		_read_prec_or_width		CODE           	4F5C	0000	166
		_vfpfcnvrt     		CODE           	28CC	0000	964
		_efgtoa        		CODE           	10E6	0000	2546
		_pad           		CODE           	5002	0000	162
		_dtoa          		CODE           	43EC	0000	380
		_vfprintf      		CODE           	5192	0000	70
		_stoa          		CODE           	4246	0000	422

C:\Program Files\Microchip\xc8\v2.46\pic\sources\c99\common\doprnt.c estimated size: 4710

C:\Program Files\Microchip\xc8\v2.46\pic\sources\c99\common\nf_sprintf.c
		_sprintf       		CODE           	5262	0000	66

C:\Program Files\Microchip\xc8\v2.46\pic\sources\c99\common\nf_sprintf.c estimated size: 66

C:\Program Files\Microchip\xc8\v2.46\pic\sources\c99\common\fabsf.c
		_fabsf         		CODE           	538C	0000	52

C:\Program Files\Microchip\xc8\v2.46\pic\sources\c99\common\fabsf.c estimated size: 52

C:\Program Files\Microchip\xc8\v2.46\pic\sources\c99\common\sinf.c
		_sinf          		CODE           	1AD8	0000	1290

C:\Program Files\Microchip\xc8\v2.46\pic\sources\c99\common\sinf.c estimated size: 1290

interrupt.c
		_ISR           		CODE           	0008	0000	134

interrupt.c estimated size: 134

shared
		_S1            		SMALLCONST     	0000	0000	0
		_S2            		SMALLCONST     	0000	0000	0
		_S3            		SMALLCONST     	0000	0000	0
		_S4            		SMALLCONST     	0000	0000	0
		_s1pio2        		SMALLCONST     	0000	0000	0
		__initialization		CODE           	514A	0000	58
		_s2pio2        		SMALLCONST     	0000	0000	0
		_s3pio2        		SMALLCONST     	0000	0000	0
		_s4pio2        		SMALLCONST     	0000	0000	0
		_pio2_1t       		SMALLCONST     	0000	0000	0
		_half          		SMALLCONST     	0000	0000	0
		_pio2_1        		SMALLCONST     	0000	0000	0
		_C0            		SMALLCONST     	0000	0000	0
		_C1            		SMALLCONST     	0000	0000	0
		_C2            		SMALLCONST     	0000	0000	0
		_C3            		SMALLCONST     	0000	0000	0
		_invpio2       		SMALLCONST     	0000	0000	0

shared estimated size: 58

C:\Program Files\Microchip\xc8\v2.46\pic\sources\c99\common\Umul16.c
		___wmul        		CODE           	53F4	0000	38

C:\Program Files\Microchip\xc8\v2.46\pic\sources\c99\common\Umul16.c estimated size: 38

ADC.c
		_runADC        		CODE           	3E96	0000	508

ADC.c estimated size: 508

C:\Program Files\Microchip\xc8\v2.46\pic\sources\c99\common\nf_fputs.c
		_fputs         		CODE           	521E	0000	68

C:\Program Files\Microchip\xc8\v2.46\pic\sources\c99\common\nf_fputs.c estimated size: 68

GPIO.c
		_LED1_Control  		CODE           	54CA	0000	14
		_LED2_Control  		CODE           	54BC	0000	14
		_LED3_Control  		CODE           	54AE	0000	14
		_LED4_Control  		CODE           	54A0	0000	14
		_LED5_Control  		CODE           	5492	0000	14
		_LED6_Control  		CODE           	54D8	0000	14
		_runGPIO       		CODE           	4568	0000	356

GPIO.c estimated size: 440

menu.c
		_moveDisplay   		CODE           	46CC	0000	274

menu.c estimated size: 274

C:\Program Files\Microchip\xc8\v2.46\pic\sources\c99\common\sprcadd.c
		___flsub       		CODE           	51D8	0000	70
		___fladd       		CODE           	1FE2	0000	1216

C:\Program Files\Microchip\xc8\v2.46\pic\sources\c99\common\sprcadd.c estimated size: 1286

C:\Program Files\Microchip\xc8\v2.46\pic\sources\c99\common\__rem_pio2f.c
		___rem_pio2f   		CODE           	2C90	0000	962

C:\Program Files\Microchip\xc8\v2.46\pic\sources\c99\common\__rem_pio2f.c estimated size: 962

lcd.c
		_LCD_Init      		CODE           	4AE8	0000	218
		_LCD_Send      		CODE           	541A	0000	38
		_LCD_ShowString		CODE           	4D50	0000	178
		_LCD_Clear     		CODE           	5356	0000	54

lcd.c estimated size: 488

C:\Program Files\Microchip\xc8\v2.46\pic\sources\c99\common\memcpy.c
		_memcpy        		CODE           	50FA	0000	80

C:\Program Files\Microchip\xc8\v2.46\pic\sources\c99\common\memcpy.c estimated size: 80

C:\Program Files\Microchip\xc8\v2.46\pic\sources\c99\common\labs.c
		_labs          		CODE           	50A4	0000	86

C:\Program Files\Microchip\xc8\v2.46\pic\sources\c99\common\labs.c estimated size: 86

C:\Program Files\Microchip\xc8\v2.46\pic\sources\c99\common\abs.c
		_abs           		CODE           	53C0	0000	52

C:\Program Files\Microchip\xc8\v2.46\pic\sources\c99\common\abs.c estimated size: 52

C:\Program Files\Microchip\xc8\v2.46\pic\sources\c99\common\awmod.c
		___awmod       		CODE           	4E02	0000	176

C:\Program Files\Microchip\xc8\v2.46\pic\sources\c99\common\awmod.c estimated size: 176

main.c
		_main          		CODE           	3868	0000	542

main.c estimated size: 542

C:\Program Files\Microchip\xc8\v2.46\pic\sources\c99\common\flge.c
		___flge        		CODE           	48E6	0000	260

C:\Program Files\Microchip\xc8\v2.46\pic\sources\c99\common\flge.c estimated size: 260

