Microchip MPLAB XC8 Compiler V2.46

Linker command line:

-W-3 --edf=D:\MPLABX\Compiler\pic\dat\20240104201356_en.msgs -cn \
  -h+dist/default/production\Strasak_David_219502.X.production.sym \
  --cmf=dist/default/production\Strasak_David_219502.X.production.cmf -z \
  -Q18F46K22 -oC:\Users\David\AppData\Local\Temp\xcAshn4.\driver_tmp_3.o \
  --defsym=__MPLAB_BUILD=1 --fixupoverflow=error \
  -Mdist/default/production/Strasak_David_219502.X.production.map \
  --md=C:\Users\David\AppData\Local\Temp\xcAshn4.\driver_tmp_0.dat -E1 \
  -ver=XC8 Compiler --acfsm=1493 -ACODE=00h-0FFFFh -ACONST=00h-0FFFFh \
  -ASMALLCONST=01000h-010FFhx240 -AMEDIUMCONST=01000h-0FFFFh \
  -ACOMRAM=01h-05Fh -AABS1=00h-0F37h -ABIGRAM=01h-0F37h \
  -ARAM=060h-0FFh,0100h-01FFhx14,0F00h-0F37h -ABANK0=060h-0FFh \
  -ABANK1=0100h-01FFh -ABANK2=0200h-02FFh -ABANK3=0300h-03FFh \
  -ABANK4=0400h-04FFh -ABANK5=0500h-05FFh -ABANK6=0600h-06FFh \
  -ABANK7=0700h-07FFh -ABANK8=0800h-08FFh -ABANK9=0900h-09FFh \
  -ABANK10=0A00h-0AFFh -ABANK11=0B00h-0BFFh -ABANK12=0C00h-0CFFh \
  -ABANK13=0D00h-0DFFh -ABANK14=0E00h-0EFFh -ABANK15=0F00h-0F37h \
  -ASFR=0F38h-0F5Fh,0F60h-0FFFh -ABIGSFR=0F38h-0FFFh \
  -ACONFIG=0300000h-030000Dh -AIDLOC=0200000h-0200007h \
  -AEEDATA=0F00000h-0F003FFh -peeprom_data=EEDATA \
  -preset_vec=00h,intcode=8h,intcodelo,powerup,init -pramtop=01000h \
  -psmallconst=SMALLCONST -pmediumconst=MEDIUMCONST -pconst=CONST \
  -AFARRAM=00h-00h \
  -prdata=COMRAM,nvrram=COMRAM,nvbit=COMRAM,rbss=COMRAM,rbit=COMRAM \
  -pfarbss=FARRAM,fardata=FARRAM,nvFARRAM=FARRAM \
  -pintsave_regs=BIGRAM,bigbss=BIGRAM,bigdata=BIGRAM -pbss=RAM \
  -pidata=CODE,irdata=CODE,ibigdata=CODE,ifardata=CODE -prparam=COMRAM \
  C:\Users\David\AppData\Local\Temp\xcAshn4.\driver_tmp_14.o \
  dist/default/production\Strasak_David_219502.X.production.o 

Object code version is 3.11

Machine type is 18F46K22



                Name                               Link     Load   Length Selector   Space Scale
C:\Users\David\AppData\Local\Temp\xcAshn4.\driver_tmp_14.o
                config                           300000   300000        4        0       4
                init                                114      114        4        4       0
                reset_vec                             0        0        4        0       0
dist/default/production\Strasak_David_219502.X.production.o
                intcode                               8        8      10C        4       0
                config                           300000   300000        4        0       4
                temp                                 5A       5A        1        1       1
                mediumconst                        FEE2     FEE2      11E     7F71       0
                text55                             4908     4908       26        4       0
                text54                             3F6C     3F6C       DA        4       0
                text53                             481C     481C       36        4       0
                text52                             41D4     41D4       B2        4       0
                text51                             4110     4110       C4        4       0
                text50                             4286     4286       B0        4       0
                text49                             4886     4886       34        4       0
                text48                             494E     494E       16        4       0
                text47                             4046     4046       CA        4       0
                text46                             46F2     46F2       44        4       0
                text45                             448E     448E       9E        4       0
                text44                             35B2     35B2      17C        4       0
                text43                             20E0     20E0      39A        4       0
                text42                             43E4     43E4       AA        4       0
                text41                             3D6A     3D6A      104        4       0
                text40                             14DE     14DE      42A        4       0
                text39                             4774     4774       3A        4       0
                text38                             101C     101C      4C2        4       0
                text37                             4664     4664       48        4       0
                text36                             3C62     3C62      108        4       0
                text35                             3E6E     3E6E       FE        4       0
                text34                             2C3A     2C3A      216        4       0
                text33                             452C     452C       56        4       0
                text32                             4582     4582       50        4       0
                text31                             47AE     47AE       38        4       0
                text30                              118      118      9FA        4       0
                text29                             48E2     48E2       26        4       0
                text28                             4336     4336       AE        4       0
                text27                             3414     3414      19E        4       0
                text26                             1908     1908      416        4       0
                text25                             45D2     45D2       4A        4       0
                text24                             46AC     46AC       46        4       0
                text23                             3B50     3B50      112        4       0
                text22                             3260     3260      1B4        4       0
                text21                             2E50     2E50      212        4       0
                text20                             4736     4736       3E        4       0
                text19                             492E     492E       20        4       0
                text18                             3062     3062      1FE        4       0
                text17                             4852     4852       34        4       0
                text16                             1D1E     1D1E      3C2        4       0
                text15                             2A08     2A08      232        4       0
                text14                              B12      B12      50A        4       0
                text13                             247A     247A      2E8        4       0
                text12                             49BA     49BA        2        4       0
                text11                             49AA     49AA        E        4       0
                text10                             499C     499C        E        4       0
                text9                              498E     498E        E        4       0
                text8                              4980     4980        E        4       0
                text7                              4972     4972        E        4       0
                text6                              4964     4964        E        4       0
                text5                              372E     372E      170        4       0
                text4                              49B8     49B8        2        4       0
                text3                              3A0A     3A0A      146        4       0
                text2                              47E6     47E6       36        4       0
                text1                              389E     389E      16C        4       0
                text0                              2762     2762      2A6        4       0
                cstackCOMRAM                          1        1       54        1       1
                cstackBANK0                          60       60       9E       60       1
                cstackBANK1                         195      195       33      100       1
                dataBANK1                           1C8      1C8       28      100       1
                bssBANK1                            100      100       95      100       1
                bssBANK0                             FE       FE        1       60       1
                bssCOMRAM                            55       55        5        1       1
                cinit                              461C     461C       48        4       0
                idataBANK1                         48BA     48BA       28        4       0

TOTAL           Name                               Link     Load   Length     Space
        CLASS   CODE           
                intcode                               8        8      10C         0
                init                                114      114        4         0
                reset_vec                             0        0        4         0
                text55                             4908     4908       26         0
                text54                             3F6C     3F6C       DA         0
                text53                             481C     481C       36         0
                text52                             41D4     41D4       B2         0
                text51                             4110     4110       C4         0
                text50                             4286     4286       B0         0
                text49                             4886     4886       34         0
                text48                             494E     494E       16         0
                text47                             4046     4046       CA         0
                text46                             46F2     46F2       44         0
                text45                             448E     448E       9E         0
                text44                             35B2     35B2      17C         0
                text43                             20E0     20E0      39A         0
                text42                             43E4     43E4       AA         0
                text41                             3D6A     3D6A      104         0
                text40                             14DE     14DE      42A         0
                text39                             4774     4774       3A         0
                text38                             101C     101C      4C2         0
                text37                             4664     4664       48         0
                text36                             3C62     3C62      108         0
                text35                             3E6E     3E6E       FE         0
                text34                             2C3A     2C3A      216         0
                text33                             452C     452C       56         0
                text32                             4582     4582       50         0
                text31                             47AE     47AE       38         0
                text30                              118      118      9FA         0
                text29                             48E2     48E2       26         0
                text28                             4336     4336       AE         0
                text27                             3414     3414      19E         0
                text26                             1908     1908      416         0
                text25                             45D2     45D2       4A         0
                text24                             46AC     46AC       46         0
                text23                             3B50     3B50      112         0
                text22                             3260     3260      1B4         0
                text21                             2E50     2E50      212         0
                text20                             4736     4736       3E         0
                text19                             492E     492E       20         0
                text18                             3062     3062      1FE         0
                text17                             4852     4852       34         0
                text16                             1D1E     1D1E      3C2         0
                text15                             2A08     2A08      232         0
                text14                              B12      B12      50A         0
                text13                             247A     247A      2E8         0
                text12                             49BA     49BA        2         0
                text11                             49AA     49AA        E         0
                text10                             499C     499C        E         0
                text9                              498E     498E        E         0
                text8                              4980     4980        E         0
                text7                              4972     4972        E         0
                text6                              4964     4964        E         0
                text5                              372E     372E      170         0
                text4                              49B8     49B8        2         0
                text3                              3A0A     3A0A      146         0
                text2                              47E6     47E6       36         0
                text1                              389E     389E      16C         0
                text0                              2762     2762      2A6         0
                cinit                              461C     461C       48         0
                idataBANK1                         48BA     48BA       28         0

        CLASS   CONST          

        CLASS   SMALLCONST     

        CLASS   MEDIUMCONST    
                mediumconst                        FEE2     FEE2      11E         0

        CLASS   COMRAM         
                temp                                 5A       5A        1         1
                cstackCOMRAM                          1        1       54         1
                bssCOMRAM                            55       55        5         1

        CLASS   ABS1           

        CLASS   BIGRAM         

        CLASS   RAM            

        CLASS   BANK0          
                cstackBANK0                          60       60       9E         1
                bssBANK0                             FE       FE        1         1

        CLASS   BANK1          
                cstackBANK1                         195      195       33         1
                dataBANK1                           1C8      1C8       28         1
                bssBANK1                            100      100       95         1

        CLASS   BANK2          

        CLASS   BANK3          

        CLASS   BANK4          

        CLASS   BANK5          

        CLASS   BANK6          

        CLASS   BANK7          

        CLASS   BANK8          

        CLASS   BANK9          

        CLASS   BANK10         

        CLASS   BANK11         

        CLASS   BANK12         

        CLASS   BANK13         

        CLASS   BANK14         

        CLASS   BANK15         

        CLASS   SFR            

        CLASS   BIGSFR         

        CLASS   CONFIG         
                config                           300000   300000        4         4

        CLASS   IDLOC          

        CLASS   EEDATA         

        CLASS   FARRAM         

        CLASS   HEAP           

        CLASS   STACK          



SEGMENTS        Name                           Load    Length   Top    Selector   Space  Class

                reset_vec                      000000  000004  000004         0       0  CODE    
                cstackCOMRAM                   000001  00005A  00005B         1       1  COMRAM  
                intcode                        000008  0049B4  0049BC         4       0  CODE    
                cstackBANK0                    000060  00009F  0000FF        60       1  BANK0   
                bssBANK1                       000100  0000F0  0001F0       100       1  BANK1   
                mediumconst                    00FEE2  00011E  010000      7F71       0  MEDIUMCO


UNUSED ADDRESS RANGES

        Name                Unused          Largest block    Delta
        BANK0            0000FF-0000FF                1
        BANK1            0001F0-0001FF               10
        BANK10           000A00-000AFF              100
        BANK11           000B00-000BFF              100
        BANK12           000C00-000CFF              100
        BANK13           000D00-000DFF              100
        BANK14           000E00-000EFF              100
        BANK15           000F00-000F37               38
        BANK2            000200-0002FF              100
        BANK3            000300-0003FF              100
        BANK4            000400-0004FF              100
        BANK5            000500-0005FF              100
        BANK6            000600-0006FF              100
        BANK7            000700-0007FF              100
        BANK8            000800-0008FF              100
        BANK9            000900-0009FF              100
        BIGRAM           00005B-00005F                5
                         0000FF-0000FF                1
                         0001F0-000F37              D48
        BIGSFR           000F38-000FFF               C8
        CODE             000004-000007                4
                         0049BC-00FEE1             B526
        COMRAM           00005B-00005F                5
        CONFIG           300004-30000D                A
        CONST            000004-000007                4
                         0049BC-00FEE1             B526
        EEDATA           F00000-F003FF              400
        IDLOC            200000-200007                8
        MEDIUMCONST      0049BC-00FEE1             B526
        RAM              0000FF-0000FF                1
                         0001F0-000F37              100
        SFR              000F38-000FFF               28
        SMALLCONST       0049BC-00FEE1              100

                                  Symbol Table

?___awdiv                   cstackCOMRAM 000006
?___awmod                   cstackCOMRAM 000006
?___cosdf                   cstackBANK0  000064
?___fladd                   cstackCOMRAM 000046
?___fldiv                   cstackCOMRAM 00002D
?___flmul                   cstackCOMRAM 000014
?___flneg                   cstackBANK0  000080
?___flsub                   cstackBANK0  000064
?___fltol                   cstackBANK0  000064
?___fpclassifyf             cstackCOMRAM 000006
?___rem_pio2f               cstackBANK0  000084
?___sindf                   cstackBANK0  000064
?___wmul                    cstackCOMRAM 000006
?___xxtofl                  cstackCOMRAM 000006
?_abs                       cstackCOMRAM 00000C
?_fabsf                     cstackCOMRAM 000006
?_floorf                    cstackCOMRAM 000046
?_labs                      cstackCOMRAM 000006
?_printf                    cstackBANK0  0000CE
?_read_prec_or_width        cstackCOMRAM 00000C
?_sinf                      cstackBANK0  0000A4
?_sprintf                   cstackBANK0  0000CE
?_strlen                    cstackCOMRAM 000006
?_vfprintf                  cstackBANK0  0000C7
ISR@i                       bssBANK1     000121
ISR@temp                    cstackCOMRAM 000005
LCD_Send@data               cstackCOMRAM 000006
LCD_ShowString@i            cstackCOMRAM 00000C
LCD_ShowString@lineNum      cstackCOMRAM 00000B
LCD_ShowString@textData     cstackCOMRAM 000007
LED1_Control@state          cstackCOMRAM 000006
LED2_Control@state          cstackCOMRAM 000006
LED3_Control@state          cstackCOMRAM 000006
LED4_Control@state          cstackCOMRAM 000006
LED5_Control@state          cstackCOMRAM 000006
LED6_Control@state          cstackCOMRAM 000006
SPI_write@LSB               cstackCOMRAM 000007
SPI_write@MSB               cstackCOMRAM 000006
SPI_write@data              cstackCOMRAM 000008
_ADCON0bits                 (abs)        000FC2
_ADCON2bits                 (abs)        000FC0
_ADRESH                     (abs)        000FC4
_ADRESL                     (abs)        000FC3
_ANSELAbits                 (abs)        000F38
_ANSELBbits                 (abs)        000F39
_ANSELCbits                 (abs)        000F3A
_ANSELDbits                 (abs)        000F3B
_ANSELEbits                 (abs)        000F3C
_CCP1CONbits                (abs)        000FBD
_CCPR1L                     (abs)        000FBE
_CCPTMRS0bits               (abs)        000F49
_GIE                        (abs)        007F97
_GODONE                     (abs)        007E11
_GPIOIE                     bssBANK1     000124
_ISR                        intcode      000008
_LATAbits                   (abs)        000F89
_LATBbits                   (abs)        000F8A
_LATCbits                   (abs)        000F8B
_LATDbits                   (abs)        000F8C
_LCD_Clear                  text53       00481C
_LCD_Init                   text54       003F6C
_LCD_Send                   text55       004908
_LCD_ShowString             text52       0041D4
_LED1_Control               text10       00499C
_LED2_Control               text9        00498E
_LED3_Control               text8        004980
_LED4_Control               text7        004972
_LED5_Control               text6        004964
_LED6_Control               text11       0049AA
_PEIE                       (abs)        007F96
_PORTAbits                  (abs)        000F80
_PORTCbits                  (abs)        000F82
_PR2                        (abs)        000FBB
_RC1IE                      (abs)        007CED
_RC1IF                      (abs)        007CF5
_RCREG1                     (abs)        000FAE
_RCSTA1bits                 (abs)        000FAB
_SPBRG1                     (abs)        000FAF
_SPI_write                  text20       004736
_SSP1BUF                    (abs)        000FC9
_SSP1CON1bits               (abs)        000FC6
_SSP1IF                     (abs)        007CF3
_SSP1STATbits               (abs)        000FC7
_SSP2ADD                    (abs)        000F6E
_SSP2BUF                    (abs)        000F6F
_SSP2CON1bits               (abs)        000F6C
_SSP2CON2bits               (abs)        000F6B
_SSP2IF                     (abs)        007D27
_SSP2STATbits               (abs)        000F6D
_T1CONbits                  (abs)        000FCD
_TMR1                       (abs)        000FCE
_TMR1IE                     (abs)        007CE8
_TMR1IF                     (abs)        007CF0
_TMR1ON                     (abs)        007E68
_TMR2IE                     (abs)        007CE9
_TMR2IF                     (abs)        007CF1
_TMR2ON                     (abs)        007DD2
_TRISAbits                  (abs)        000F92
_TRISBbits                  (abs)        000F93
_TRISCbits                  (abs)        000F94
_TRISDbits                  (abs)        000F95
_TX1IF                      (abs)        007CF4
_TXREG1                     (abs)        000FAD
_TXSTA1bits                 (abs)        000FAC
_UARTIE                     bssBANK1     000123
__HRAM                      (abs)        000000
__H__absolute__             __absolute__ 000000
__Habs1                     abs1         000000
__Hbank0                    bank0        000000
__Hbank1                    bank1        000000
__Hbank10                   bank10       000000
__Hbank11                   bank11       000000
__Hbank12                   bank12       000000
__Hbank13                   bank13       000000
__Hbank14                   bank14       000000
__Hbank15                   bank15       000000
__Hbank2                    bank2        000000
__Hbank3                    bank3        000000
__Hbank4                    bank4        000000
__Hbank5                    bank5        000000
__Hbank6                    bank6        000000
__Hbank7                    bank7        000000
__Hbank8                    bank8        000000
__Hbank9                    bank9        000000
__Hbigbss                   bigbss       000000
__Hbigdata                  bigdata      000000
__Hbigram                   bigram       000000
__Hbigsfr                   bigsfr       000000
__Hbss                      bss          000000
__HbssBANK0                 bssBANK0     000000
__HbssBANK1                 bssBANK1     000000
__HbssCOMRAM                bssCOMRAM    000000
__Hcinit                    cinit        000000
__Hclrtext                  clrtext      000000
__Hcomram                   comram       000000
__Hconfig                   config       300004
__Hconst                    const        000000
__HcstackBANK0              cstackBANK0  000000
__HcstackBANK1              cstackBANK1  000000
__HcstackCOMRAM             cstackCOMRAM 000000
__Hdata                     data         000000
__HdataBANK1                dataBANK1    000000
__Heeprom_data              eeprom_data  000000
__Hfarbss                   farbss       000000
__Hfardata                  fardata      000000
__Hheap                     heap         000000
__Hibigdata                 ibigdata     000000
__Hidata                    idata        000000
__HidataBANK1               idataBANK1   000000
__Hidloc                    idloc        000000
__Hifardata                 ifardata     000000
__Hinit                     init         000118
__Hintcode                  intcode      000114
__Hintcode_body             intcode_body 000000
__Hintcodelo                intcodelo    000114
__Hintentry                 intentry     000000
__Hintret                   intret       000000
__Hintsave_regs             intsave_regs 000000
__Hirdata                   irdata       000000
__Hmediumconst              mediumconst  010000
__HnvFARRAM                 nvFARRAM     000000
__Hnvbit                    nvbit        000000
__Hnvrram                   nvrram       000000
__Hparam                    rparam       000000
__Hpowerup                  powerup      000114
__Hram                      ram          000000
__Hramtop                   ramtop       001000
__Hrbit                     rbit         000000
__Hrbss                     rbss         000000
__Hrdata                    rdata        000000
__Hreset_vec                reset_vec    000004
__Hrparam                   rparam       000000
__Hsfr                      sfr          000000
__Hsivt_hi                  sivt_hi      000000
__Hsivt_lo                  sivt_lo      000000
__Hsmallconst               smallconst   000000
__Hspace_0                  (abs)        010000
__Hspace_1                  (abs)        0001F0
__Hspace_2                  (abs)        000000
__Hspace_4                  (abs)        600004
__Hstack                    stack        000000
__Hstruct                   struct       000000
__Htemp                     temp         00005B
__Htext                     text         000000
__Htext0                    text0        000000
__Htext1                    text1        000000
__Htext10                   text10       000000
__Htext11                   text11       000000
__Htext12                   text12       000000
__Htext13                   text13       000000
__Htext14                   text14       000000
__Htext15                   text15       000000
__Htext16                   text16       000000
__Htext17                   text17       000000
__Htext18                   text18       000000
__Htext19                   text19       000000
__Htext2                    text2        000000
__Htext20                   text20       000000
__Htext21                   text21       000000
__Htext22                   text22       000000
__Htext23                   text23       000000
__Htext24                   text24       000000
__Htext25                   text25       000000
__Htext26                   text26       000000
__Htext27                   text27       000000
__Htext28                   text28       000000
__Htext29                   text29       000000
__Htext3                    text3        000000
__Htext30                   text30       000000
__Htext31                   text31       000000
__Htext32                   text32       000000
__Htext33                   text33       000000
__Htext34                   text34       000000
__Htext35                   text35       000000
__Htext36                   text36       000000
__Htext37                   text37       000000
__Htext38                   text38       000000
__Htext39                   text39       000000
__Htext4                    text4        000000
__Htext40                   text40       000000
__Htext41                   text41       000000
__Htext42                   text42       000000
__Htext43                   text43       000000
__Htext44                   text44       000000
__Htext45                   text45       000000
__Htext46                   text46       000000
__Htext47                   text47       000000
__Htext48                   text48       000000
__Htext49                   text49       000000
__Htext5                    text5        000000
__Htext50                   text50       000000
__Htext51                   text51       000000
__Htext52                   text52       000000
__Htext53                   text53       000000
__Htext54                   text54       000000
__Htext55                   text55       000000
__Htext6                    text6        000000
__Htext7                    text7        000000
__Htext8                    text8        000000
__Htext9                    text9        000000
__LRAM                      (abs)        000001
__L__absolute__             __absolute__ 000000
__Labs1                     abs1         000000
__Lbank0                    bank0        000000
__Lbank1                    bank1        000000
__Lbank10                   bank10       000000
__Lbank11                   bank11       000000
__Lbank12                   bank12       000000
__Lbank13                   bank13       000000
__Lbank14                   bank14       000000
__Lbank15                   bank15       000000
__Lbank2                    bank2        000000
__Lbank3                    bank3        000000
__Lbank4                    bank4        000000
__Lbank5                    bank5        000000
__Lbank6                    bank6        000000
__Lbank7                    bank7        000000
__Lbank8                    bank8        000000
__Lbank9                    bank9        000000
__Lbigbss                   bigbss       000000
__Lbigdata                  bigdata      000000
__Lbigram                   bigram       000000
__Lbigsfr                   bigsfr       000000
__Lbss                      bss          000000
__LbssBANK0                 bssBANK0     000000
__LbssBANK1                 bssBANK1     000000
__LbssCOMRAM                bssCOMRAM    000000
__Lcinit                    cinit        000000
__Lclrtext                  clrtext      000000
__Lcomram                   comram       000000
__Lconfig                   config       000000
__Lconst                    const        000000
__LcstackBANK0              cstackBANK0  000000
__LcstackBANK1              cstackBANK1  000000
__LcstackCOMRAM             cstackCOMRAM 000000
__Ldata                     data         000000
__LdataBANK1                dataBANK1    000000
__Leeprom_data              eeprom_data  000000
__Lfarbss                   farbss       000000
__Lfardata                  fardata      000000
__Lheap                     heap         000000
__Libigdata                 ibigdata     000000
__Lidata                    idata        000000
__LidataBANK1               idataBANK1   000000
__Lidloc                    idloc        000000
__Lifardata                 ifardata     000000
__Linit                     init         000114
__Lintcode                  intcode      000008
__Lintcode_body             intcode_body 000000
__Lintcodelo                intcodelo    000114
__Lintentry                 intentry     000000
__Lintret                   intret       000000
__Lintsave_regs             intsave_regs 000000
__Lirdata                   irdata       000000
__Lmediumconst              mediumconst  00FEE2
__LnvFARRAM                 nvFARRAM     000000
__Lnvbit                    nvbit        000000
__Lnvrram                   nvrram       000000
__Lparam                    rparam       000000
__Lpowerup                  powerup      000114
__Lram                      ram          000000
__Lramtop                   ramtop       001000
__Lrbit                     rbit         000000
__Lrbss                     rbss         000000
__Lrdata                    rdata        000000
__Lreset_vec                reset_vec    000000
__Lrparam                   rparam       000000
__Lsfr                      sfr          000000
__Lsivt_hi                  sivt_hi      000000
__Lsivt_lo                  sivt_lo      000000
__Lsmallconst               smallconst   000000
__Lspace_0                  (abs)        000000
__Lspace_1                  (abs)        000000
__Lspace_2                  (abs)        000000
__Lspace_4                  (abs)        000000
__Lstack                    stack        000000
__Lstruct                   struct       000000
__Ltemp                     temp         00005A
__Ltext                     text         000000
__Ltext0                    text0        000000
__Ltext1                    text1        000000
__Ltext10                   text10       000000
__Ltext11                   text11       000000
__Ltext12                   text12       000000
__Ltext13                   text13       000000
__Ltext14                   text14       000000
__Ltext15                   text15       000000
__Ltext16                   text16       000000
__Ltext17                   text17       000000
__Ltext18                   text18       000000
__Ltext19                   text19       000000
__Ltext2                    text2        000000
__Ltext20                   text20       000000
__Ltext21                   text21       000000
__Ltext22                   text22       000000
__Ltext23                   text23       000000
__Ltext24                   text24       000000
__Ltext25                   text25       000000
__Ltext26                   text26       000000
__Ltext27                   text27       000000
__Ltext28                   text28       000000
__Ltext29                   text29       000000
__Ltext3                    text3        000000
__Ltext30                   text30       000000
__Ltext31                   text31       000000
__Ltext32                   text32       000000
__Ltext33                   text33       000000
__Ltext34                   text34       000000
__Ltext35                   text35       000000
__Ltext36                   text36       000000
__Ltext37                   text37       000000
__Ltext38                   text38       000000
__Ltext39                   text39       000000
__Ltext4                    text4        000000
__Ltext40                   text40       000000
__Ltext41                   text41       000000
__Ltext42                   text42       000000
__Ltext43                   text43       000000
__Ltext44                   text44       000000
__Ltext45                   text45       000000
__Ltext46                   text46       000000
__Ltext47                   text47       000000
__Ltext48                   text48       000000
__Ltext49                   text49       000000
__Ltext5                    text5        000000
__Ltext50                   text50       000000
__Ltext51                   text51       000000
__Ltext52                   text52       000000
__Ltext53                   text53       000000
__Ltext54                   text54       000000
__Ltext55                   text55       000000
__Ltext6                    text6        000000
__Ltext7                    text7        000000
__Ltext8                    text8        000000
__Ltext9                    text9        000000
__S0                        (abs)        010000
__S1                        (abs)        0001F0
__S4                        (abs)        000000
__S5                        (abs)        000000
___awdiv                    text51       004110
___awdiv@counter            cstackCOMRAM 00000A
___awdiv@dividend           cstackCOMRAM 000006
___awdiv@divisor            cstackCOMRAM 000008
___awdiv@quotient           cstackCOMRAM 00000C
___awdiv@sign               cstackCOMRAM 00000B
___awmod                    text50       004286
___awmod@counter            cstackCOMRAM 00000A
___awmod@dividend           cstackCOMRAM 000006
___awmod@divisor            cstackCOMRAM 000008
___awmod@sign               cstackCOMRAM 00000B
___cosdf                    text18       003062
___cosdf$4149               cstackBANK0  00006C
___cosdf$4150               cstackBANK0  000070
___cosdf$4151               cstackBANK0  000074
___cosdf@r                  cstackBANK0  000068
___cosdf@w                  cstackBANK0  000078
___cosdf@x                  cstackBANK0  000064
___cosdf@z                  cstackBANK0  00007C
___fladd                    text38       00101C
___fladd@a                  cstackCOMRAM 00004A
___fladd@aexp               cstackBANK0  000061
___fladd@b                  cstackCOMRAM 000046
___fladd@bexp               cstackBANK0  000062
___fladd@grs                cstackBANK0  000063
___fladd@signs              cstackBANK0  000060
___fldiv                    text43       0020E0
___fldiv@a                  cstackCOMRAM 000031
___fldiv@aexp               cstackCOMRAM 000045
___fldiv@b                  cstackCOMRAM 00002D
___fldiv@bexp               cstackCOMRAM 000044
___fldiv@grs                cstackCOMRAM 000040
___fldiv@new_exp            cstackCOMRAM 00003E
___fldiv@rem                cstackCOMRAM 000039
___fldiv@sign               cstackCOMRAM 00003D
___fleq                     text42       0043E4
___fleq@ff1                 cstackCOMRAM 000006
___fleq@ff2                 cstackCOMRAM 00000A
___flge                     text41       003D6A
___flge@ff1                 cstackCOMRAM 00002D
___flge@ff2                 cstackCOMRAM 000031
___flmul                    text40       0014DE
___flmul@a                  cstackCOMRAM 000018
___flmul@aexp               cstackCOMRAM 000021
___flmul@b                  cstackCOMRAM 000014
___flmul@bexp               cstackCOMRAM 000026
___flmul@grs                cstackCOMRAM 000022
___flmul@prod               cstackCOMRAM 000027
___flmul@sign               cstackCOMRAM 000020
___flmul@temp               cstackCOMRAM 00002B
___flneg                    text39       004774
___flneg@f1                 cstackBANK0  000080
___flsub                    text37       004664
___flsub@a                  cstackBANK0  000068
___flsub@b                  cstackBANK0  000064
___fltol                    text36       003C62
___fltol@exp1               cstackCOMRAM 000053
___fltol@f1                 cstackBANK0  000064
___fltol@sign1              cstackCOMRAM 000052
___fpclassifyf              text35       003E6E
___fpclassifyf@F465         bssBANK1     00011D
___fpclassifyf@e            cstackCOMRAM 00000E
___fpclassifyf@u            cstackCOMRAM 000010
___fpclassifyf@x            cstackCOMRAM 000006
___heap_hi                  (abs)        000000
___heap_lo                  (abs)        000000
___inthi_sp                 stack        000000
___inthi_stack_hi           stack        000000
___inthi_stack_lo           stack        000000
___intlo_sp                 stack        000000
___intlo_stack_hi           stack        000000
___intlo_stack_lo           stack        000000
___param_bank               (abs)        000000
___rem_pio2f                text16       001D1E
___rem_pio2f$4152           cstackBANK0  00008F
___rem_pio2f@F526           bssBANK1     000115
___rem_pio2f@fn             cstackBANK0  000098
___rem_pio2f@n              cstackBANK0  0000A0
___rem_pio2f@sign           cstackBANK0  000093
___rem_pio2f@t              cstackBANK0  00009C
___rem_pio2f@ty             cstackBANK0  00008B
___rem_pio2f@ux             cstackBANK0  000094
___rem_pio2f@x              cstackBANK0  000084
___rem_pio2f@y              cstackBANK0  000088
___rparam_used              (abs)        000001
___sindf                    text15       002A08
___sindf$4153               cstackBANK0  000070
___sindf$4154               cstackBANK0  000074
___sindf$4155               cstackBANK0  000078
___sindf@r                  cstackBANK0  000068
___sindf@s                  cstackBANK0  00007C
___sindf@w                  cstackBANK0  00006C
___sindf@x                  cstackBANK0  000064
___sindf@z                  cstackBANK0  000080
___sp                       stack        000000
___stack_hi                 stack        000000
___stack_lo                 stack        000000
___wmul                     text29       0048E2
___wmul@multiplicand        cstackCOMRAM 000008
___wmul@multiplier          cstackCOMRAM 000006
___wmul@product             cstackCOMRAM 00000A
___xxtofl                   text22       003260
___xxtofl@arg               cstackCOMRAM 000010
___xxtofl@exp               cstackCOMRAM 00000F
___xxtofl@sign              cstackCOMRAM 00000E
___xxtofl@val               cstackCOMRAM 000006
__accesstop                 (abs)        000060
__activetblptr              (abs)        000002
__end_of_C0                 mediumconst  00FF13
__end_of_C1                 mediumconst  00FF0F
__end_of_C2                 mediumconst  00FF0B
__end_of_C3                 mediumconst  00FF07
__end_of_ISR                intcode      000114
__end_of_LCD_Clear          text53       004852
__end_of_LCD_Init           text54       004046
__end_of_LCD_Send           text55       00492E
__end_of_LCD_ShowString     text52       004286
__end_of_LED1_Control       text10       0049AA
__end_of_LED2_Control       text9        00499C
__end_of_LED3_Control       text8        00498E
__end_of_LED4_Control       text7        004980
__end_of_LED5_Control       text6        004972
__end_of_LED6_Control       text11       0049B8
__end_of_S1                 mediumconst  00FEF3
__end_of_S2                 mediumconst  00FEEF
__end_of_S3                 mediumconst  00FEEB
__end_of_S4                 mediumconst  00FEE7
__end_of_SPI_write          text20       004774
__end_of___awdiv            text51       0041D4
__end_of___awmod            text50       004336
__end_of___cosdf            text18       003260
__end_of___fladd            text38       0014DE
__end_of___fldiv            text43       00247A
__end_of___fleq             text42       00448E
__end_of___flge             text41       003E6E
__end_of___flmul            text40       001908
__end_of___flneg            text39       0047AE
__end_of___flsub            text37       0046AC
__end_of___fltol            text36       003D6A
__end_of___fpclassifyf      text35       003F6C
__end_of___rem_pio2f        text16       0020E0
__end_of___sindf            text15       002C3A
__end_of___wmul             text29       004908
__end_of___xxtofl           text22       003414
__end_of__initialization    cinit        004656
__end_of_abs                text49       0048BA
__end_of_dtoa               text44       00372E
__end_of_efgtoa             text30       000B12
__end_of_fabsf              text17       004886
__end_of_floorf             text34       002E50
__end_of_fputc              text47       004110
__end_of_fputs              text46       004736
__end_of_half               mediumconst  00FF03
__end_of_invpio2            mediumconst  00FEFF
__end_of_labs               text33       004582
__end_of_main               text0        002A08
__end_of_memcpy             text32       0045D2
__end_of_moveDisplay        text23       003C62
__end_of_pad                text45       00452C
__end_of_pio2_1             mediumconst  00FEFB
__end_of_pio2_1t            mediumconst  00FEF7
__end_of_printf             text19       00494E
__end_of_putch              text48       004964
__end_of_read_prec_or_width text28       0043E4
__end_of_runADC             text21       003062
__end_of_runDAC             text13       002762
__end_of_runGAME            text12       0049BC
__end_of_runGPIO            text5        00389E
__end_of_runMUSIC           text4        0049BA
__end_of_runPWM             text3        003B50
__end_of_runUART            text1        003A0A
__end_of_s1pio2             mediumconst  00FF23
__end_of_s2pio2             mediumconst  00FF1F
__end_of_s3pio2             mediumconst  00FF1B
__end_of_s4pio2             mediumconst  00FF17
__end_of_sinf               text14       00101C
__end_of_sprintf            text24       0046F2
__end_of_stoa               text27       0035B2
__end_of_strcpy             text31       0047E6
__end_of_strlen             text2        00481C
__end_of_vfpfcnvrt          text26       001D1E
__end_of_vfprintf           text25       00461C
__initialization            cinit        00461C
__mediumconst               mediumconst  00FEE2
__pbssBANK0                 bssBANK0     0000FE
__pbssBANK1                 bssBANK1     000100
__pbssCOMRAM                bssCOMRAM    000055
__pcinit                    cinit        00461C
__pcstackBANK0              cstackBANK0  000060
__pcstackBANK1              cstackBANK1  000195
__pcstackCOMRAM             cstackCOMRAM 000001
__pdataBANK1                dataBANK1    0001C8
__pidataBANK1               idataBANK1   0048BA
__pintcode                  intcode      000008
__pmediumconst              mediumconst  00FEE2
__ptext0                    text0        002762
__ptext1                    text1        00389E
__ptext10                   text10       00499C
__ptext11                   text11       0049AA
__ptext12                   text12       0049BA
__ptext13                   text13       00247A
__ptext14                   text14       000B12
__ptext15                   text15       002A08
__ptext16                   text16       001D1E
__ptext17                   text17       004852
__ptext18                   text18       003062
__ptext19                   text19       00492E
__ptext2                    text2        0047E6
__ptext20                   text20       004736
__ptext21                   text21       002E50
__ptext22                   text22       003260
__ptext23                   text23       003B50
__ptext24                   text24       0046AC
__ptext25                   text25       0045D2
__ptext26                   text26       001908
__ptext27                   text27       003414
__ptext28                   text28       004336
__ptext29                   text29       0048E2
__ptext3                    text3        003A0A
__ptext30                   text30       000118
__ptext31                   text31       0047AE
__ptext32                   text32       004582
__ptext33                   text33       00452C
__ptext34                   text34       002C3A
__ptext35                   text35       003E6E
__ptext36                   text36       003C62
__ptext37                   text37       004664
__ptext38                   text38       00101C
__ptext39                   text39       004774
__ptext4                    text4        0049B8
__ptext40                   text40       0014DE
__ptext41                   text41       003D6A
__ptext42                   text42       0043E4
__ptext43                   text43       0020E0
__ptext44                   text44       0035B2
__ptext45                   text45       00448E
__ptext46                   text46       0046F2
__ptext47                   text47       004046
__ptext48                   text48       00494E
__ptext49                   text49       004886
__ptext5                    text5        00372E
__ptext50                   text50       004286
__ptext51                   text51       004110
__ptext52                   text52       0041D4
__ptext53                   text53       00481C
__ptext54                   text54       003F6C
__ptext55                   text55       004908
__ptext6                    text6        004964
__ptext7                    text7        004972
__ptext8                    text8        004980
__ptext9                    text9        00498E
__ramtop                    ramtop       001000
__smallconst                smallconst   000000
_abs                        text49       004886
_dbuf                       bssBANK1     000125
_dtoa                       text44       0035B2
_dtoa$3674                  cstackCOMRAM 000024
_efgtoa                     text30       000118
_efgtoa$3705                cstackBANK0  000093
_fabsf                      text17       004852
_flags                      bssCOMRAM    000059
_floorf                     text34       002C3A
_fputc                      text47       004046
_fputs                      text46       0046F2
_gmail                      bssBANK1     000175
_keepStateGPIO              bssBANK0     0000FE
_labs                       text33       00452C
_main                       text0        002762
_memcpy                     text32       004582
_moveDisplay                text23       003B50
_pad                        text45       00448E
_prec                       bssCOMRAM    000057
_printf                     text19       00492E
_putch                      text48       00494E
_read_prec_or_width         text28       004336
_runADC                     text21       002E50
_runDAC                     text13       00247A
_runDAC$4145                cstackBANK0  0000D3
_runDAC$4146                cstackBANK0  0000D7
_runGAME                    text12       0049BA
_runGPIO                    text5        00372E
_runMUSIC                   text4        0049B8
_runPWM                     text3        003A0A
_runUART                    text1        00389E
_sinf                       text14       000B12
_sinf$3869                  cstackBANK0  0000A8
_sinf$3870                  cstackBANK0  0000AC
_sinf$4148                  cstackBANK0  0000B2
_sprintf                    text24       0046AC
_stoa                       text27       003414
_strcpy                     text31       0047AE
_strlen                     text2        0047E6
_vfpfcnvrt                  text26       001908
_vfprintf                   text25       0045D2
_width                      bssCOMRAM    000055
abs@a                       cstackCOMRAM 00000C
btemp                       temp         00005A
dtoa@d                      cstackCOMRAM 000022
dtoa@fp                     cstackCOMRAM 000020
dtoa@i                      cstackCOMRAM 00002B
dtoa@p                      cstackCOMRAM 000028
dtoa@s                      cstackCOMRAM 00002A
dtoa@w                      cstackCOMRAM 000026
efgtoa@c                    cstackBANK0  00008A
efgtoa@d                    cstackBANK0  000098
efgtoa@e                    cstackBANK0  00009C
efgtoa@f                    cstackBANK0  000086
efgtoa@fp                   cstackBANK0  000084
efgtoa@g                    cstackBANK0  0000AF
efgtoa@h                    cstackBANK0  0000A6
efgtoa@i                    cstackBANK0  0000A4
efgtoa@l                    cstackBANK0  0000AA
efgtoa@m                    cstackBANK0  00009A
efgtoa@mode                 cstackBANK0  000096
efgtoa@n                    cstackBANK0  0000B3
efgtoa@ne                   cstackBANK0  00008D
efgtoa@nmode                cstackBANK0  000097
efgtoa@ou                   cstackBANK0  0000A0
efgtoa@p                    cstackBANK0  00008F
efgtoa@pp                   cstackBANK0  000095
efgtoa@sign                 cstackBANK0  0000AE
efgtoa@t                    cstackBANK0  000091
efgtoa@u                    cstackBANK0  0000B5
efgtoa@w                    cstackBANK0  00009E
end_of_initialization       cinit        004656
fabsf@F465                  bssBANK1     000111
fabsf@u                     cstackCOMRAM 00000A
fabsf@x                     cstackCOMRAM 000006
floorf@F521                 bssBANK1     000119
floorf@e                    cstackBANK0  000064
floorf@m                    cstackBANK0  000060
floorf@u                    cstackBANK0  000066
floorf@x                    cstackCOMRAM 000046
fputc@c                     cstackCOMRAM 000007
fputc@fp                    cstackCOMRAM 000009
fputs@c                     cstackCOMRAM 000014
fputs@fp                    cstackCOMRAM 000012
fputs@i                     cstackCOMRAM 000015
fputs@s                     cstackCOMRAM 000010
int$flags                   temp         00005A
intlevel0                   text         000000
intlevel1                   text         000000
intlevel2                   text         000000
intlevel3                   text         000000
isa$std                     (abs)        000001
isa$xinst                   (abs)        000000
labs@a                      cstackCOMRAM 000006
main@menuI                  cstackBANK0  0000FD
main@setUpAgain             cstackBANK0  0000FC
memcpy@d                    cstackCOMRAM 00000D
memcpy@d1                   cstackCOMRAM 000006
memcpy@n                    cstackCOMRAM 00000A
memcpy@s                    cstackCOMRAM 00000F
memcpy@s1                   cstackCOMRAM 000008
memcpy@tmp                  cstackCOMRAM 00000C
moveDisplay@F6963           dataBANK1    0001C8
moveDisplay@menuI           cstackBANK1  0001C7
moveDisplay@menuItem1       cstackBANK1  000195
moveDisplay@menuItem2       cstackBANK1  0001A6
moveDisplay@menuItems       cstackBANK1  0001B7
moveDisplay@where           cstackBANK0  0000E7
pad@buf                     cstackCOMRAM 000019
pad@fp                      cstackCOMRAM 000017
pad@i                       cstackCOMRAM 00001E
pad@p                       cstackCOMRAM 00001B
printf@ap                   cstackCOMRAM 000054
printf@fmt                  cstackBANK0  0000CE
putch@data                  cstackCOMRAM 000006
read_prec_or_width@ap       cstackCOMRAM 00000D
read_prec_or_width@c        cstackCOMRAM 00000E
read_prec_or_width@fmt      cstackCOMRAM 00000C
read_prec_or_width@n        cstackCOMRAM 00000F
runADC@keepState            cstackBANK1  0001B2
runADC@pot1                 cstackBANK1  0001AE
runADC@pot2                 cstackBANK1  0001B0
runADC@text                 cstackBANK1  000195
runADC@voltage1             cstackBANK1  0001A6
runADC@voltage2             cstackBANK1  0001AA
runDAC@DACindex             cstackBANK0  0000DD
runDAC@keepState            cstackBANK0  0000DB
runDAC@selectModeDAC        cstackBANK0  0000DC
runGPIO@F6975               dataBANK1    0001E4
runGPIO@F6993               dataBANK1    0001D8
runGPIO@GPIOi               cstackCOMRAM 000024
runGPIO@GPIOreverse         cstackCOMRAM 000021
runGPIO@LEDControl          cstackCOMRAM 000015
runGPIO@j                   cstackCOMRAM 000025
runGPIO@numberOfStates      cstackCOMRAM 000022
runGPIO@states              cstackCOMRAM 000009
runPWM@keepState            cstackCOMRAM 000010
runPWM@multiplier           cstackCOMRAM 000011
runUART@i                   cstackBANK0  0000F6
runUART@keepState           cstackBANK0  0000F3
runUART@len                 cstackBANK0  0000F4
runUART@p                   cstackBANK0  0000F8
runUART@reversed            cstackBANK0  0000D4
sinf@n                      cstackBANK0  0000B0
sinf@sign                   cstackBANK0  0000B1
sinf@ux                     cstackBANK0  0000BA
sinf@x                      cstackBANK0  0000A4
sinf@y                      cstackBANK0  0000B6
sprintf@ap                  cstackBANK0  0000DA
sprintf@f                   cstackBANK0  0000DB
sprintf@fmt                 cstackBANK0  0000D0
sprintf@s                   cstackBANK0  0000CE
stackhi                     (abs)        000000
stacklo                     (abs)        000000
start                       init         000114
start_initialization        cinit        00461C
stoa@cp                     cstackCOMRAM 00001A
stoa@fp                     cstackCOMRAM 000010
stoa@l                      cstackCOMRAM 00001C
stoa@p                      cstackCOMRAM 000016
stoa@s                      cstackCOMRAM 000012
stoa@w                      cstackCOMRAM 000018
strcpy@d                    cstackCOMRAM 00000A
strcpy@dest                 cstackCOMRAM 000006
strcpy@src                  cstackCOMRAM 000008
strlen@a                    cstackCOMRAM 000008
strlen@s                    cstackCOMRAM 000006
ttemp5                      temp         00005B
ttemp6                      temp         00005E
ttemp7                      temp         000062
vfpfcnvrt@ap                cstackBANK0  0000BC
vfpfcnvrt@c                 cstackBANK0  0000C3
vfpfcnvrt@convarg           cstackBANK0  0000BF
vfpfcnvrt@cp                cstackBANK0  0000C5
vfpfcnvrt@done              cstackBANK0  0000C4
vfpfcnvrt@fmt               cstackBANK0  0000BB
vfpfcnvrt@fp                cstackBANK0  0000B9
vfprintf@ap                 cstackBANK0  0000CB
vfprintf@cfmt               cstackBANK0  0000CC
vfprintf@fmt                cstackBANK0  0000C9
vfprintf@fp                 cstackBANK0  0000C7
wtemp8                      temp         00005B


MODULE INFORMATION

Module		Function		Class		Link	Load	Size
UART.c
		_runUART       		CODE           	389E	0000	364

UART.c estimated size: 364

DAC.c
		_runDAC        		CODE           	247A	0000	744
		_SPI_write     		CODE           	4736	0000	62

DAC.c estimated size: 806

D:\MPLABX\Compiler\pic\sources\c99\common\fabsf.c
		_fabsf         		CODE           	4852	0000	52

D:\MPLABX\Compiler\pic\sources\c99\common\fabsf.c estimated size: 52

D:\MPLABX\Compiler\pic\sources\c99\common\memcpy.c
		_memcpy        		CODE           	4582	0000	80

D:\MPLABX\Compiler\pic\sources\c99\common\memcpy.c estimated size: 80

D:\MPLABX\Compiler\pic\sources\c99\common\nf_fputc.c
		_fputc         		CODE           	4046	0000	202

D:\MPLABX\Compiler\pic\sources\c99\common\nf_fputc.c estimated size: 202

D:\MPLABX\Compiler\pic\sources\c99\common\Umul16.c
		___wmul        		CODE           	48E2	0000	38

D:\MPLABX\Compiler\pic\sources\c99\common\Umul16.c estimated size: 38

D:\MPLABX\Compiler\pic\sources\c99\common\__fpclassifyf.c
		___fpclassifyf 		CODE           	3E6E	0000	254

D:\MPLABX\Compiler\pic\sources\c99\common\__fpclassifyf.c estimated size: 254

GAME.c
		_runGAME       		CODE           	49BA	0000	2

GAME.c estimated size: 2

D:\MPLABX\Compiler\pic\sources\c99\common\fleq.c
		___fleq        		CODE           	43E4	0000	170

D:\MPLABX\Compiler\pic\sources\c99\common\fleq.c estimated size: 170

D:\MPLABX\Compiler\pic\sources\c99\common\printf.c
		_printf        		CODE           	492E	0000	32

D:\MPLABX\Compiler\pic\sources\c99\common\printf.c estimated size: 32

putch.c
		_putch         		CODE           	494E	0000	22

putch.c estimated size: 22

D:\MPLABX\Compiler\pic\sources\c99\common\awmod.c
		___awmod       		CODE           	4286	0000	176

D:\MPLABX\Compiler\pic\sources\c99\common\awmod.c estimated size: 176

D:\MPLABX\Compiler\pic\sources\c99\common\__rem_pio2f.c
		___rem_pio2f   		CODE           	1D1E	0000	962

D:\MPLABX\Compiler\pic\sources\c99\common\__rem_pio2f.c estimated size: 962

D:\MPLABX\Compiler\pic\sources\c99\common\__cosdf.c
		___cosdf       		CODE           	3062	0000	510

D:\MPLABX\Compiler\pic\sources\c99\common\__cosdf.c estimated size: 510

D:\MPLABX\Compiler\pic\sources\c99\common\floorf.c
		_floorf        		CODE           	2C3A	0000	534

D:\MPLABX\Compiler\pic\sources\c99\common\floorf.c estimated size: 534

D:\MPLABX\Compiler\pic\sources\c99\common\sprcmul.c
		___flmul       		CODE           	14DE	0000	1066

D:\MPLABX\Compiler\pic\sources\c99\common\sprcmul.c estimated size: 1066

D:\MPLABX\Compiler\pic\sources\c99\common\abs.c
		_abs           		CODE           	4886	0000	52

D:\MPLABX\Compiler\pic\sources\c99\common\abs.c estimated size: 52

D:\MPLABX\Compiler\pic\sources\c99\common\__sindf.c
		___sindf       		CODE           	2A08	0000	562

D:\MPLABX\Compiler\pic\sources\c99\common\__sindf.c estimated size: 562

D:\MPLABX\Compiler\pic\sources\c99\common\sprcdiv.c
		___fldiv       		CODE           	20E0	0000	922

D:\MPLABX\Compiler\pic\sources\c99\common\sprcdiv.c estimated size: 922

PWM.c
		_runPWM        		CODE           	3A0A	0000	326

PWM.c estimated size: 326

interrupt.c
		_ISR           		CODE           	0008	0000	268

interrupt.c estimated size: 268

D:\MPLABX\Compiler\pic\sources\c99\common\fltol.c
		___fltol       		CODE           	3C62	0000	264

D:\MPLABX\Compiler\pic\sources\c99\common\fltol.c estimated size: 264

shared
		_S1            		MEDIUMCONST    	0000	0000	0
		_S2            		MEDIUMCONST    	0000	0000	0
		_S3            		MEDIUMCONST    	0000	0000	0
		_S4            		MEDIUMCONST    	0000	0000	0
		_s1pio2        		MEDIUMCONST    	0000	0000	0
		__initialization		CODE           	461C	0000	58
		_s2pio2        		MEDIUMCONST    	0000	0000	0
		_s3pio2        		MEDIUMCONST    	0000	0000	0
		_s4pio2        		MEDIUMCONST    	0000	0000	0
		_pio2_1t       		MEDIUMCONST    	0000	0000	0
		_half          		MEDIUMCONST    	0000	0000	0
		_pio2_1        		MEDIUMCONST    	0000	0000	0
		_C0            		MEDIUMCONST    	0000	0000	0
		_C1            		MEDIUMCONST    	0000	0000	0
		_C2            		MEDIUMCONST    	0000	0000	0
		_C3            		MEDIUMCONST    	0000	0000	0
		_invpio2       		MEDIUMCONST    	0000	0000	0

shared estimated size: 58

D:\MPLABX\Compiler\pic\sources\c99\common\xxtofl.c
		___xxtofl      		CODE           	3260	0000	436

D:\MPLABX\Compiler\pic\sources\c99\common\xxtofl.c estimated size: 436

ADC.c
		_runADC        		CODE           	2E50	0000	530

ADC.c estimated size: 530

D:\MPLABX\Compiler\pic\sources\c99\common\nf_sprintf.c
		_sprintf       		CODE           	46AC	0000	70

D:\MPLABX\Compiler\pic\sources\c99\common\nf_sprintf.c estimated size: 70

GPIO.c
		_LED1_Control  		CODE           	499C	0000	14
		_LED2_Control  		CODE           	498E	0000	14
		_LED3_Control  		CODE           	4980	0000	14
		_LED4_Control  		CODE           	4972	0000	14
		_LED5_Control  		CODE           	4964	0000	14
		_LED6_Control  		CODE           	49AA	0000	14
		_runGPIO       		CODE           	372E	0000	368

GPIO.c estimated size: 452

D:\MPLABX\Compiler\pic\sources\c99\common\strlen.c
		_strlen        		CODE           	47E6	0000	54

D:\MPLABX\Compiler\pic\sources\c99\common\strlen.c estimated size: 54

D:\MPLABX\Compiler\pic\sources\c99\common\sinf.c
		_sinf          		CODE           	0B12	0000	1290

D:\MPLABX\Compiler\pic\sources\c99\common\sinf.c estimated size: 1290

D:\MPLABX\Compiler\pic\sources\c99\common\labs.c
		_labs          		CODE           	452C	0000	86

D:\MPLABX\Compiler\pic\sources\c99\common\labs.c estimated size: 86

menu.c
		_moveDisplay   		CODE           	3B50	0000	274

menu.c estimated size: 274

D:\MPLABX\Compiler\pic\sources\c99\common\strcpy.c
		_strcpy        		CODE           	47AE	0000	56

D:\MPLABX\Compiler\pic\sources\c99\common\strcpy.c estimated size: 56

lcd.c
		_LCD_Init      		CODE           	3F6C	0000	218
		_LCD_Send      		CODE           	4908	0000	38
		_LCD_ShowString		CODE           	41D4	0000	178
		_LCD_Clear     		CODE           	481C	0000	54

lcd.c estimated size: 488

D:\MPLABX\Compiler\pic\sources\c99\common\awdiv.c
		___awdiv       		CODE           	4110	0000	196

D:\MPLABX\Compiler\pic\sources\c99\common\awdiv.c estimated size: 196

D:\MPLABX\Compiler\pic\sources\c99\common\nf_fputs.c
		_fputs         		CODE           	46F2	0000	68

D:\MPLABX\Compiler\pic\sources\c99\common\nf_fputs.c estimated size: 68

MUSIC.c
		_runMUSIC      		CODE           	49B8	0000	2

MUSIC.c estimated size: 2

D:\MPLABX\Compiler\pic\sources\c99\common\flge.c
		___flge        		CODE           	3D6A	0000	260

D:\MPLABX\Compiler\pic\sources\c99\common\flge.c estimated size: 260

main.c
		_main          		CODE           	2762	0000	678

main.c estimated size: 678

D:\MPLABX\Compiler\pic\sources\c99\common\doprnt.c
		_read_prec_or_width		CODE           	4336	0000	174
		_vfpfcnvrt     		CODE           	1908	0000	1046
		_efgtoa        		CODE           	0118	0000	2554
		_pad           		CODE           	448E	0000	158
		_dtoa          		CODE           	35B2	0000	380
		_vfprintf      		CODE           	45D2	0000	74
		_stoa          		CODE           	3414	0000	414

D:\MPLABX\Compiler\pic\sources\c99\common\doprnt.c estimated size: 4800

D:\MPLABX\Compiler\pic\sources\c99\common\sprcadd.c
		___flsub       		CODE           	4664	0000	72
		___fladd       		CODE           	101C	0000	1218

D:\MPLABX\Compiler\pic\sources\c99\common\sprcadd.c estimated size: 1290

D:\MPLABX\Compiler\pic\sources\c99\common\flneg.c
		___flneg       		CODE           	4774	0000	58

D:\MPLABX\Compiler\pic\sources\c99\common\flneg.c estimated size: 58

