Microchip MPLAB XC8 Compiler V2.46

Linker command line:

-W-3 --edf=D:\MPLABX\Compiler\pic\dat\20240104201356_en.msgs -cn \
  -h+dist/default/production\Strasak_David_219502.X.production.sym \
  --cmf=dist/default/production\Strasak_David_219502.X.production.cmf -z \
  -Q18F46K22 -oC:\Users\David\AppData\Local\Temp\xcAseic.\driver_tmp_3.o \
  --defsym=__MPLAB_BUILD=1 --fixupoverflow=error \
  -Mdist/default/production/Strasak_David_219502.X.production.map \
  --md=C:\Users\David\AppData\Local\Temp\xcAseic.\driver_tmp_0.dat -E1 \
  -ver=XC8 Compiler --acfsm=1493 -ACODE=00h-0FFFFh -ACONST=00h-0FFFFh \
  -ASMALLCONST=01000h-010FFhx240 -AMEDIUMCONST=01000h-0FFFFh \
  -ACOMRAM=01h-05Fh -AABS1=00h-0F37h -ABIGRAM=01h-0F37h \
  -ARAM=060h-0FFh,0100h-01FFhx14,0F00h-0F37h -ABANK0=060h-0FFh \
  -ABANK1=0100h-01FFh -ABANK2=0200h-02FFh -ABANK3=0300h-03FFh \
  -ABANK4=0400h-04FFh -ABANK5=0500h-05FFh -ABANK6=0600h-06FFh \
  -ABANK7=0700h-07FFh -ABANK8=0800h-08FFh -ABANK9=0900h-09FFh \
  -ABANK10=0A00h-0AFFh -ABANK11=0B00h-0BFFh -ABANK12=0C00h-0CFFh \
  -ABANK13=0D00h-0DFFh -ABANK14=0E00h-0EFFh -ABANK15=0F00h-0F37h \
  -ASFR=0F38h-0F5Fh,0F60h-0FFFh -ABIGSFR=0F38h-0FFFh \
  -ACONFIG=0300000h-030000Dh -AIDLOC=0200000h-0200007h \
  -AEEDATA=0F00000h-0F003FFh -peeprom_data=EEDATA \
  -preset_vec=00h,intcode=8h,intcodelo,powerup,init -pramtop=01000h \
  -psmallconst=SMALLCONST -pmediumconst=MEDIUMCONST -pconst=CONST \
  -AFARRAM=00h-00h \
  -prdata=COMRAM,nvrram=COMRAM,nvbit=COMRAM,rbss=COMRAM,rbit=COMRAM \
  -pfarbss=FARRAM,fardata=FARRAM,nvFARRAM=FARRAM \
  -pintsave_regs=BIGRAM,bigbss=BIGRAM,bigdata=BIGRAM -pbss=RAM \
  -pidata=CODE,irdata=CODE,ibigdata=CODE,ifardata=CODE -prparam=COMRAM \
  C:\Users\David\AppData\Local\Temp\xcAseic.\driver_tmp_14.o \
  dist/default/production\Strasak_David_219502.X.production.o 

Object code version is 3.11

Machine type is 18F46K22



                Name                               Link     Load   Length Selector   Space Scale
C:\Users\David\AppData\Local\Temp\xcAseic.\driver_tmp_14.o
                config                           300000   300000        4        0       4
                init                                14E      14E        4        4       0
                reset_vec                             0        0        4        0       0
dist/default/production\Strasak_David_219502.X.production.o
                intcode                               8        8      146        4       0
                config                           300000   300000        4        0       4
                temp                                 5A       5A        1        1       1
                mediumconst                        FE36     FE36      1CA     7F1B       0
                text61                             523A     523A       26        4       0
                text60                             4686     4686       DA        4       0
                text59                             514E     514E       36        4       0
                text58                             48EE     48EE       B2        4       0
                text57                             482A     482A       C4        4       0
                text56                             49A0     49A0       B0        4       0
                text55                             51B8     51B8       34        4       0
                text54                             5280     5280       16        4       0
                text53                             4760     4760       CA        4       0
                text52                             5024     5024       44        4       0
                text51                             4BA8     4BA8       9E        4       0
                text50                             3BE0     3BE0      17C        4       0
                text49                             2656     2656      39A        4       0
                text48                             4AFE     4AFE       AA        4       0
                text47                             4394     4394      104        4       0
                text46                             1A74     1A74      42A        4       0
                text45                             50A6     50A6       3A        4       0
                text44                             15B2     15B2      4C2        4       0
                text43                             4F96     4F96       48        4       0
                text42                             428C     428C      108        4       0
                text41                             4498     4498       FE        4       0
                text40                             3268     3268      216        4       0
                text39                             4E52     4E52       56        4       0
                text38                             4EFC     4EFC       50        4       0
                text37                             50E0     50E0       38        4       0
                text36                              152      152      9FA        4       0
                text35                             5214     5214       26        4       0
                text34                             4A50     4A50       AE        4       0
                text33                             3A42     3A42      19E        4       0
                text32                             4C46     4C46       74        4       0
                text31                             4D92     4D92       64        4       0
                text30                             4596     4596       F0        4       0
                text29                              B4C      B4C      55C        4       0
                text28                             4F4C     4F4C       4A        4       0
                text27                             4FDE     4FDE       46        4       0
                text26                             417A     417A      112        4       0
                text25                             388E     388E      1B4        4       0
                text24                             347E     347E      212        4       0
                text23                             5068     5068       3E        4       0
                text22                             5260     5260       20        4       0
                text21                             3690     3690      1FE        4       0
                text20                             5184     5184       34        4       0
                text19                             2294     2294      3C2        4       0
                text18                             3036     3036      232        4       0
                text17                             10A8     10A8      50A        4       0
                text16                             2D4E     2D4E      2E8        4       0
                text15                             4DF6     4DF6       5C        4       0
                text14                             4D28     4D28       6A        4       0
                text13                             4CBA     4CBA       6E        4       0
                text12                             1E9E     1E9E      3F6        4       0
                text11                             52DC     52DC        E        4       0
                text10                             52CE     52CE        E        4       0
                text9                              52C0     52C0        E        4       0
                text8                              52B2     52B2        E        4       0
                text7                              52A4     52A4        E        4       0
                text6                              5296     5296        E        4       0
                text5                              3EC8     3EC8      16C        4       0
                text4                              52EA     52EA        2        4       0
                text3                              4034     4034      146        4       0
                text2                              5118     5118       36        4       0
                text1                              3D5C     3D5C      16C        4       0
                text0                              29F0     29F0      35E        4       0
                cstackCOMRAM                          1        1       54        1       1
                cstackBANK0                          60       60       9E       60       1
                cstackBANK1                         19B      19B       33      100       1
                bssBANK2                            200      200       2A      200       1
                dataBANK1                           1CE      1CE       28      100       1
                bssBANK1                            100      100       9B      100       1
                bssBANK0                             FE       FE        1       60       1
                bssCOMRAM                            55       55        5        1       1
                cinit                              4EA8     4EA8       54        4       0
                idataBANK1                         51EC     51EC       28        4       0

TOTAL           Name                               Link     Load   Length     Space
        CLASS   CODE           
                intcode                               8        8      146         0
                init                                14E      14E        4         0
                reset_vec                             0        0        4         0
                text61                             523A     523A       26         0
                text60                             4686     4686       DA         0
                text59                             514E     514E       36         0
                text58                             48EE     48EE       B2         0
                text57                             482A     482A       C4         0
                text56                             49A0     49A0       B0         0
                text55                             51B8     51B8       34         0
                text54                             5280     5280       16         0
                text53                             4760     4760       CA         0
                text52                             5024     5024       44         0
                text51                             4BA8     4BA8       9E         0
                text50                             3BE0     3BE0      17C         0
                text49                             2656     2656      39A         0
                text48                             4AFE     4AFE       AA         0
                text47                             4394     4394      104         0
                text46                             1A74     1A74      42A         0
                text45                             50A6     50A6       3A         0
                text44                             15B2     15B2      4C2         0
                text43                             4F96     4F96       48         0
                text42                             428C     428C      108         0
                text41                             4498     4498       FE         0
                text40                             3268     3268      216         0
                text39                             4E52     4E52       56         0
                text38                             4EFC     4EFC       50         0
                text37                             50E0     50E0       38         0
                text36                              152      152      9FA         0
                text35                             5214     5214       26         0
                text34                             4A50     4A50       AE         0
                text33                             3A42     3A42      19E         0
                text32                             4C46     4C46       74         0
                text31                             4D92     4D92       64         0
                text30                             4596     4596       F0         0
                text29                              B4C      B4C      55C         0
                text28                             4F4C     4F4C       4A         0
                text27                             4FDE     4FDE       46         0
                text26                             417A     417A      112         0
                text25                             388E     388E      1B4         0
                text24                             347E     347E      212         0
                text23                             5068     5068       3E         0
                text22                             5260     5260       20         0
                text21                             3690     3690      1FE         0
                text20                             5184     5184       34         0
                text19                             2294     2294      3C2         0
                text18                             3036     3036      232         0
                text17                             10A8     10A8      50A         0
                text16                             2D4E     2D4E      2E8         0
                text15                             4DF6     4DF6       5C         0
                text14                             4D28     4D28       6A         0
                text13                             4CBA     4CBA       6E         0
                text12                             1E9E     1E9E      3F6         0
                text11                             52DC     52DC        E         0
                text10                             52CE     52CE        E         0
                text9                              52C0     52C0        E         0
                text8                              52B2     52B2        E         0
                text7                              52A4     52A4        E         0
                text6                              5296     5296        E         0
                text5                              3EC8     3EC8      16C         0
                text4                              52EA     52EA        2         0
                text3                              4034     4034      146         0
                text2                              5118     5118       36         0
                text1                              3D5C     3D5C      16C         0
                text0                              29F0     29F0      35E         0
                cinit                              4EA8     4EA8       54         0
                idataBANK1                         51EC     51EC       28         0

        CLASS   CONST          

        CLASS   SMALLCONST     

        CLASS   MEDIUMCONST    
                mediumconst                        FE36     FE36      1CA         0

        CLASS   COMRAM         
                temp                                 5A       5A        1         1
                cstackCOMRAM                          1        1       54         1
                bssCOMRAM                            55       55        5         1

        CLASS   ABS1           

        CLASS   BIGRAM         

        CLASS   RAM            

        CLASS   BANK0          
                cstackBANK0                          60       60       9E         1
                bssBANK0                             FE       FE        1         1

        CLASS   BANK1          
                cstackBANK1                         19B      19B       33         1
                dataBANK1                           1CE      1CE       28         1
                bssBANK1                            100      100       9B         1

        CLASS   BANK2          
                bssBANK2                            200      200       2A         1

        CLASS   BANK3          

        CLASS   BANK4          

        CLASS   BANK5          

        CLASS   BANK6          

        CLASS   BANK7          

        CLASS   BANK8          

        CLASS   BANK9          

        CLASS   BANK10         

        CLASS   BANK11         

        CLASS   BANK12         

        CLASS   BANK13         

        CLASS   BANK14         

        CLASS   BANK15         

        CLASS   SFR            

        CLASS   BIGSFR         

        CLASS   CONFIG         
                config                           300000   300000        4         4

        CLASS   IDLOC          

        CLASS   EEDATA         

        CLASS   FARRAM         

        CLASS   HEAP           

        CLASS   STACK          



SEGMENTS        Name                           Load    Length   Top    Selector   Space  Class

                reset_vec                      000000  000004  000004         0       0  CODE    
                cstackCOMRAM                   000001  00005A  00005B         1       1  COMRAM  
                intcode                        000008  0052E4  0052EC         4       0  CODE    
                cstackBANK0                    000060  00009F  0000FF        60       1  BANK0   
                bssBANK1                       000100  0000F6  0001F6       100       1  BANK1   
                bssBANK2                       000200  00002A  00022A       200       1  BANK2   
                mediumconst                    00FE36  0001CA  010000      7F1B       0  MEDIUMCO


UNUSED ADDRESS RANGES

        Name                Unused          Largest block    Delta
        BANK0            0000FF-0000FF                1
        BANK1            0001F6-0001FF                A
        BANK10           000A00-000AFF              100
        BANK11           000B00-000BFF              100
        BANK12           000C00-000CFF              100
        BANK13           000D00-000DFF              100
        BANK14           000E00-000EFF              100
        BANK15           000F00-000F37               38
        BANK2            00022A-0002FF               D6
        BANK3            000300-0003FF              100
        BANK4            000400-0004FF              100
        BANK5            000500-0005FF              100
        BANK6            000600-0006FF              100
        BANK7            000700-0007FF              100
        BANK8            000800-0008FF              100
        BANK9            000900-0009FF              100
        BIGRAM           00005B-00005F                5
                         0000FF-0000FF                1
                         0001F6-0001FF                A
                         00022A-000F37              D0E
        BIGSFR           000F38-000FFF               C8
        CODE             000004-000007                4
                         0052EC-00FE35             AB4A
        COMRAM           00005B-00005F                5
        CONFIG           300004-30000D                A
        CONST            000004-000007                4
                         0052EC-00FE35             AB4A
        EEDATA           F00000-F003FF              400
        IDLOC            200000-200007                8
        MEDIUMCONST      0052EC-00FE35             AB4A
        RAM              0000FF-0000FF                1
                         0001F6-0001FF                A
                         00022A-000F37              100
        SFR              000F38-000FFF               28
        SMALLCONST       0052EC-00FE35              100

                                  Symbol Table

?___awdiv                   cstackCOMRAM 000018
?___awmod                   cstackCOMRAM 000006
?___cosdf                   cstackBANK0  000064
?___fladd                   cstackCOMRAM 000046
?___fldiv                   cstackCOMRAM 00002D
?___flmul                   cstackCOMRAM 000014
?___flneg                   cstackBANK0  000080
?___flsub                   cstackBANK0  000064
?___fltol                   cstackBANK0  000064
?___fpclassifyf             cstackCOMRAM 000006
?___lmul                    cstackCOMRAM 000006
?___lwdiv                   cstackCOMRAM 000006
?___lwmod                   cstackCOMRAM 000006
?___rem_pio2f               cstackBANK0  000084
?___sindf                   cstackBANK0  000064
?___wmul                    cstackCOMRAM 000006
?___xxtofl                  cstackCOMRAM 000006
?_abs                       cstackCOMRAM 00000C
?_fabsf                     cstackCOMRAM 000006
?_floorf                    cstackCOMRAM 000046
?_labs                      cstackCOMRAM 000006
?_printf                    cstackBANK0  0000CE
?_rand                      cstackCOMRAM 000012
?_read_prec_or_width        cstackCOMRAM 00000C
?_sinf                      cstackBANK0  0000A4
?_sprintf                   cstackBANK0  0000CE
?_strlen                    cstackCOMRAM 000006
?_vfprintf                  cstackBANK0  0000C7
ISR@i                       bssBANK1     000121
ISR@temp                    cstackCOMRAM 000005
LCD_Send@data               cstackCOMRAM 000006
LCD_ShowString@i            cstackCOMRAM 00000C
LCD_ShowString@lineNum      cstackCOMRAM 00000B
LCD_ShowString@textData     cstackCOMRAM 000007
LED1_Control@state          cstackCOMRAM 000006
LED2_Control@state          cstackCOMRAM 000006
LED3_Control@state          cstackCOMRAM 000006
LED4_Control@state          cstackCOMRAM 000006
LED5_Control@state          cstackCOMRAM 000006
LED6_Control@state          cstackCOMRAM 000006
SPI_write@LSB               cstackCOMRAM 000007
SPI_write@MSB               cstackCOMRAM 000006
SPI_write@data              cstackCOMRAM 000008
_ADCON0bits                 (abs)        000FC2
_ADCON2bits                 (abs)        000FC0
_ADRESH                     (abs)        000FC4
_ADRESL                     (abs)        000FC3
_ANSELAbits                 (abs)        000F38
_ANSELBbits                 (abs)        000F39
_ANSELCbits                 (abs)        000F3A
_ANSELDbits                 (abs)        000F3B
_ANSELEbits                 (abs)        000F3C
_CCP1CONbits                (abs)        000FBD
_CCPR1L                     (abs)        000FBE
_CCPTMRS0bits               (abs)        000F49
_GAMEIE                     bssBANK1     000124
_GAMEtime                   bssBANK1     000123
_GIE                        (abs)        007F97
_GODONE                     (abs)        007E11
_GPIOIE                     bssBANK1     000126
_ISR                        intcode      000008
_LATAbits                   (abs)        000F89
_LATBbits                   (abs)        000F8A
_LATCbits                   (abs)        000F8B
_LATDbits                   (abs)        000F8C
_LCD_Clear                  text59       00514E
_LCD_Init                   text60       004686
_LCD_Send                   text61       00523A
_LCD_ShowString             text58       0048EE
_LED1_Control               text10       0052CE
_LED2_Control               text9        0052C0
_LED3_Control               text8        0052B2
_LED4_Control               text7        0052A4
_LED5_Control               text6        005296
_LED6_Control               text11       0052DC
_PEIE                       (abs)        007F96
_PORTAbits                  (abs)        000F80
_PORTCbits                  (abs)        000F82
_PR2                        (abs)        000FBB
_RC1IE                      (abs)        007CED
_RC1IF                      (abs)        007CF5
_RCREG1                     (abs)        000FAE
_RCSTA1bits                 (abs)        000FAB
_SPBRG1                     (abs)        000FAF
_SPI_write                  text23       005068
_SSP1BUF                    (abs)        000FC9
_SSP1CON1bits               (abs)        000FC6
_SSP1IF                     (abs)        007CF3
_SSP1STATbits               (abs)        000FC7
_SSP2ADD                    (abs)        000F6E
_SSP2BUF                    (abs)        000F6F
_SSP2CON1bits               (abs)        000F6C
_SSP2CON2bits               (abs)        000F6B
_SSP2IF                     (abs)        007D27
_SSP2STATbits               (abs)        000F6D
_T1CONbits                  (abs)        000FCD
_TMR1                       (abs)        000FCE
_TMR1IE                     (abs)        007CE8
_TMR1IF                     (abs)        007CF0
_TMR1ON                     (abs)        007E68
_TMR2IE                     (abs)        007CE9
_TMR2IF                     (abs)        007CF1
_TMR2ON                     (abs)        007DD2
_TRISAbits                  (abs)        000F92
_TRISBbits                  (abs)        000F93
_TRISCbits                  (abs)        000F94
_TRISDbits                  (abs)        000F95
_TX1IF                      (abs)        007CF4
_TXREG1                     (abs)        000FAD
_TXSTA1bits                 (abs)        000FAC
_UARTIE                     bssBANK1     000125
__HRAM                      (abs)        000000
__H__absolute__             __absolute__ 000000
__Habs1                     abs1         000000
__Hbank0                    bank0        000000
__Hbank1                    bank1        000000
__Hbank10                   bank10       000000
__Hbank11                   bank11       000000
__Hbank12                   bank12       000000
__Hbank13                   bank13       000000
__Hbank14                   bank14       000000
__Hbank15                   bank15       000000
__Hbank2                    bank2        000000
__Hbank3                    bank3        000000
__Hbank4                    bank4        000000
__Hbank5                    bank5        000000
__Hbank6                    bank6        000000
__Hbank7                    bank7        000000
__Hbank8                    bank8        000000
__Hbank9                    bank9        000000
__Hbigbss                   bigbss       000000
__Hbigdata                  bigdata      000000
__Hbigram                   bigram       000000
__Hbigsfr                   bigsfr       000000
__Hbss                      bss          000000
__HbssBANK0                 bssBANK0     000000
__HbssBANK1                 bssBANK1     000000
__HbssBANK2                 bssBANK2     000000
__HbssCOMRAM                bssCOMRAM    000000
__Hcinit                    cinit        000000
__Hclrtext                  clrtext      000000
__Hcomram                   comram       000000
__Hconfig                   config       300004
__Hconst                    const        000000
__HcstackBANK0              cstackBANK0  000000
__HcstackBANK1              cstackBANK1  000000
__HcstackCOMRAM             cstackCOMRAM 000000
__Hdata                     data         000000
__HdataBANK1                dataBANK1    000000
__Heeprom_data              eeprom_data  000000
__Hfarbss                   farbss       000000
__Hfardata                  fardata      000000
__Hheap                     heap         000000
__Hibigdata                 ibigdata     000000
__Hidata                    idata        000000
__HidataBANK1               idataBANK1   000000
__Hidloc                    idloc        000000
__Hifardata                 ifardata     000000
__Hinit                     init         000152
__Hintcode                  intcode      00014E
__Hintcode_body             intcode_body 000000
__Hintcodelo                intcodelo    00014E
__Hintentry                 intentry     000000
__Hintret                   intret       000000
__Hintsave_regs             intsave_regs 000000
__Hirdata                   irdata       000000
__Hmediumconst              mediumconst  010000
__HnvFARRAM                 nvFARRAM     000000
__Hnvbit                    nvbit        000000
__Hnvrram                   nvrram       000000
__Hparam                    rparam       000000
__Hpowerup                  powerup      00014E
__Hram                      ram          000000
__Hramtop                   ramtop       001000
__Hrbit                     rbit         000000
__Hrbss                     rbss         000000
__Hrdata                    rdata        000000
__Hreset_vec                reset_vec    000004
__Hrparam                   rparam       000000
__Hsfr                      sfr          000000
__Hsivt_hi                  sivt_hi      000000
__Hsivt_lo                  sivt_lo      000000
__Hsmallconst               smallconst   000000
__Hspace_0                  (abs)        010000
__Hspace_1                  (abs)        00022A
__Hspace_2                  (abs)        000000
__Hspace_4                  (abs)        600004
__Hstack                    stack        000000
__Hstruct                   struct       000000
__Htemp                     temp         00005B
__Htext                     text         000000
__Htext0                    text0        000000
__Htext1                    text1        000000
__Htext10                   text10       000000
__Htext11                   text11       000000
__Htext12                   text12       000000
__Htext13                   text13       000000
__Htext14                   text14       000000
__Htext15                   text15       000000
__Htext16                   text16       000000
__Htext17                   text17       000000
__Htext18                   text18       000000
__Htext19                   text19       000000
__Htext2                    text2        000000
__Htext20                   text20       000000
__Htext21                   text21       000000
__Htext22                   text22       000000
__Htext23                   text23       000000
__Htext24                   text24       000000
__Htext25                   text25       000000
__Htext26                   text26       000000
__Htext27                   text27       000000
__Htext28                   text28       000000
__Htext29                   text29       000000
__Htext3                    text3        000000
__Htext30                   text30       000000
__Htext31                   text31       000000
__Htext32                   text32       000000
__Htext33                   text33       000000
__Htext34                   text34       000000
__Htext35                   text35       000000
__Htext36                   text36       000000
__Htext37                   text37       000000
__Htext38                   text38       000000
__Htext39                   text39       000000
__Htext4                    text4        000000
__Htext40                   text40       000000
__Htext41                   text41       000000
__Htext42                   text42       000000
__Htext43                   text43       000000
__Htext44                   text44       000000
__Htext45                   text45       000000
__Htext46                   text46       000000
__Htext47                   text47       000000
__Htext48                   text48       000000
__Htext49                   text49       000000
__Htext5                    text5        000000
__Htext50                   text50       000000
__Htext51                   text51       000000
__Htext52                   text52       000000
__Htext53                   text53       000000
__Htext54                   text54       000000
__Htext55                   text55       000000
__Htext56                   text56       000000
__Htext57                   text57       000000
__Htext58                   text58       000000
__Htext59                   text59       000000
__Htext6                    text6        000000
__Htext60                   text60       000000
__Htext61                   text61       000000
__Htext7                    text7        000000
__Htext8                    text8        000000
__Htext9                    text9        000000
__LRAM                      (abs)        000001
__L__absolute__             __absolute__ 000000
__Labs1                     abs1         000000
__Lbank0                    bank0        000000
__Lbank1                    bank1        000000
__Lbank10                   bank10       000000
__Lbank11                   bank11       000000
__Lbank12                   bank12       000000
__Lbank13                   bank13       000000
__Lbank14                   bank14       000000
__Lbank15                   bank15       000000
__Lbank2                    bank2        000000
__Lbank3                    bank3        000000
__Lbank4                    bank4        000000
__Lbank5                    bank5        000000
__Lbank6                    bank6        000000
__Lbank7                    bank7        000000
__Lbank8                    bank8        000000
__Lbank9                    bank9        000000
__Lbigbss                   bigbss       000000
__Lbigdata                  bigdata      000000
__Lbigram                   bigram       000000
__Lbigsfr                   bigsfr       000000
__Lbss                      bss          000000
__LbssBANK0                 bssBANK0     000000
__LbssBANK1                 bssBANK1     000000
__LbssBANK2                 bssBANK2     000000
__LbssCOMRAM                bssCOMRAM    000000
__Lcinit                    cinit        000000
__Lclrtext                  clrtext      000000
__Lcomram                   comram       000000
__Lconfig                   config       000000
__Lconst                    const        000000
__LcstackBANK0              cstackBANK0  000000
__LcstackBANK1              cstackBANK1  000000
__LcstackCOMRAM             cstackCOMRAM 000000
__Ldata                     data         000000
__LdataBANK1                dataBANK1    000000
__Leeprom_data              eeprom_data  000000
__Lfarbss                   farbss       000000
__Lfardata                  fardata      000000
__Lheap                     heap         000000
__Libigdata                 ibigdata     000000
__Lidata                    idata        000000
__LidataBANK1               idataBANK1   000000
__Lidloc                    idloc        000000
__Lifardata                 ifardata     000000
__Linit                     init         00014E
__Lintcode                  intcode      000008
__Lintcode_body             intcode_body 000000
__Lintcodelo                intcodelo    00014E
__Lintentry                 intentry     000000
__Lintret                   intret       000000
__Lintsave_regs             intsave_regs 000000
__Lirdata                   irdata       000000
__Lmediumconst              mediumconst  00FE36
__LnvFARRAM                 nvFARRAM     000000
__Lnvbit                    nvbit        000000
__Lnvrram                   nvrram       000000
__Lparam                    rparam       000000
__Lpowerup                  powerup      00014E
__Lram                      ram          000000
__Lramtop                   ramtop       001000
__Lrbit                     rbit         000000
__Lrbss                     rbss         000000
__Lrdata                    rdata        000000
__Lreset_vec                reset_vec    000000
__Lrparam                   rparam       000000
__Lsfr                      sfr          000000
__Lsivt_hi                  sivt_hi      000000
__Lsivt_lo                  sivt_lo      000000
__Lsmallconst               smallconst   000000
__Lspace_0                  (abs)        000000
__Lspace_1                  (abs)        000000
__Lspace_2                  (abs)        000000
__Lspace_4                  (abs)        000000
__Lstack                    stack        000000
__Lstruct                   struct       000000
__Ltemp                     temp         00005A
__Ltext                     text         000000
__Ltext0                    text0        000000
__Ltext1                    text1        000000
__Ltext10                   text10       000000
__Ltext11                   text11       000000
__Ltext12                   text12       000000
__Ltext13                   text13       000000
__Ltext14                   text14       000000
__Ltext15                   text15       000000
__Ltext16                   text16       000000
__Ltext17                   text17       000000
__Ltext18                   text18       000000
__Ltext19                   text19       000000
__Ltext2                    text2        000000
__Ltext20                   text20       000000
__Ltext21                   text21       000000
__Ltext22                   text22       000000
__Ltext23                   text23       000000
__Ltext24                   text24       000000
__Ltext25                   text25       000000
__Ltext26                   text26       000000
__Ltext27                   text27       000000
__Ltext28                   text28       000000
__Ltext29                   text29       000000
__Ltext3                    text3        000000
__Ltext30                   text30       000000
__Ltext31                   text31       000000
__Ltext32                   text32       000000
__Ltext33                   text33       000000
__Ltext34                   text34       000000
__Ltext35                   text35       000000
__Ltext36                   text36       000000
__Ltext37                   text37       000000
__Ltext38                   text38       000000
__Ltext39                   text39       000000
__Ltext4                    text4        000000
__Ltext40                   text40       000000
__Ltext41                   text41       000000
__Ltext42                   text42       000000
__Ltext43                   text43       000000
__Ltext44                   text44       000000
__Ltext45                   text45       000000
__Ltext46                   text46       000000
__Ltext47                   text47       000000
__Ltext48                   text48       000000
__Ltext49                   text49       000000
__Ltext5                    text5        000000
__Ltext50                   text50       000000
__Ltext51                   text51       000000
__Ltext52                   text52       000000
__Ltext53                   text53       000000
__Ltext54                   text54       000000
__Ltext55                   text55       000000
__Ltext56                   text56       000000
__Ltext57                   text57       000000
__Ltext58                   text58       000000
__Ltext59                   text59       000000
__Ltext6                    text6        000000
__Ltext60                   text60       000000
__Ltext61                   text61       000000
__Ltext7                    text7        000000
__Ltext8                    text8        000000
__Ltext9                    text9        000000
__S0                        (abs)        010000
__S1                        (abs)        00022A
__S4                        (abs)        000000
__S5                        (abs)        000000
___awdiv                    text57       00482A
___awdiv@counter            cstackCOMRAM 00001C
___awdiv@dividend           cstackCOMRAM 000018
___awdiv@divisor            cstackCOMRAM 00001A
___awdiv@quotient           cstackCOMRAM 00001E
___awdiv@sign               cstackCOMRAM 00001D
___awmod                    text56       0049A0
___awmod@counter            cstackCOMRAM 00000A
___awmod@dividend           cstackCOMRAM 000006
___awmod@divisor            cstackCOMRAM 000008
___awmod@sign               cstackCOMRAM 00000B
___cosdf                    text21       003690
___cosdf$4530               cstackBANK0  00006C
___cosdf$4531               cstackBANK0  000070
___cosdf$4532               cstackBANK0  000074
___cosdf@r                  cstackBANK0  000068
___cosdf@w                  cstackBANK0  000078
___cosdf@x                  cstackBANK0  000064
___cosdf@z                  cstackBANK0  00007C
___fladd                    text44       0015B2
___fladd@a                  cstackCOMRAM 00004A
___fladd@aexp               cstackBANK0  000061
___fladd@b                  cstackCOMRAM 000046
___fladd@bexp               cstackBANK0  000062
___fladd@grs                cstackBANK0  000063
___fladd@signs              cstackBANK0  000060
___fldiv                    text49       002656
___fldiv@a                  cstackCOMRAM 000031
___fldiv@aexp               cstackCOMRAM 000045
___fldiv@b                  cstackCOMRAM 00002D
___fldiv@bexp               cstackCOMRAM 000044
___fldiv@grs                cstackCOMRAM 000040
___fldiv@new_exp            cstackCOMRAM 00003E
___fldiv@rem                cstackCOMRAM 000039
___fldiv@sign               cstackCOMRAM 00003D
___fleq                     text48       004AFE
___fleq@ff1                 cstackCOMRAM 000006
___fleq@ff2                 cstackCOMRAM 00000A
___flge                     text47       004394
___flge@ff1                 cstackCOMRAM 00002D
___flge@ff2                 cstackCOMRAM 000031
___flmul                    text46       001A74
___flmul@a                  cstackCOMRAM 000018
___flmul@aexp               cstackCOMRAM 000021
___flmul@b                  cstackCOMRAM 000014
___flmul@bexp               cstackCOMRAM 000026
___flmul@grs                cstackCOMRAM 000022
___flmul@prod               cstackCOMRAM 000027
___flmul@sign               cstackCOMRAM 000020
___flmul@temp               cstackCOMRAM 00002B
___flneg                    text45       0050A6
___flneg@f1                 cstackBANK0  000080
___flsub                    text43       004F96
___flsub@a                  cstackBANK0  000068
___flsub@b                  cstackBANK0  000064
___fltol                    text42       00428C
___fltol@exp1               cstackCOMRAM 000053
___fltol@f1                 cstackBANK0  000064
___fltol@sign1              cstackCOMRAM 000052
___fpclassifyf              text41       004498
___fpclassifyf@F465         bssBANK1     00011D
___fpclassifyf@e            cstackCOMRAM 00000E
___fpclassifyf@u            cstackCOMRAM 000010
___fpclassifyf@x            cstackCOMRAM 000006
___heap_hi                  (abs)        000000
___heap_lo                  (abs)        000000
___inthi_sp                 stack        000000
___inthi_stack_hi           stack        000000
___inthi_stack_lo           stack        000000
___intlo_sp                 stack        000000
___intlo_stack_hi           stack        000000
___intlo_stack_lo           stack        000000
___lbdiv                    text15       004DF6
___lbdiv@counter            cstackCOMRAM 000008
___lbdiv@dividend           cstackCOMRAM 000007
___lbdiv@divisor            cstackCOMRAM 000006
___lbdiv@quotient           cstackCOMRAM 000009
___lmul                     text14       004D28
___lmul@multiplicand        cstackCOMRAM 00000A
___lmul@multiplier          cstackCOMRAM 000006
___lmul@product             cstackCOMRAM 00000E
___lwdiv                    text32       004C46
___lwdiv@counter            cstackCOMRAM 00000A
___lwdiv@dividend           cstackCOMRAM 000006
___lwdiv@divisor            cstackCOMRAM 000008
___lwdiv@quotient           cstackCOMRAM 00000B
___lwmod                    text31       004D92
___lwmod@counter            cstackCOMRAM 00000A
___lwmod@dividend           cstackCOMRAM 000006
___lwmod@divisor            cstackCOMRAM 000008
___param_bank               (abs)        000000
___rem_pio2f                text19       002294
___rem_pio2f$4533           cstackBANK0  00008F
___rem_pio2f@F526           bssBANK1     000115
___rem_pio2f@fn             cstackBANK0  000098
___rem_pio2f@n              cstackBANK0  0000A0
___rem_pio2f@sign           cstackBANK0  000093
___rem_pio2f@t              cstackBANK0  00009C
___rem_pio2f@ty             cstackBANK0  00008B
___rem_pio2f@ux             cstackBANK0  000094
___rem_pio2f@x              cstackBANK0  000084
___rem_pio2f@y              cstackBANK0  000088
___rparam_used              (abs)        000001
___sindf                    text18       003036
___sindf$4534               cstackBANK0  000070
___sindf$4535               cstackBANK0  000074
___sindf$4536               cstackBANK0  000078
___sindf@r                  cstackBANK0  000068
___sindf@s                  cstackBANK0  00007C
___sindf@w                  cstackBANK0  00006C
___sindf@x                  cstackBANK0  000064
___sindf@z                  cstackBANK0  000080
___sp                       stack        000000
___stack_hi                 stack        000000
___stack_lo                 stack        000000
___wmul                     text35       005214
___wmul@multiplicand        cstackCOMRAM 000008
___wmul@multiplier          cstackCOMRAM 000006
___wmul@product             cstackCOMRAM 00000A
___xxtofl                   text25       00388E
___xxtofl@arg               cstackCOMRAM 000010
___xxtofl@exp               cstackCOMRAM 00000F
___xxtofl@sign              cstackCOMRAM 00000E
___xxtofl@val               cstackCOMRAM 000006
__accesstop                 (abs)        000060
__activetblptr              (abs)        000002
__end_of_C0                 mediumconst  00FE67
__end_of_C1                 mediumconst  00FE63
__end_of_C2                 mediumconst  00FE5F
__end_of_C3                 mediumconst  00FE5B
__end_of_ISR                intcode      00014E
__end_of_LCD_Clear          text59       005184
__end_of_LCD_Init           text60       004760
__end_of_LCD_Send           text61       005260
__end_of_LCD_ShowString     text58       0049A0
__end_of_LED1_Control       text10       0052DC
__end_of_LED2_Control       text9        0052CE
__end_of_LED3_Control       text8        0052C0
__end_of_LED4_Control       text7        0052B2
__end_of_LED5_Control       text6        0052A4
__end_of_LED6_Control       text11       0052EA
__end_of_S1                 mediumconst  00FE47
__end_of_S2                 mediumconst  00FE43
__end_of_S3                 mediumconst  00FE3F
__end_of_S4                 mediumconst  00FE3B
__end_of_SPI_write          text23       0050A6
__end_of___awdiv            text57       0048EE
__end_of___awmod            text56       004A50
__end_of___cosdf            text21       00388E
__end_of___fladd            text44       001A74
__end_of___fldiv            text49       0029F0
__end_of___fleq             text48       004BA8
__end_of___flge             text47       004498
__end_of___flmul            text46       001E9E
__end_of___flneg            text45       0050E0
__end_of___flsub            text43       004FDE
__end_of___fltol            text42       004394
__end_of___fpclassifyf      text41       004596
__end_of___lbdiv            text15       004E52
__end_of___lmul             text14       004D92
__end_of___lwdiv            text32       004CBA
__end_of___lwmod            text31       004DF6
__end_of___rem_pio2f        text19       002656
__end_of___sindf            text18       003268
__end_of___wmul             text35       00523A
__end_of___xxtofl           text25       003A42
__end_of__initialization    cinit        004EEE
__end_of_abs                text55       0051EC
__end_of_dtoa               text50       003D5C
__end_of_efgtoa             text36       000B4C
__end_of_fabsf              text20       0051B8
__end_of_floorf             text40       00347E
__end_of_fputc              text53       00482A
__end_of_fputs              text52       005068
__end_of_half               mediumconst  00FE57
__end_of_invpio2            mediumconst  00FE53
__end_of_labs               text39       004EA8
__end_of_main               text0        002D4E
__end_of_memcpy             text38       004F4C
__end_of_moveDisplay        text26       00428C
__end_of_pad                text51       004C46
__end_of_pio2_1             mediumconst  00FE4F
__end_of_pio2_1t            mediumconst  00FE4B
__end_of_printf             text22       005280
__end_of_putch              text54       005296
__end_of_rand               text13       004D28
__end_of_read_prec_or_width text34       004AFE
__end_of_runADC             text24       003690
__end_of_runDAC             text16       003036
__end_of_runGAME            text12       002294
__end_of_runGPIO            text5        004034
__end_of_runMUSIC           text4        0052EC
__end_of_runPWM             text3        00417A
__end_of_runUART            text1        003EC8
__end_of_s1pio2             mediumconst  00FE77
__end_of_s2pio2             mediumconst  00FE73
__end_of_s3pio2             mediumconst  00FE6F
__end_of_s4pio2             mediumconst  00FE6B
__end_of_sinf               text17       0015B2
__end_of_sprintf            text27       005024
__end_of_stoa               text33       003BE0
__end_of_strcpy             text37       005118
__end_of_strlen             text2        00514E
__end_of_utoa               text30       004686
__end_of_vfpfcnvrt          text29       0010A8
__end_of_vfprintf           text28       004F96
__initialization            cinit        004EA8
__mediumconst               mediumconst  00FE36
__pbssBANK0                 bssBANK0     0000FE
__pbssBANK1                 bssBANK1     000100
__pbssBANK2                 bssBANK2     000200
__pbssCOMRAM                bssCOMRAM    000055
__pcinit                    cinit        004EA8
__pcstackBANK0              cstackBANK0  000060
__pcstackBANK1              cstackBANK1  00019B
__pcstackCOMRAM             cstackCOMRAM 000001
__pdataBANK1                dataBANK1    0001CE
__pidataBANK1               idataBANK1   0051EC
__pintcode                  intcode      000008
__pmediumconst              mediumconst  00FE36
__ptext0                    text0        0029F0
__ptext1                    text1        003D5C
__ptext10                   text10       0052CE
__ptext11                   text11       0052DC
__ptext12                   text12       001E9E
__ptext13                   text13       004CBA
__ptext14                   text14       004D28
__ptext15                   text15       004DF6
__ptext16                   text16       002D4E
__ptext17                   text17       0010A8
__ptext18                   text18       003036
__ptext19                   text19       002294
__ptext2                    text2        005118
__ptext20                   text20       005184
__ptext21                   text21       003690
__ptext22                   text22       005260
__ptext23                   text23       005068
__ptext24                   text24       00347E
__ptext25                   text25       00388E
__ptext26                   text26       00417A
__ptext27                   text27       004FDE
__ptext28                   text28       004F4C
__ptext29                   text29       000B4C
__ptext3                    text3        004034
__ptext30                   text30       004596
__ptext31                   text31       004D92
__ptext32                   text32       004C46
__ptext33                   text33       003A42
__ptext34                   text34       004A50
__ptext35                   text35       005214
__ptext36                   text36       000152
__ptext37                   text37       0050E0
__ptext38                   text38       004EFC
__ptext39                   text39       004E52
__ptext4                    text4        0052EA
__ptext40                   text40       003268
__ptext41                   text41       004498
__ptext42                   text42       00428C
__ptext43                   text43       004F96
__ptext44                   text44       0015B2
__ptext45                   text45       0050A6
__ptext46                   text46       001A74
__ptext47                   text47       004394
__ptext48                   text48       004AFE
__ptext49                   text49       002656
__ptext5                    text5        003EC8
__ptext50                   text50       003BE0
__ptext51                   text51       004BA8
__ptext52                   text52       005024
__ptext53                   text53       004760
__ptext54                   text54       005280
__ptext55                   text55       0051B8
__ptext56                   text56       0049A0
__ptext57                   text57       00482A
__ptext58                   text58       0048EE
__ptext59                   text59       00514E
__ptext6                    text6        005296
__ptext60                   text60       004686
__ptext61                   text61       00523A
__ptext7                    text7        0052A4
__ptext8                    text8        0052B2
__ptext9                    text9        0052C0
__ramtop                    ramtop       001000
__smallconst                smallconst   000000
_abs                        text55       0051B8
_dbuf                       bssBANK1     000127
_dtoa                       text50       003BE0
_dtoa$4039                  cstackCOMRAM 000024
_efgtoa                     text36       000152
_efgtoa$4070                cstackBANK0  000093
_fabsf                      text20       005184
_flags                      bssCOMRAM    000059
_floorf                     text40       003268
_fputc                      text53       004760
_fputs                      text52       005024
_gmail                      bssBANK1     000177
_keepStateGPIO              bssBANK0     0000FE
_labs                       text39       004E52
_main                       text0        0029F0
_memcpy                     text38       004EFC
_moveDisplay                text26       00417A
_pad                        text51       004BA8
_prec                       bssCOMRAM    000057
_printf                     text22       005260
_putch                      text54       005280
_rand                       text13       004CBA
_read_prec_or_width         text34       004A50
_runADC                     text24       00347E
_runDAC                     text16       002D4E
_runDAC$4526                cstackBANK0  0000D3
_runDAC$4527                cstackBANK0  0000D7
_runGAME                    text12       001E9E
_runGPIO                    text5        003EC8
_runMUSIC                   text4        0052EA
_runPWM                     text3        004034
_runUART                    text1        003D5C
_seed                       bssBANK1     000197
_sinf                       text17       0010A8
_sinf$4245                  cstackBANK0  0000A8
_sinf$4246                  cstackBANK0  0000AC
_sinf$4529                  cstackBANK0  0000B2
_sprintf                    text27       004FDE
_stoa                       text33       003A42
_strcpy                     text37       0050E0
_strlen                     text2        005118
_utoa                       text30       004596
_vfpfcnvrt                  text29       000B4C
_vfprintf                   text28       004F4C
_width                      bssCOMRAM    000055
abs@a                       cstackCOMRAM 00000C
btemp                       temp         00005A
dtoa@d                      cstackCOMRAM 000022
dtoa@fp                     cstackCOMRAM 000020
dtoa@i                      cstackCOMRAM 00002B
dtoa@p                      cstackCOMRAM 000028
dtoa@s                      cstackCOMRAM 00002A
dtoa@w                      cstackCOMRAM 000026
efgtoa@c                    cstackBANK0  00008A
efgtoa@d                    cstackBANK0  000098
efgtoa@e                    cstackBANK0  00009C
efgtoa@f                    cstackBANK0  000086
efgtoa@fp                   cstackBANK0  000084
efgtoa@g                    cstackBANK0  0000AF
efgtoa@h                    cstackBANK0  0000A6
efgtoa@i                    cstackBANK0  0000A4
efgtoa@l                    cstackBANK0  0000AA
efgtoa@m                    cstackBANK0  00009A
efgtoa@mode                 cstackBANK0  000096
efgtoa@n                    cstackBANK0  0000B3
efgtoa@ne                   cstackBANK0  00008D
efgtoa@nmode                cstackBANK0  000097
efgtoa@ou                   cstackBANK0  0000A0
efgtoa@p                    cstackBANK0  00008F
efgtoa@pp                   cstackBANK0  000095
efgtoa@sign                 cstackBANK0  0000AE
efgtoa@t                    cstackBANK0  000091
efgtoa@u                    cstackBANK0  0000B5
efgtoa@w                    cstackBANK0  00009E
end_of_initialization       cinit        004EEE
fabsf@F465                  bssBANK1     000111
fabsf@u                     cstackCOMRAM 00000A
fabsf@x                     cstackCOMRAM 000006
floorf@F521                 bssBANK1     000119
floorf@e                    cstackBANK0  000064
floorf@m                    cstackBANK0  000060
floorf@u                    cstackBANK0  000066
floorf@x                    cstackCOMRAM 000046
fputc@c                     cstackCOMRAM 000007
fputc@fp                    cstackCOMRAM 000009
fputs@c                     cstackCOMRAM 000014
fputs@fp                    cstackCOMRAM 000012
fputs@i                     cstackCOMRAM 000015
fputs@s                     cstackCOMRAM 000010
int$flags                   temp         00005A
intlevel0                   text         000000
intlevel1                   text         000000
intlevel2                   text         000000
intlevel3                   text         000000
isa$std                     (abs)        000001
isa$xinst                   (abs)        000000
labs@a                      cstackCOMRAM 000006
main@menuI                  cstackBANK0  0000FD
main@setUpAgain             cstackBANK0  0000FC
memcpy@d                    cstackCOMRAM 00000D
memcpy@d1                   cstackCOMRAM 000006
memcpy@n                    cstackCOMRAM 00000A
memcpy@s                    cstackCOMRAM 00000F
memcpy@s1                   cstackCOMRAM 000008
memcpy@tmp                  cstackCOMRAM 00000C
moveDisplay@F6965           dataBANK1    0001CE
moveDisplay@menuI           cstackBANK1  0001CD
moveDisplay@menuItem1       cstackBANK1  00019B
moveDisplay@menuItem2       cstackBANK1  0001AC
moveDisplay@menuItems       cstackBANK1  0001BD
moveDisplay@where           cstackBANK0  0000E7
pad@buf                     cstackCOMRAM 000019
pad@fp                      cstackCOMRAM 000017
pad@i                       cstackCOMRAM 00001E
pad@p                       cstackCOMRAM 00001B
printf@ap                   cstackCOMRAM 000054
printf@fmt                  cstackBANK0  0000CE
putch@data                  cstackCOMRAM 000006
read_prec_or_width@ap       cstackCOMRAM 00000D
read_prec_or_width@c        cstackCOMRAM 00000E
read_prec_or_width@fmt      cstackCOMRAM 00000C
read_prec_or_width@n        cstackCOMRAM 00000F
runADC@keepState            cstackBANK1  0001B8
runADC@pot1                 cstackBANK1  0001B4
runADC@pot2                 cstackBANK1  0001B6
runADC@text                 cstackBANK1  00019B
runADC@voltage1             cstackBANK1  0001AC
runADC@voltage2             cstackBANK1  0001B0
runDAC@DACindex             cstackBANK0  0000DD
runDAC@keepState            cstackBANK0  0000DB
runDAC@selectModeDAC        cstackBANK0  0000DC
runGAME@GAMEdivider         cstackBANK1  0001C8
runGAME@GAMEpart            cstackBANK1  0001C6
runGAME@GAMEround           cstackBANK1  0001C7
runGAME@approxText          cstackBANK1  0001AC
runGAME@keepStateGAME       cstackBANK1  0001C5
runGAME@pot1                cstackBANK1  0001C9
runGAME@randomNumber        cstackBANK1  0001CB
runGAME@text                cstackBANK1  00019B
runGPIO@F6975               dataBANK1    0001EA
runGPIO@F6993               dataBANK1    0001DE
runGPIO@GPIOi               cstackCOMRAM 000023
runGPIO@LEDControl          cstackCOMRAM 000015
runGPIO@j                   cstackCOMRAM 000024
runGPIO@numberOfStates      cstackCOMRAM 000021
runGPIO@states              cstackCOMRAM 000009
runPWM@keepState            cstackCOMRAM 000022
runPWM@multiplier           cstackCOMRAM 000023
runUART@i                   cstackBANK0  0000F6
runUART@keepState           cstackBANK0  0000F3
runUART@len                 cstackBANK0  0000F4
runUART@p                   cstackBANK0  0000F8
runUART@reversed            cstackBANK0  0000D4
sinf@n                      cstackBANK0  0000B0
sinf@sign                   cstackBANK0  0000B1
sinf@ux                     cstackBANK0  0000BA
sinf@x                      cstackBANK0  0000A4
sinf@y                      cstackBANK0  0000B6
sprintf@ap                  cstackBANK0  0000DA
sprintf@f                   cstackBANK0  0000DB
sprintf@fmt                 cstackBANK0  0000D0
sprintf@s                   cstackBANK0  0000CE
stackhi                     (abs)        000000
stacklo                     (abs)        000000
start                       init         00014E
start_initialization        cinit        004EA8
stoa@cp                     cstackCOMRAM 00001A
stoa@fp                     cstackCOMRAM 000010
stoa@l                      cstackCOMRAM 00001C
stoa@p                      cstackCOMRAM 000016
stoa@s                      cstackCOMRAM 000012
stoa@w                      cstackCOMRAM 000018
strcpy@d                    cstackCOMRAM 00000A
strcpy@dest                 cstackCOMRAM 000006
strcpy@src                  cstackCOMRAM 000008
strlen@a                    cstackCOMRAM 000008
strlen@s                    cstackCOMRAM 000006
ttemp5                      temp         00005B
ttemp6                      temp         00005E
ttemp7                      temp         000062
utoa@d                      cstackCOMRAM 000022
utoa@fp                     cstackCOMRAM 000020
utoa@i                      cstackCOMRAM 000028
utoa@p                      cstackCOMRAM 000026
utoa@w                      cstackCOMRAM 000024
vfpfcnvrt@ap                cstackBANK0  0000BC
vfpfcnvrt@c                 cstackBANK0  0000C4
vfpfcnvrt@convarg           cstackBANK0  0000C0
vfpfcnvrt@cp                cstackBANK0  0000C5
vfpfcnvrt@done              cstackBANK0  0000BF
vfpfcnvrt@fmt               cstackBANK0  0000BB
vfpfcnvrt@fp                cstackBANK0  0000B9
vfprintf@ap                 cstackBANK0  0000CB
vfprintf@cfmt               cstackBANK0  0000CC
vfprintf@fmt                cstackBANK0  0000C9
vfprintf@fp                 cstackBANK0  0000C7
wtemp8                      temp         00005B


MODULE INFORMATION

Module		Function		Class		Link	Load	Size
UART.c
		_runUART       		CODE           	3D5C	0000	364

UART.c estimated size: 364

DAC.c
		_runDAC        		CODE           	2D4E	0000	744
		_SPI_write     		CODE           	5068	0000	62

DAC.c estimated size: 806

D:\MPLABX\Compiler\pic\sources\c99\common\fabsf.c
		_fabsf         		CODE           	5184	0000	52

D:\MPLABX\Compiler\pic\sources\c99\common\fabsf.c estimated size: 52

D:\MPLABX\Compiler\pic\sources\c99\common\memcpy.c
		_memcpy        		CODE           	4EFC	0000	80

D:\MPLABX\Compiler\pic\sources\c99\common\memcpy.c estimated size: 80

D:\MPLABX\Compiler\pic\sources\c99\common\lbdiv.c
		___lbdiv       		CODE           	4DF6	0000	92

D:\MPLABX\Compiler\pic\sources\c99\common\lbdiv.c estimated size: 92

D:\MPLABX\Compiler\pic\sources\c99\common\nf_fputc.c
		_fputc         		CODE           	4760	0000	202

D:\MPLABX\Compiler\pic\sources\c99\common\nf_fputc.c estimated size: 202

D:\MPLABX\Compiler\pic\sources\c99\common\Umul16.c
		___wmul        		CODE           	5214	0000	38

D:\MPLABX\Compiler\pic\sources\c99\common\Umul16.c estimated size: 38

D:\MPLABX\Compiler\pic\sources\c99\common\__fpclassifyf.c
		___fpclassifyf 		CODE           	4498	0000	254

D:\MPLABX\Compiler\pic\sources\c99\common\__fpclassifyf.c estimated size: 254

D:\MPLABX\Compiler\pic\sources\c99\common\rand.c
		_rand          		CODE           	4CBA	0000	110

D:\MPLABX\Compiler\pic\sources\c99\common\rand.c estimated size: 110

GAME.c
		_runGAME       		CODE           	1E9E	0000	1014

GAME.c estimated size: 1014

D:\MPLABX\Compiler\pic\sources\c99\common\fleq.c
		___fleq        		CODE           	4AFE	0000	170

D:\MPLABX\Compiler\pic\sources\c99\common\fleq.c estimated size: 170

D:\MPLABX\Compiler\pic\sources\c99\common\printf.c
		_printf        		CODE           	5260	0000	32

D:\MPLABX\Compiler\pic\sources\c99\common\printf.c estimated size: 32

D:\MPLABX\Compiler\pic\sources\c99\common\lwmod.c
		___lwmod       		CODE           	4D92	0000	100

D:\MPLABX\Compiler\pic\sources\c99\common\lwmod.c estimated size: 100

putch.c
		_putch         		CODE           	5280	0000	22

putch.c estimated size: 22

D:\MPLABX\Compiler\pic\sources\c99\common\awmod.c
		___awmod       		CODE           	49A0	0000	176

D:\MPLABX\Compiler\pic\sources\c99\common\awmod.c estimated size: 176

D:\MPLABX\Compiler\pic\sources\c99\common\__rem_pio2f.c
		___rem_pio2f   		CODE           	2294	0000	962

D:\MPLABX\Compiler\pic\sources\c99\common\__rem_pio2f.c estimated size: 962

D:\MPLABX\Compiler\pic\sources\c99\common\__cosdf.c
		___cosdf       		CODE           	3690	0000	510

D:\MPLABX\Compiler\pic\sources\c99\common\__cosdf.c estimated size: 510

D:\MPLABX\Compiler\pic\sources\c99\common\floorf.c
		_floorf        		CODE           	3268	0000	534

D:\MPLABX\Compiler\pic\sources\c99\common\floorf.c estimated size: 534

D:\MPLABX\Compiler\pic\sources\c99\common\sprcmul.c
		___flmul       		CODE           	1A74	0000	1066

D:\MPLABX\Compiler\pic\sources\c99\common\sprcmul.c estimated size: 1066

D:\MPLABX\Compiler\pic\sources\c99\common\Umul32.c
		___lmul        		CODE           	4D28	0000	106

D:\MPLABX\Compiler\pic\sources\c99\common\Umul32.c estimated size: 106

D:\MPLABX\Compiler\pic\sources\c99\common\abs.c
		_abs           		CODE           	51B8	0000	52

D:\MPLABX\Compiler\pic\sources\c99\common\abs.c estimated size: 52

D:\MPLABX\Compiler\pic\sources\c99\common\__sindf.c
		___sindf       		CODE           	3036	0000	562

D:\MPLABX\Compiler\pic\sources\c99\common\__sindf.c estimated size: 562

D:\MPLABX\Compiler\pic\sources\c99\common\sprcdiv.c
		___fldiv       		CODE           	2656	0000	922

D:\MPLABX\Compiler\pic\sources\c99\common\sprcdiv.c estimated size: 922

PWM.c
		_runPWM        		CODE           	4034	0000	326

PWM.c estimated size: 326

interrupt.c
		_ISR           		CODE           	0008	0000	326

interrupt.c estimated size: 326

D:\MPLABX\Compiler\pic\sources\c99\common\fltol.c
		___fltol       		CODE           	428C	0000	264

D:\MPLABX\Compiler\pic\sources\c99\common\fltol.c estimated size: 264

shared
		_S1            		MEDIUMCONST    	0000	0000	0
		_S2            		MEDIUMCONST    	0000	0000	0
		_S3            		MEDIUMCONST    	0000	0000	0
		_S4            		MEDIUMCONST    	0000	0000	0
		_s1pio2        		MEDIUMCONST    	0000	0000	0
		__initialization		CODE           	4EA8	0000	70
		_s2pio2        		MEDIUMCONST    	0000	0000	0
		_s3pio2        		MEDIUMCONST    	0000	0000	0
		_s4pio2        		MEDIUMCONST    	0000	0000	0
		_pio2_1t       		MEDIUMCONST    	0000	0000	0
		_half          		MEDIUMCONST    	0000	0000	0
		_pio2_1        		MEDIUMCONST    	0000	0000	0
		_C0            		MEDIUMCONST    	0000	0000	0
		_C1            		MEDIUMCONST    	0000	0000	0
		_C2            		MEDIUMCONST    	0000	0000	0
		_C3            		MEDIUMCONST    	0000	0000	0
		_invpio2       		MEDIUMCONST    	0000	0000	0

shared estimated size: 70

D:\MPLABX\Compiler\pic\sources\c99\common\xxtofl.c
		___xxtofl      		CODE           	388E	0000	436

D:\MPLABX\Compiler\pic\sources\c99\common\xxtofl.c estimated size: 436

ADC.c
		_runADC        		CODE           	347E	0000	530

ADC.c estimated size: 530

D:\MPLABX\Compiler\pic\sources\c99\common\nf_sprintf.c
		_sprintf       		CODE           	4FDE	0000	70

D:\MPLABX\Compiler\pic\sources\c99\common\nf_sprintf.c estimated size: 70

GPIO.c
		_LED1_Control  		CODE           	52CE	0000	14
		_LED2_Control  		CODE           	52C0	0000	14
		_LED3_Control  		CODE           	52B2	0000	14
		_LED4_Control  		CODE           	52A4	0000	14
		_LED5_Control  		CODE           	5296	0000	14
		_LED6_Control  		CODE           	52DC	0000	14
		_runGPIO       		CODE           	3EC8	0000	364

GPIO.c estimated size: 448

D:\MPLABX\Compiler\pic\sources\c99\common\strlen.c
		_strlen        		CODE           	5118	0000	54

D:\MPLABX\Compiler\pic\sources\c99\common\strlen.c estimated size: 54

D:\MPLABX\Compiler\pic\sources\c99\common\sinf.c
		_sinf          		CODE           	10A8	0000	1290

D:\MPLABX\Compiler\pic\sources\c99\common\sinf.c estimated size: 1290

D:\MPLABX\Compiler\pic\sources\c99\common\labs.c
		_labs          		CODE           	4E52	0000	86

D:\MPLABX\Compiler\pic\sources\c99\common\labs.c estimated size: 86

menu.c
		_moveDisplay   		CODE           	417A	0000	274

menu.c estimated size: 274

D:\MPLABX\Compiler\pic\sources\c99\common\strcpy.c
		_strcpy        		CODE           	50E0	0000	56

D:\MPLABX\Compiler\pic\sources\c99\common\strcpy.c estimated size: 56

lcd.c
		_LCD_Init      		CODE           	4686	0000	218
		_LCD_Send      		CODE           	523A	0000	38
		_LCD_ShowString		CODE           	48EE	0000	178
		_LCD_Clear     		CODE           	514E	0000	54

lcd.c estimated size: 488

D:\MPLABX\Compiler\pic\sources\c99\common\lwdiv.c
		___lwdiv       		CODE           	4C46	0000	116

D:\MPLABX\Compiler\pic\sources\c99\common\lwdiv.c estimated size: 116

D:\MPLABX\Compiler\pic\sources\c99\common\awdiv.c
		___awdiv       		CODE           	482A	0000	196

D:\MPLABX\Compiler\pic\sources\c99\common\awdiv.c estimated size: 196

D:\MPLABX\Compiler\pic\sources\c99\common\nf_fputs.c
		_fputs         		CODE           	5024	0000	68

D:\MPLABX\Compiler\pic\sources\c99\common\nf_fputs.c estimated size: 68

MUSIC.c
		_runMUSIC      		CODE           	52EA	0000	2

MUSIC.c estimated size: 2

D:\MPLABX\Compiler\pic\sources\c99\common\flge.c
		___flge        		CODE           	4394	0000	260

D:\MPLABX\Compiler\pic\sources\c99\common\flge.c estimated size: 260

main.c
		_main          		CODE           	29F0	0000	862

main.c estimated size: 862

D:\MPLABX\Compiler\pic\sources\c99\common\doprnt.c
		_read_prec_or_width		CODE           	4A50	0000	174
		_vfpfcnvrt     		CODE           	0B4C	0000	1372
		_efgtoa        		CODE           	0152	0000	2554
		_pad           		CODE           	4BA8	0000	158
		_dtoa          		CODE           	3BE0	0000	380
		_vfprintf      		CODE           	4F4C	0000	74
		_stoa          		CODE           	3A42	0000	414
		_utoa          		CODE           	4596	0000	240

D:\MPLABX\Compiler\pic\sources\c99\common\doprnt.c estimated size: 5366

D:\MPLABX\Compiler\pic\sources\c99\common\sprcadd.c
		___flsub       		CODE           	4F96	0000	72
		___fladd       		CODE           	15B2	0000	1218

D:\MPLABX\Compiler\pic\sources\c99\common\sprcadd.c estimated size: 1290

D:\MPLABX\Compiler\pic\sources\c99\common\flneg.c
		___flneg       		CODE           	50A6	0000	58

D:\MPLABX\Compiler\pic\sources\c99\common\flneg.c estimated size: 58

