Microchip MPLAB XC8 Compiler V2.46

Linker command line:

-W-3 \
  --edf=C:\Program Files\Microchip\xc8\v2.46\pic\dat\20240104201356_en.msgs \
  -cn -h+dist/default/production\Strasak_David_219502.X.production.sym \
  --cmf=dist/default/production\Strasak_David_219502.X.production.cmf -z \
  -Q18F46K22 -oC:\Users\David\AppData\Local\Temp\xcAsgq8.\driver_tmp_3.o \
  --defsym=__MPLAB_BUILD=1 --fixupoverflow=error \
  -Mdist/default/production/Strasak_David_219502.X.production.map \
  --md=C:\Users\David\AppData\Local\Temp\xcAsgq8.\driver_tmp_0.dat -E1 \
  -ver=XC8 Compiler --acfsm=1493 -ACODE=00h-0FFFFh -ACONST=00h-0FFFFh \
  -ASMALLCONST=01000h-010FFhx240 -AMEDIUMCONST=01000h-0FFFFh \
  -ACOMRAM=01h-05Fh -AABS1=00h-0F37h -ABIGRAM=01h-0F37h \
  -ARAM=060h-0FFh,0100h-01FFhx14,0F00h-0F37h -ABANK0=060h-0FFh \
  -ABANK1=0100h-01FFh -ABANK2=0200h-02FFh -ABANK3=0300h-03FFh \
  -ABANK4=0400h-04FFh -ABANK5=0500h-05FFh -ABANK6=0600h-06FFh \
  -ABANK7=0700h-07FFh -ABANK8=0800h-08FFh -ABANK9=0900h-09FFh \
  -ABANK10=0A00h-0AFFh -ABANK11=0B00h-0BFFh -ABANK12=0C00h-0CFFh \
  -ABANK13=0D00h-0DFFh -ABANK14=0E00h-0EFFh -ABANK15=0F00h-0F37h \
  -ASFR=0F38h-0F5Fh,0F60h-0FFFh -ABIGSFR=0F38h-0FFFh \
  -ACONFIG=0300000h-030000Dh -AIDLOC=0200000h-0200007h \
  -AEEDATA=0F00000h-0F003FFh -peeprom_data=EEDATA \
  -preset_vec=00h,intcode=8h,intcodelo,powerup,init -pramtop=01000h \
  -psmallconst=SMALLCONST -pmediumconst=MEDIUMCONST -pconst=CONST \
  -AFARRAM=00h-00h \
  -prdata=COMRAM,nvrram=COMRAM,nvbit=COMRAM,rbss=COMRAM,rbit=COMRAM \
  -pfarbss=FARRAM,fardata=FARRAM,nvFARRAM=FARRAM \
  -pintsave_regs=BIGRAM,bigbss=BIGRAM,bigdata=BIGRAM -pbss=RAM \
  -pidata=CODE,irdata=CODE,ibigdata=CODE,ifardata=CODE -prparam=COMRAM \
  C:\Users\David\AppData\Local\Temp\xcAsgq8.\driver_tmp_14.o \
  dist/default/production\Strasak_David_219502.X.production.o 

Object code version is 3.11

Machine type is 18F46K22



                Name                               Link     Load   Length Selector   Space Scale
C:\Users\David\AppData\Local\Temp\xcAsgq8.\driver_tmp_14.o
                config                           300000   300000        4        0       4
                init                                 8C       8C        4        4       0
                reset_vec                             0        0        4        0       0
dist/default/production\Strasak_David_219502.X.production.o
                intcode                               8        8       84        4       0
                config                           300000   300000        4        0       4
                temp                                 5D       5D        1        1       1
                smallconst                         1000     1000       BA      800       0
                text41                             4048     4048       26      85D       0
                text40                             38C2     38C2       DA      85D       0
                text39                             3F84     3F84       36      85D       0
                text38                             3B1A     3B1A       B2      85D       0
                text37                             399C     399C       C4      85D       0
                text36                             3BCC     3BCC       B0      85D       0
                text35                             3FEE     3FEE       34      85D       0
                text34                             40A8     40A8       16      85D       0
                text33                             3A60     3A60       BA      85D       0
                text32                             3E50     3E50       44      85D       0
                text31                             3D22     3D22       9E      85D       0
                text30                             357C     357C      152      85D       0
                text29                             4022     4022       26      85D       0
                text28                             3C7C     3C7C       A6      85D       0
                text27                             32AE     32AE      16E      85D       0
                text26                             260A     260A      258      85D       0
                text25                             3E94     3E94       42      85D       0
                text24                             3F4E     3F4E       36      85D       0
                text23                             37D6     37D6       EC      85D       0
                text22                             3ED6     3ED6       3E      85D       0
                text21                             2270     2270      39A      85D       0
                text20                             408E     408E       1A      85D       0
                text19                             15C4     15C4      4C0      85D       0
                text18                             1A84     1A84      42A      85D       0
                text17                             2EFC     2EFC      1FE      85D       0
                text16                             3F14     3F14       3A      85D       0
                text15                             3E0A     3E0A       46      85D       0
                text14                             36CE     36CE      108      85D       0
                text13                             30FA     30FA      1B4      85D       0
                text12                             3FBA     3FBA       34      85D       0
                text11                             1EAE     1EAE      3C2      85D       0
                text10                             2AAA     2AAA      232      85D       0
                text9                              10BA     10BA      50A      85D       0
                text8                              2862     2862      248      85D       0
                text7                              4104     4104        E      85D       0
                text6                              40F6     40F6        E      85D       0
                text5                              40E8     40E8        E      85D       0
                text4                              40DA     40DA        E      85D       0
                text3                              40CC     40CC        E      85D       0
                text2                              40BE     40BE        E      85D       0
                text1                              341C     341C      160      85D       0
                text0                              2CDC     2CDC      220      85D       0
                cstackCOMRAM                          1        1       5A        1       1
                cstackBANK0                          60       60       66       60       1
                bssBANK1                            100      100       20      100       1
                dataBANK0                            C6       C6       20       60       1
                bssBANK0                             E6       E6        D       60       1
                bssCOMRAM                            5B       5B        2        1       1
                cinit                              3DC0     3DC0       4A      85D       0
                idataBANK0                         406E     406E       20      85D       0

TOTAL           Name                               Link     Load   Length     Space
        CLASS   CODE           
                intcode                               8        8       84         0
                init                                 8C       8C        4         0
                reset_vec                             0        0        4         0
                text41                             4048     4048       26         0
                text40                             38C2     38C2       DA         0
                text39                             3F84     3F84       36         0
                text38                             3B1A     3B1A       B2         0
                text37                             399C     399C       C4         0
                text36                             3BCC     3BCC       B0         0
                text35                             3FEE     3FEE       34         0
                text34                             40A8     40A8       16         0
                text33                             3A60     3A60       BA         0
                text32                             3E50     3E50       44         0
                text31                             3D22     3D22       9E         0
                text30                             357C     357C      152         0
                text29                             4022     4022       26         0
                text28                             3C7C     3C7C       A6         0
                text27                             32AE     32AE      16E         0
                text26                             260A     260A      258         0
                text25                             3E94     3E94       42         0
                text24                             3F4E     3F4E       36         0
                text23                             37D6     37D6       EC         0
                text22                             3ED6     3ED6       3E         0
                text21                             2270     2270      39A         0
                text20                             408E     408E       1A         0
                text19                             15C4     15C4      4C0         0
                text18                             1A84     1A84      42A         0
                text17                             2EFC     2EFC      1FE         0
                text16                             3F14     3F14       3A         0
                text15                             3E0A     3E0A       46         0
                text14                             36CE     36CE      108         0
                text13                             30FA     30FA      1B4         0
                text12                             3FBA     3FBA       34         0
                text11                             1EAE     1EAE      3C2         0
                text10                             2AAA     2AAA      232         0
                text9                              10BA     10BA      50A         0
                text8                              2862     2862      248         0
                text7                              4104     4104        E         0
                text6                              40F6     40F6        E         0
                text5                              40E8     40E8        E         0
                text4                              40DA     40DA        E         0
                text3                              40CC     40CC        E         0
                text2                              40BE     40BE        E         0
                text1                              341C     341C      160         0
                text0                              2CDC     2CDC      220         0
                cinit                              3DC0     3DC0       4A         0
                idataBANK0                         406E     406E       20         0

        CLASS   CONST          

        CLASS   SMALLCONST     
                smallconst                         1000     1000       BA         0

        CLASS   MEDIUMCONST    

        CLASS   COMRAM         
                temp                                 5D       5D        1         1
                cstackCOMRAM                          1        1       5A         1
                bssCOMRAM                            5B       5B        2         1

        CLASS   ABS1           

        CLASS   BIGRAM         

        CLASS   RAM            

        CLASS   BANK0          
                cstackBANK0                          60       60       66         1
                dataBANK0                            C6       C6       20         1
                bssBANK0                             E6       E6        D         1

        CLASS   BANK1          
                bssBANK1                            100      100       20         1

        CLASS   BANK2          

        CLASS   BANK3          

        CLASS   BANK4          

        CLASS   BANK5          

        CLASS   BANK6          

        CLASS   BANK7          

        CLASS   BANK8          

        CLASS   BANK9          

        CLASS   BANK10         

        CLASS   BANK11         

        CLASS   BANK12         

        CLASS   BANK13         

        CLASS   BANK14         

        CLASS   BANK15         

        CLASS   SFR            

        CLASS   BIGSFR         

        CLASS   CONFIG         
                config                           300000   300000        4         4

        CLASS   IDLOC          

        CLASS   EEDATA         

        CLASS   FARRAM         

        CLASS   HEAP           

        CLASS   STACK          



SEGMENTS        Name                           Load    Length   Top    Selector   Space  Class

                reset_vec                      000000  000004  000004         0       0  CODE    
                cstackCOMRAM                   000001  00005D  00005E         1       1  COMRAM  
                intcode                        000008  000088  000090         4       0  CODE    
                cstackBANK0                    000060  000093  0000F3        60       1  BANK0   
                bssBANK1                       000100  000020  000120       100       1  BANK1   
                smallconst                     001000  0000BA  0010BA       800       0  SMALLCON
                text9                          0010BA  003058  004112       85D       0  CODE    


UNUSED ADDRESS RANGES

        Name                Unused          Largest block    Delta
        BANK0            0000F3-0000FF                D
        BANK1            000120-0001FF               E0
        BANK10           000A00-000AFF              100
        BANK11           000B00-000BFF              100
        BANK12           000C00-000CFF              100
        BANK13           000D00-000DFF              100
        BANK14           000E00-000EFF              100
        BANK15           000F00-000F37               38
        BANK2            000200-0002FF              100
        BANK3            000300-0003FF              100
        BANK4            000400-0004FF              100
        BANK5            000500-0005FF              100
        BANK6            000600-0006FF              100
        BANK7            000700-0007FF              100
        BANK8            000800-0008FF              100
        BANK9            000900-0009FF              100
        BIGRAM           00005E-00005F                2
                         0000F3-0000FF                D
                         000120-000F37              E18
        BIGSFR           000F38-000FFF               C8
        CODE             000004-000007                4
                         000090-000FFF              F70
                         004112-00FFFF             BEEE
        COMRAM           00005E-00005F                2
        CONFIG           300004-30000D                A
        CONST            000004-000007                4
                         000090-000FFF              F70
                         004112-00FFFF             BEEE
        EEDATA           F00000-F003FF              400
        IDLOC            200000-200007                8
        MEDIUMCONST      004112-00FFFF             BEEE
        RAM              0000F3-0000FF                D
                         000120-000F37              100
        SFR              000F38-000FFF               28
        SMALLCONST       004112-00FFFF              100

                                  Symbol Table

?___awdiv                   cstackCOMRAM 000003
?___awmod                   cstackCOMRAM 000003
?___cosdf                   cstackCOMRAM 000053
?___fladd                   cstackCOMRAM 000043
?___fldiv                   cstackCOMRAM 00002A
?___flmul                   cstackCOMRAM 000011
?___flneg                   cstackBANK0  000078
?___flsub                   cstackCOMRAM 000053
?___fltol                   cstackCOMRAM 000053
?___rem_pio2f               cstackBANK0  00007C
?___sindf                   cstackCOMRAM 000053
?___wmul                    cstackCOMRAM 000003
?___xxtofl                  cstackCOMRAM 000003
?_abs                       cstackCOMRAM 000009
?_fabsf                     cstackCOMRAM 000003
?_printf                    cstackCOMRAM 000039
?_read_prec_or_width        cstackCOMRAM 000009
?_sinf                      cstackBANK0  00009C
?_sprintf                   cstackCOMRAM 000039
?_vfprintf                  cstackCOMRAM 000034
LCD_Send@data               cstackCOMRAM 000003
LCD_ShowString@i            cstackCOMRAM 000009
LCD_ShowString@lineNum      cstackCOMRAM 000008
LCD_ShowString@textData     cstackCOMRAM 000004
LED1_Control@state          cstackCOMRAM 000003
LED2_Control@state          cstackCOMRAM 000003
LED3_Control@state          cstackCOMRAM 000003
LED4_Control@state          cstackCOMRAM 000003
LED5_Control@state          cstackCOMRAM 000003
LED6_Control@state          cstackCOMRAM 000003
SPI_write@LSB               cstackCOMRAM 000004
SPI_write@MSB               cstackCOMRAM 000003
SPI_write@data              cstackCOMRAM 000005
_ADCON0bits                 (abs)        000FC2
_ADCON2bits                 (abs)        000FC0
_ADRESH                     (abs)        000FC4
_ANSELAbits                 (abs)        000F38
_ANSELBbits                 (abs)        000F39
_ANSELDbits                 (abs)        000F3B
_GIE                        (abs)        007F97
_GODONE                     (abs)        007E11
_GPIOIE                     bssBANK0     0000F2
_ISR                        intcode      000008
_LATAbits                   (abs)        000F89
_LATBbits                   (abs)        000F8A
_LATCbits                   (abs)        000F8B
_LATDbits                   (abs)        000F8C
_LCD_Clear                  text39       003F84
_LCD_Init                   text40       0038C2
_LCD_Send                   text41       004048
_LCD_ShowString             text38       003B1A
_LED1_Control               text6        0040F6
_LED2_Control               text5        0040E8
_LED3_Control               text4        0040DA
_LED4_Control               text3        0040CC
_LED5_Control               text2        0040BE
_LED6_Control               text7        004104
_PEIE                       (abs)        007F96
_PORTAbits                  (abs)        000F80
_PORTCbits                  (abs)        000F82
_RCSTA1bits                 (abs)        000FAB
_SPBRG1                     (abs)        000FAF
_SPI_write                  text22       003ED6
_SSP1BUF                    (abs)        000FC9
_SSP1CON1bits               (abs)        000FC6
_SSP1IF                     (abs)        007CF3
_SSP1STATbits               (abs)        000FC7
_SSP2ADD                    (abs)        000F6E
_SSP2BUF                    (abs)        000F6F
_SSP2CON1bits               (abs)        000F6C
_SSP2CON2bits               (abs)        000F6B
_SSP2IF                     (abs)        007D27
_SSP2STATbits               (abs)        000F6D
_T1CONbits                  (abs)        000FCD
_TMR1                       (abs)        000FCE
_TMR1IE                     (abs)        007CE8
_TMR1IF                     (abs)        007CF0
_TMR1ON                     (abs)        007E68
_TRISAbits                  (abs)        000F92
_TRISBbits                  (abs)        000F93
_TRISCbits                  (abs)        000F94
_TRISDbits                  (abs)        000F95
_TX1IF                      (abs)        007CF4
_TXREG1                     (abs)        000FAD
_TXSTA1bits                 (abs)        000FAC
__HRAM                      (abs)        000000
__H__absolute__             __absolute__ 000000
__Habs1                     abs1         000000
__Hbank0                    bank0        000000
__Hbank1                    bank1        000000
__Hbank10                   bank10       000000
__Hbank11                   bank11       000000
__Hbank12                   bank12       000000
__Hbank13                   bank13       000000
__Hbank14                   bank14       000000
__Hbank15                   bank15       000000
__Hbank2                    bank2        000000
__Hbank3                    bank3        000000
__Hbank4                    bank4        000000
__Hbank5                    bank5        000000
__Hbank6                    bank6        000000
__Hbank7                    bank7        000000
__Hbank8                    bank8        000000
__Hbank9                    bank9        000000
__Hbigbss                   bigbss       000000
__Hbigdata                  bigdata      000000
__Hbigram                   bigram       000000
__Hbigsfr                   bigsfr       000000
__Hbss                      bss          000000
__HbssBANK0                 bssBANK0     000000
__HbssBANK1                 bssBANK1     000000
__HbssCOMRAM                bssCOMRAM    000000
__Hcinit                    cinit        000000
__Hclrtext                  clrtext      000000
__Hcomram                   comram       000000
__Hconfig                   config       300004
__Hconst                    const        000000
__HcstackBANK0              cstackBANK0  000000
__HcstackCOMRAM             cstackCOMRAM 000000
__Hdata                     data         000000
__HdataBANK0                dataBANK0    000000
__Heeprom_data              eeprom_data  000000
__Hfarbss                   farbss       000000
__Hfardata                  fardata      000000
__Hheap                     heap         000000
__Hibigdata                 ibigdata     000000
__Hidata                    idata        000000
__HidataBANK0               idataBANK0   000000
__Hidloc                    idloc        000000
__Hifardata                 ifardata     000000
__Hinit                     init         000090
__Hintcode                  intcode      00008C
__Hintcode_body             intcode_body 000000
__Hintcodelo                intcodelo    00008C
__Hintentry                 intentry     000000
__Hintret                   intret       000000
__Hintsave_regs             intsave_regs 000000
__Hirdata                   irdata       000000
__Hmediumconst              mediumconst  000000
__HnvFARRAM                 nvFARRAM     000000
__Hnvbit                    nvbit        000000
__Hnvrram                   nvrram       000000
__Hparam                    rparam       000000
__Hpowerup                  powerup      00008C
__Hram                      ram          000000
__Hramtop                   ramtop       001000
__Hrbit                     rbit         000000
__Hrbss                     rbss         000000
__Hrdata                    rdata        000000
__Hreset_vec                reset_vec    000004
__Hrparam                   rparam       000000
__Hsfr                      sfr          000000
__Hsivt_hi                  sivt_hi      000000
__Hsivt_lo                  sivt_lo      000000
__Hsmallconst               smallconst   0010BA
__Hspace_0                  (abs)        004112
__Hspace_1                  (abs)        000120
__Hspace_2                  (abs)        000000
__Hspace_4                  (abs)        600004
__Hstack                    stack        000000
__Hstruct                   struct       000000
__Htemp                     temp         00005E
__Htext                     text         000000
__Htext0                    text0        000000
__Htext1                    text1        000000
__Htext10                   text10       000000
__Htext11                   text11       000000
__Htext12                   text12       000000
__Htext13                   text13       000000
__Htext14                   text14       000000
__Htext15                   text15       000000
__Htext16                   text16       000000
__Htext17                   text17       000000
__Htext18                   text18       000000
__Htext19                   text19       000000
__Htext2                    text2        000000
__Htext20                   text20       000000
__Htext21                   text21       000000
__Htext22                   text22       000000
__Htext23                   text23       000000
__Htext24                   text24       000000
__Htext25                   text25       000000
__Htext26                   text26       000000
__Htext27                   text27       000000
__Htext28                   text28       000000
__Htext29                   text29       000000
__Htext3                    text3        000000
__Htext30                   text30       000000
__Htext31                   text31       000000
__Htext32                   text32       000000
__Htext33                   text33       000000
__Htext34                   text34       000000
__Htext35                   text35       000000
__Htext36                   text36       000000
__Htext37                   text37       000000
__Htext38                   text38       000000
__Htext39                   text39       000000
__Htext4                    text4        000000
__Htext40                   text40       000000
__Htext41                   text41       000000
__Htext5                    text5        000000
__Htext6                    text6        000000
__Htext7                    text7        000000
__Htext8                    text8        000000
__Htext9                    text9        000000
__LRAM                      (abs)        000001
__L__absolute__             __absolute__ 000000
__Labs1                     abs1         000000
__Lbank0                    bank0        000000
__Lbank1                    bank1        000000
__Lbank10                   bank10       000000
__Lbank11                   bank11       000000
__Lbank12                   bank12       000000
__Lbank13                   bank13       000000
__Lbank14                   bank14       000000
__Lbank15                   bank15       000000
__Lbank2                    bank2        000000
__Lbank3                    bank3        000000
__Lbank4                    bank4        000000
__Lbank5                    bank5        000000
__Lbank6                    bank6        000000
__Lbank7                    bank7        000000
__Lbank8                    bank8        000000
__Lbank9                    bank9        000000
__Lbigbss                   bigbss       000000
__Lbigdata                  bigdata      000000
__Lbigram                   bigram       000000
__Lbigsfr                   bigsfr       000000
__Lbss                      bss          000000
__LbssBANK0                 bssBANK0     000000
__LbssBANK1                 bssBANK1     000000
__LbssCOMRAM                bssCOMRAM    000000
__Lcinit                    cinit        000000
__Lclrtext                  clrtext      000000
__Lcomram                   comram       000000
__Lconfig                   config       000000
__Lconst                    const        000000
__LcstackBANK0              cstackBANK0  000000
__LcstackCOMRAM             cstackCOMRAM 000000
__Ldata                     data         000000
__LdataBANK0                dataBANK0    000000
__Leeprom_data              eeprom_data  000000
__Lfarbss                   farbss       000000
__Lfardata                  fardata      000000
__Lheap                     heap         000000
__Libigdata                 ibigdata     000000
__Lidata                    idata        000000
__LidataBANK0               idataBANK0   000000
__Lidloc                    idloc        000000
__Lifardata                 ifardata     000000
__Linit                     init         00008C
__Lintcode                  intcode      000008
__Lintcode_body             intcode_body 000000
__Lintcodelo                intcodelo    00008C
__Lintentry                 intentry     000000
__Lintret                   intret       000000
__Lintsave_regs             intsave_regs 000000
__Lirdata                   irdata       000000
__Lmediumconst              mediumconst  000000
__LnvFARRAM                 nvFARRAM     000000
__Lnvbit                    nvbit        000000
__Lnvrram                   nvrram       000000
__Lparam                    rparam       000000
__Lpowerup                  powerup      00008C
__Lram                      ram          000000
__Lramtop                   ramtop       001000
__Lrbit                     rbit         000000
__Lrbss                     rbss         000000
__Lrdata                    rdata        000000
__Lreset_vec                reset_vec    000000
__Lrparam                   rparam       000000
__Lsfr                      sfr          000000
__Lsivt_hi                  sivt_hi      000000
__Lsivt_lo                  sivt_lo      000000
__Lsmallconst               smallconst   001000
__Lspace_0                  (abs)        000000
__Lspace_1                  (abs)        000000
__Lspace_2                  (abs)        000000
__Lspace_4                  (abs)        000000
__Lstack                    stack        000000
__Lstruct                   struct       000000
__Ltemp                     temp         00005D
__Ltext                     text         000000
__Ltext0                    text0        000000
__Ltext1                    text1        000000
__Ltext10                   text10       000000
__Ltext11                   text11       000000
__Ltext12                   text12       000000
__Ltext13                   text13       000000
__Ltext14                   text14       000000
__Ltext15                   text15       000000
__Ltext16                   text16       000000
__Ltext17                   text17       000000
__Ltext18                   text18       000000
__Ltext19                   text19       000000
__Ltext2                    text2        000000
__Ltext20                   text20       000000
__Ltext21                   text21       000000
__Ltext22                   text22       000000
__Ltext23                   text23       000000
__Ltext24                   text24       000000
__Ltext25                   text25       000000
__Ltext26                   text26       000000
__Ltext27                   text27       000000
__Ltext28                   text28       000000
__Ltext29                   text29       000000
__Ltext3                    text3        000000
__Ltext30                   text30       000000
__Ltext31                   text31       000000
__Ltext32                   text32       000000
__Ltext33                   text33       000000
__Ltext34                   text34       000000
__Ltext35                   text35       000000
__Ltext36                   text36       000000
__Ltext37                   text37       000000
__Ltext38                   text38       000000
__Ltext39                   text39       000000
__Ltext4                    text4        000000
__Ltext40                   text40       000000
__Ltext41                   text41       000000
__Ltext5                    text5        000000
__Ltext6                    text6        000000
__Ltext7                    text7        000000
__Ltext8                    text8        000000
__Ltext9                    text9        000000
__S0                        (abs)        004112
__S1                        (abs)        000120
__S4                        (abs)        000000
__S5                        (abs)        000000
___awdiv                    text37       00399C
___awdiv@counter            cstackCOMRAM 000007
___awdiv@dividend           cstackCOMRAM 000003
___awdiv@divisor            cstackCOMRAM 000005
___awdiv@quotient           cstackCOMRAM 000009
___awdiv@sign               cstackCOMRAM 000008
___awmod                    text36       003BCC
___awmod@counter            cstackCOMRAM 000007
___awmod@dividend           cstackCOMRAM 000003
___awmod@divisor            cstackCOMRAM 000005
___awmod@sign               cstackCOMRAM 000008
___cosdf                    text17       002EFC
___cosdf$3214               cstackBANK0  000064
___cosdf$3215               cstackBANK0  000068
___cosdf$3216               cstackBANK0  00006C
___cosdf@r                  cstackBANK0  000060
___cosdf@w                  cstackBANK0  000070
___cosdf@x                  cstackCOMRAM 000053
___cosdf@z                  cstackBANK0  000074
___fladd                    text19       0015C4
___fladd@a                  cstackCOMRAM 000047
___fladd@aexp               cstackCOMRAM 000050
___fladd@b                  cstackCOMRAM 000043
___fladd@bexp               cstackCOMRAM 000051
___fladd@grs                cstackCOMRAM 000052
___fladd@signs              cstackCOMRAM 00004F
___fldiv                    text21       002270
___fldiv@a                  cstackCOMRAM 00002E
___fldiv@aexp               cstackCOMRAM 000042
___fldiv@b                  cstackCOMRAM 00002A
___fldiv@bexp               cstackCOMRAM 000041
___fldiv@grs                cstackCOMRAM 00003D
___fldiv@new_exp            cstackCOMRAM 00003B
___fldiv@rem                cstackCOMRAM 000036
___fldiv@sign               cstackCOMRAM 00003A
___flmul                    text18       001A84
___flmul@a                  cstackCOMRAM 000015
___flmul@aexp               cstackCOMRAM 000022
___flmul@b                  cstackCOMRAM 000011
___flmul@bexp               cstackCOMRAM 000023
___flmul@grs                cstackCOMRAM 00001E
___flmul@prod               cstackCOMRAM 000024
___flmul@sign               cstackCOMRAM 00001D
___flmul@temp               cstackCOMRAM 000028
___flneg                    text16       003F14
___flneg@f1                 cstackBANK0  000078
___flsub                    text15       003E0A
___flsub@a                  cstackCOMRAM 000057
___flsub@b                  cstackCOMRAM 000053
___fltol                    text14       0036CE
___fltol@exp1               cstackBANK0  000061
___fltol@f1                 cstackCOMRAM 000053
___fltol@sign1              cstackBANK0  000060
___heap_hi                  (abs)        000000
___heap_lo                  (abs)        000000
___inthi_sp                 stack        000000
___inthi_stack_hi           stack        000000
___inthi_stack_lo           stack        000000
___intlo_sp                 stack        000000
___intlo_stack_hi           stack        000000
___intlo_stack_lo           stack        000000
___param_bank               (abs)        000000
___rem_pio2f                text11       001EAE
___rem_pio2f$3217           cstackBANK0  000087
___rem_pio2f@F526           bssBANK0     0000EA
___rem_pio2f@fn             cstackBANK0  000090
___rem_pio2f@n              cstackBANK0  000098
___rem_pio2f@sign           cstackBANK0  00008B
___rem_pio2f@t              cstackBANK0  000094
___rem_pio2f@ty             cstackBANK0  000083
___rem_pio2f@ux             cstackBANK0  00008C
___rem_pio2f@x              cstackBANK0  00007C
___rem_pio2f@y              cstackBANK0  000080
___rparam_used              (abs)        000001
___sindf                    text10       002AAA
___sindf$3218               cstackBANK0  000068
___sindf$3219               cstackBANK0  00006C
___sindf$3220               cstackBANK0  000070
___sindf@r                  cstackBANK0  000060
___sindf@s                  cstackBANK0  000074
___sindf@w                  cstackBANK0  000064
___sindf@x                  cstackCOMRAM 000053
___sindf@z                  cstackBANK0  000078
___sp                       stack        000000
___stack_hi                 stack        000000
___stack_lo                 stack        000000
___wmul                     text29       004022
___wmul@multiplicand        cstackCOMRAM 000005
___wmul@multiplier          cstackCOMRAM 000003
___wmul@product             cstackCOMRAM 000007
___xxtofl                   text13       0030FA
___xxtofl@arg               cstackCOMRAM 00000D
___xxtofl@exp               cstackCOMRAM 00000C
___xxtofl@sign              cstackCOMRAM 00000B
___xxtofl@val               cstackCOMRAM 000003
__accesstop                 (abs)        000060
__activetblptr              (abs)        000002
__end_of_C0                 smallconst   001031
__end_of_C1                 smallconst   00102D
__end_of_C2                 smallconst   001029
__end_of_C3                 smallconst   001025
__end_of_ISR                intcode      00008C
__end_of_LCD_Clear          text39       003FBA
__end_of_LCD_Init           text40       00399C
__end_of_LCD_Send           text41       00406E
__end_of_LCD_ShowString     text38       003BCC
__end_of_LED1_Control       text6        004104
__end_of_LED2_Control       text5        0040F6
__end_of_LED3_Control       text4        0040E8
__end_of_LED4_Control       text3        0040DA
__end_of_LED5_Control       text2        0040CC
__end_of_LED6_Control       text7        004112
__end_of_S1                 smallconst   001011
__end_of_S2                 smallconst   00100D
__end_of_S3                 smallconst   001009
__end_of_S4                 smallconst   001005
__end_of_SPI_write          text22       003F14
__end_of___awdiv            text37       003A60
__end_of___awmod            text36       003C7C
__end_of___cosdf            text17       0030FA
__end_of___fladd            text19       001A84
__end_of___fldiv            text21       00260A
__end_of___flmul            text18       001EAE
__end_of___flneg            text16       003F4E
__end_of___flsub            text15       003E50
__end_of___fltol            text14       0037D6
__end_of___rem_pio2f        text11       002270
__end_of___sindf            text10       002CDC
__end_of___wmul             text29       004048
__end_of___xxtofl           text13       0032AE
__end_of__initialization    cinit        003DFC
__end_of_abs                text35       004022
__end_of_dtoa               text30       0036CE
__end_of_fabsf              text12       003FEE
__end_of_fputc              text33       003B1A
__end_of_fputs              text32       003E94
__end_of_half               smallconst   001021
__end_of_invpio2            smallconst   00101D
__end_of_main               text0        002EFC
__end_of_moveDisplay        text23       0038C2
__end_of_pad                text31       003DC0
__end_of_pio2_1             smallconst   001019
__end_of_pio2_1t            smallconst   001015
__end_of_printf             text20       0040A8
__end_of_putch              text34       0040BE
__end_of_read_prec_or_width text28       003D22
__end_of_runDAC             text8        002AAA
__end_of_runGPIO            text1        00357C
__end_of_s1pio2             smallconst   001041
__end_of_s2pio2             smallconst   00103D
__end_of_s3pio2             smallconst   001039
__end_of_s4pio2             smallconst   001035
__end_of_sinf               text9        0015C4
__end_of_sprintf            text24       003F84
__end_of_stoa               text27       00341C
__end_of_vfpfcnvrt          text26       002862
__end_of_vfprintf           text25       003ED6
__initialization            cinit        003DC0
__mediumconst               mediumconst  000000
__pbssBANK0                 bssBANK0     0000E6
__pbssBANK1                 bssBANK1     000100
__pbssCOMRAM                bssCOMRAM    00005B
__pcinit                    cinit        003DC0
__pcstackBANK0              cstackBANK0  000060
__pcstackCOMRAM             cstackCOMRAM 000001
__pdataBANK0                dataBANK0    0000C6
__pidataBANK0               idataBANK0   00406E
__pintcode                  intcode      000008
__psmallconst               smallconst   001000
__ptext0                    text0        002CDC
__ptext1                    text1        00341C
__ptext10                   text10       002AAA
__ptext11                   text11       001EAE
__ptext12                   text12       003FBA
__ptext13                   text13       0030FA
__ptext14                   text14       0036CE
__ptext15                   text15       003E0A
__ptext16                   text16       003F14
__ptext17                   text17       002EFC
__ptext18                   text18       001A84
__ptext19                   text19       0015C4
__ptext2                    text2        0040BE
__ptext20                   text20       00408E
__ptext21                   text21       002270
__ptext22                   text22       003ED6
__ptext23                   text23       0037D6
__ptext24                   text24       003F4E
__ptext25                   text25       003E94
__ptext26                   text26       00260A
__ptext27                   text27       0032AE
__ptext28                   text28       003C7C
__ptext29                   text29       004022
__ptext3                    text3        0040CC
__ptext30                   text30       00357C
__ptext31                   text31       003D22
__ptext32                   text32       003E50
__ptext33                   text33       003A60
__ptext34                   text34       0040A8
__ptext35                   text35       003FEE
__ptext36                   text36       003BCC
__ptext37                   text37       00399C
__ptext38                   text38       003B1A
__ptext39                   text39       003F84
__ptext4                    text4        0040DA
__ptext40                   text40       0038C2
__ptext41                   text41       004048
__ptext5                    text5        0040E8
__ptext6                    text6        0040F6
__ptext7                    text7        004104
__ptext8                    text8        002862
__ptext9                    text9        0010BA
__ramtop                    ramtop       001000
__smallconst                smallconst   001000
_abs                        text35       003FEE
_dbuf                       bssBANK1     000100
_dtoa                       text30       00357C
_dtoa$2824                  cstackCOMRAM 000021
_fabsf                      text12       003FBA
_flags                      bssCOMRAM    00005B
_fputc                      text33       003A60
_fputs                      text32       003E50
_keepStateGPIO              bssCOMRAM    00005C
_main                       text0        002CDC
_moveDisplay                text23       0037D6
_pad                        text31       003D22
_prec                       bssBANK0     0000F0
_printf                     text20       00408E
_putch                      text34       0040A8
_read_prec_or_width         text28       003C7C
_runDAC                     text8        002862
_runDAC$3210                cstackBANK0  0000B7
_runDAC$3211                cstackBANK0  0000BB
_runGPIO                    text1        00341C
_sinf                       text9        0010BA
_sinf$2947                  cstackBANK0  0000A0
_sinf$2948                  cstackBANK0  0000A4
_sinf$3213                  cstackBANK0  0000AA
_sprintf                    text24       003F4E
_stoa                       text27       0032AE
_vfpfcnvrt                  text26       00260A
_vfprintf                   text25       003E94
_width                      bssBANK0     0000EE
abs@a                       cstackCOMRAM 000009
btemp                       temp         00005D
dtoa@d                      cstackCOMRAM 00001F
dtoa@fp                     cstackCOMRAM 00001D
dtoa@i                      cstackCOMRAM 000027
dtoa@p                      cstackCOMRAM 000023
dtoa@s                      cstackCOMRAM 000026
dtoa@w                      cstackCOMRAM 000024
end_of_initialization       cinit        003DFC
fabsf@F465                  bssBANK0     0000E6
fabsf@u                     cstackCOMRAM 000007
fabsf@x                     cstackCOMRAM 000003
fputc@c                     cstackCOMRAM 000004
fputc@fp                    cstackCOMRAM 000006
fputs@c                     cstackCOMRAM 000011
fputs@fp                    cstackCOMRAM 00000F
fputs@i                     cstackCOMRAM 000012
fputs@s                     cstackCOMRAM 00000D
int$flags                   temp         00005D
intlevel0                   text         000000
intlevel1                   text         000000
intlevel2                   text         000000
intlevel3                   text         000000
isa$std                     (abs)        000001
isa$xinst                   (abs)        000000
main@menuI                  cstackBANK0  0000C5
main@setUpAgain             cstackBANK0  0000C4
moveDisplay@F6952           dataBANK0    0000DE
moveDisplay@menuI           cstackBANK0  00008A
moveDisplay@menuItem1       cstackBANK0  000060
moveDisplay@menuItem2       cstackBANK0  000071
moveDisplay@menuItems       cstackBANK0  000082
moveDisplay@where           cstackCOMRAM 00004C
pad@buf                     cstackCOMRAM 000016
pad@fp                      cstackCOMRAM 000014
pad@i                       cstackCOMRAM 00001B
pad@p                       cstackCOMRAM 000018
printf@ap                   cstackCOMRAM 00003C
printf@fmt                  cstackCOMRAM 000039
putch@data                  cstackCOMRAM 000003
read_prec_or_width@ap       cstackCOMRAM 00000A
read_prec_or_width@c        cstackCOMRAM 00000B
read_prec_or_width@fmt      cstackCOMRAM 000009
read_prec_or_width@n        cstackCOMRAM 00000C
runDAC@DACindex             cstackBANK0  0000C1
runDAC@keepState            cstackBANK0  0000BF
runDAC@selectModeDAC        cstackBANK0  0000C0
runGPIO@F6964               dataBANK0    0000D2
runGPIO@F6982               dataBANK0    0000C6
runGPIO@GPIOi               cstackCOMRAM 000021
runGPIO@GPIOreverse         cstackCOMRAM 00001E
runGPIO@LEDControl          cstackCOMRAM 000012
runGPIO@j                   cstackCOMRAM 000022
runGPIO@numberOfStates      cstackCOMRAM 00001F
runGPIO@states              cstackCOMRAM 000006
sinf@n                      cstackBANK0  0000A8
sinf@sign                   cstackBANK0  0000A9
sinf@ux                     cstackBANK0  0000B2
sinf@x                      cstackBANK0  00009C
sinf@y                      cstackBANK0  0000AE
sprintf@ap                  cstackCOMRAM 00003F
sprintf@f                   cstackCOMRAM 000040
sprintf@fmt                 cstackCOMRAM 00003A
sprintf@s                   cstackCOMRAM 000039
stackhi                     (abs)        000000
stacklo                     (abs)        000000
start                       init         00008C
start_initialization        cinit        003DC0
stoa@cp                     cstackCOMRAM 000017
stoa@fp                     cstackCOMRAM 00000D
stoa@l                      cstackCOMRAM 000019
stoa@p                      cstackCOMRAM 000013
stoa@s                      cstackCOMRAM 00000F
stoa@w                      cstackCOMRAM 000015
ttemp5                      temp         00005E
ttemp6                      temp         000061
ttemp7                      temp         000065
vfpfcnvrt@ap                cstackCOMRAM 00002C
vfpfcnvrt@convarg           cstackCOMRAM 00002E
vfpfcnvrt@cp                cstackCOMRAM 000032
vfpfcnvrt@done              cstackCOMRAM 000033
vfpfcnvrt@fmt               cstackCOMRAM 00002B
vfpfcnvrt@fp                cstackCOMRAM 000029
vfprintf@ap                 cstackCOMRAM 000037
vfprintf@cfmt               cstackCOMRAM 000038
vfprintf@fmt                cstackCOMRAM 000036
vfprintf@fp                 cstackCOMRAM 000034
wtemp8                      temp         00005E


MODULE INFORMATION

Module		Function		Class		Link	Load	Size
C:\Program Files\Microchip\xc8\v2.46\pic\sources\c99\common\fltol.c
		___fltol       		CODE           	36CE	0000	264

C:\Program Files\Microchip\xc8\v2.46\pic\sources\c99\common\fltol.c estimated size: 264

C:\Program Files\Microchip\xc8\v2.46\pic\sources\c99\common\printf.c
		_printf        		CODE           	408E	0000	26

C:\Program Files\Microchip\xc8\v2.46\pic\sources\c99\common\printf.c estimated size: 26

DAC.c
		_runDAC        		CODE           	2862	0000	584
		_SPI_write     		CODE           	3ED6	0000	62

DAC.c estimated size: 646

C:\Program Files\Microchip\xc8\v2.46\pic\sources\c99\common\nf_fputc.c
		_fputc         		CODE           	3A60	0000	186

C:\Program Files\Microchip\xc8\v2.46\pic\sources\c99\common\nf_fputc.c estimated size: 186

C:\Program Files\Microchip\xc8\v2.46\pic\sources\c99\common\__sindf.c
		___sindf       		CODE           	2AAA	0000	562

C:\Program Files\Microchip\xc8\v2.46\pic\sources\c99\common\__sindf.c estimated size: 562

C:\Program Files\Microchip\xc8\v2.46\pic\sources\c99\common\awdiv.c
		___awdiv       		CODE           	399C	0000	196

C:\Program Files\Microchip\xc8\v2.46\pic\sources\c99\common\awdiv.c estimated size: 196

C:\Program Files\Microchip\xc8\v2.46\pic\sources\c99\common\xxtofl.c
		___xxtofl      		CODE           	30FA	0000	436

C:\Program Files\Microchip\xc8\v2.46\pic\sources\c99\common\xxtofl.c estimated size: 436

C:\Program Files\Microchip\xc8\v2.46\pic\sources\c99\common\__cosdf.c
		___cosdf       		CODE           	2EFC	0000	510

C:\Program Files\Microchip\xc8\v2.46\pic\sources\c99\common\__cosdf.c estimated size: 510

C:\Program Files\Microchip\xc8\v2.46\pic\sources\c99\common\flneg.c
		___flneg       		CODE           	3F14	0000	58

C:\Program Files\Microchip\xc8\v2.46\pic\sources\c99\common\flneg.c estimated size: 58

C:\Program Files\Microchip\xc8\v2.46\pic\sources\c99\common\sprcmul.c
		___flmul       		CODE           	1A84	0000	1066

C:\Program Files\Microchip\xc8\v2.46\pic\sources\c99\common\sprcmul.c estimated size: 1066

C:\Program Files\Microchip\xc8\v2.46\pic\sources\c99\common\sprcdiv.c
		___fldiv       		CODE           	2270	0000	922

C:\Program Files\Microchip\xc8\v2.46\pic\sources\c99\common\sprcdiv.c estimated size: 922

putch.c
		_putch         		CODE           	40A8	0000	22

putch.c estimated size: 22

C:\Program Files\Microchip\xc8\v2.46\pic\sources\c99\common\doprnt.c
		_read_prec_or_width		CODE           	3C7C	0000	166
		_vfpfcnvrt     		CODE           	260A	0000	600
		_pad           		CODE           	3D22	0000	158
		_dtoa          		CODE           	357C	0000	338
		_vfprintf      		CODE           	3E94	0000	66
		_stoa          		CODE           	32AE	0000	366

C:\Program Files\Microchip\xc8\v2.46\pic\sources\c99\common\doprnt.c estimated size: 1694

C:\Program Files\Microchip\xc8\v2.46\pic\sources\c99\common\nf_sprintf.c
		_sprintf       		CODE           	3F4E	0000	54

C:\Program Files\Microchip\xc8\v2.46\pic\sources\c99\common\nf_sprintf.c estimated size: 54

C:\Program Files\Microchip\xc8\v2.46\pic\sources\c99\common\fabsf.c
		_fabsf         		CODE           	3FBA	0000	52

C:\Program Files\Microchip\xc8\v2.46\pic\sources\c99\common\fabsf.c estimated size: 52

C:\Program Files\Microchip\xc8\v2.46\pic\sources\c99\common\sinf.c
		_sinf          		CODE           	10BA	0000	1290

C:\Program Files\Microchip\xc8\v2.46\pic\sources\c99\common\sinf.c estimated size: 1290

interrupt.c
		_ISR           		CODE           	0008	0000	132

interrupt.c estimated size: 132

shared
		_S1            		SMALLCONST     	0000	0000	0
		_S2            		SMALLCONST     	0000	0000	0
		_S3            		SMALLCONST     	0000	0000	0
		_S4            		SMALLCONST     	0000	0000	0
		_s1pio2        		SMALLCONST     	0000	0000	0
		__initialization		CODE           	3DC0	0000	60
		_s2pio2        		SMALLCONST     	0000	0000	0
		_s3pio2        		SMALLCONST     	0000	0000	0
		_s4pio2        		SMALLCONST     	0000	0000	0
		_pio2_1t       		SMALLCONST     	0000	0000	0
		_half          		SMALLCONST     	0000	0000	0
		_pio2_1        		SMALLCONST     	0000	0000	0
		_C0            		SMALLCONST     	0000	0000	0
		_C1            		SMALLCONST     	0000	0000	0
		_C2            		SMALLCONST     	0000	0000	0
		_C3            		SMALLCONST     	0000	0000	0
		_invpio2       		SMALLCONST     	0000	0000	0

shared estimated size: 60

C:\Program Files\Microchip\xc8\v2.46\pic\sources\c99\common\Umul16.c
		___wmul        		CODE           	4022	0000	38

C:\Program Files\Microchip\xc8\v2.46\pic\sources\c99\common\Umul16.c estimated size: 38

C:\Program Files\Microchip\xc8\v2.46\pic\sources\c99\common\nf_fputs.c
		_fputs         		CODE           	3E50	0000	68

C:\Program Files\Microchip\xc8\v2.46\pic\sources\c99\common\nf_fputs.c estimated size: 68

GPIO.c
		_LED1_Control  		CODE           	40F6	0000	14
		_LED2_Control  		CODE           	40E8	0000	14
		_LED3_Control  		CODE           	40DA	0000	14
		_LED4_Control  		CODE           	40CC	0000	14
		_LED5_Control  		CODE           	40BE	0000	14
		_LED6_Control  		CODE           	4104	0000	14
		_runGPIO       		CODE           	341C	0000	352

GPIO.c estimated size: 436

menu.c
		_moveDisplay   		CODE           	37D6	0000	236

menu.c estimated size: 236

C:\Program Files\Microchip\xc8\v2.46\pic\sources\c99\common\sprcadd.c
		___flsub       		CODE           	3E0A	0000	70
		___fladd       		CODE           	15C4	0000	1216

C:\Program Files\Microchip\xc8\v2.46\pic\sources\c99\common\sprcadd.c estimated size: 1286

C:\Program Files\Microchip\xc8\v2.46\pic\sources\c99\common\__rem_pio2f.c
		___rem_pio2f   		CODE           	1EAE	0000	962

C:\Program Files\Microchip\xc8\v2.46\pic\sources\c99\common\__rem_pio2f.c estimated size: 962

lcd.c
		_LCD_Init      		CODE           	38C2	0000	218
		_LCD_Send      		CODE           	4048	0000	38
		_LCD_ShowString		CODE           	3B1A	0000	178
		_LCD_Clear     		CODE           	3F84	0000	54

lcd.c estimated size: 488

C:\Program Files\Microchip\xc8\v2.46\pic\sources\c99\common\abs.c
		_abs           		CODE           	3FEE	0000	52

C:\Program Files\Microchip\xc8\v2.46\pic\sources\c99\common\abs.c estimated size: 52

C:\Program Files\Microchip\xc8\v2.46\pic\sources\c99\common\awmod.c
		___awmod       		CODE           	3BCC	0000	176

C:\Program Files\Microchip\xc8\v2.46\pic\sources\c99\common\awmod.c estimated size: 176

main.c
		_main          		CODE           	2CDC	0000	544

main.c estimated size: 544

