Microchip MPLAB XC8 Compiler V2.46

Linker command line:

-W-3 \
  --edf=C:\Program Files\Microchip\xc8\v2.46\pic\dat\20240104201356_en.msgs \
  -cn -h+dist/default/production\Strasak_David_219502.X.production.sym \
  --cmf=dist/default/production\Strasak_David_219502.X.production.cmf -z \
  -Q18F46K22 -oC:\Users\David\AppData\Local\Temp\xcAsfug.\driver_tmp_3.o \
  --defsym=__MPLAB_BUILD=1 --fixupoverflow=error \
  -Mdist/default/production/Strasak_David_219502.X.production.map \
  --md=C:\Users\David\AppData\Local\Temp\xcAsfug.\driver_tmp_0.dat -E1 \
  -ver=XC8 Compiler --acfsm=1493 -ACODE=00h-0FFFFh -ACONST=00h-0FFFFh \
  -ASMALLCONST=01000h-010FFhx240 -AMEDIUMCONST=01000h-0FFFFh \
  -ACOMRAM=01h-05Fh -AABS1=00h-0F37h -ABIGRAM=01h-0F37h \
  -ARAM=060h-0FFh,0100h-01FFhx14,0F00h-0F37h -ABANK0=060h-0FFh \
  -ABANK1=0100h-01FFh -ABANK2=0200h-02FFh -ABANK3=0300h-03FFh \
  -ABANK4=0400h-04FFh -ABANK5=0500h-05FFh -ABANK6=0600h-06FFh \
  -ABANK7=0700h-07FFh -ABANK8=0800h-08FFh -ABANK9=0900h-09FFh \
  -ABANK10=0A00h-0AFFh -ABANK11=0B00h-0BFFh -ABANK12=0C00h-0CFFh \
  -ABANK13=0D00h-0DFFh -ABANK14=0E00h-0EFFh -ABANK15=0F00h-0F37h \
  -ASFR=0F38h-0F5Fh,0F60h-0FFFh -ABIGSFR=0F38h-0FFFh \
  -ACONFIG=0300000h-030000Dh -AIDLOC=0200000h-0200007h \
  -AEEDATA=0F00000h-0F003FFh -peeprom_data=EEDATA \
  -preset_vec=00h,intcode,sivt_hi,intcodelo,sivt_lo,powerup,init \
  -pramtop=01000h -psmallconst=SMALLCONST -pmediumconst=MEDIUMCONST \
  -pconst=CONST -AFARRAM=00h-00h \
  -prdata=COMRAM,nvrram=COMRAM,nvbit=COMRAM,rbss=COMRAM,rbit=COMRAM \
  -pfarbss=FARRAM,fardata=FARRAM,nvFARRAM=FARRAM \
  -pintsave_regs=BIGRAM,bigbss=BIGRAM,bigdata=BIGRAM -pbss=RAM \
  -pidata=CODE,irdata=CODE,ibigdata=CODE,ifardata=CODE -prparam=COMRAM \
  C:\Users\David\AppData\Local\Temp\xcAsfug.\driver_tmp_14.o \
  dist/default/production\Strasak_David_219502.X.production.o 

Object code version is 3.11

Machine type is 18F46K22



                Name                               Link     Load   Length Selector   Space Scale
C:\Users\David\AppData\Local\Temp\xcAsfug.\driver_tmp_14.o
                config                           300000   300000        4        0       4
                init                                  0        0        4        0       0
dist/default/production\Strasak_David_219502.X.production.o
                config                           300000   300000        4        0       4
                smallconst                         1000     1000       98      800       0
                text34                             3E36     3E36       26      84C       0
                text33                             36CC     36CC       DA      84C       0
                text32                             3D72     3D72       36      84C       0
                text31                             3924     3924       B2      84C       0
                text30                             37A6     37A6       C4      84C       0
                text29                             39D6     39D6       B0      84C       0
                text28                             3DDC     3DDC       34      84C       0
                text27                             3E76     3E76       16      84C       0
                text26                             386A     386A       BA      84C       0
                text25                             3C4E     3C4E       40      84C       0
                text24                             3B2C     3B2C       9A      84C       0
                text23                             3396     3396      144      84C       0
                text22                             3E10     3E10       26      84C       0
                text21                             3A86     3A86       A6      84C       0
                text20                             3224     3224      172      84C       0
                text19                             25E8     25E8      25A      84C       0
                text18                             3C0C     3C0C       42      84C       0
                text17                             3D3C     3D3C       36      84C       0
                text16                             35E0     35E0       EC      84C       0
                text15                             3C8E     3C8E       3E      84C       0
                text14                             224E     224E      39A      84C       0
                text13                             3E5C     3E5C       1A      84C       0
                text12                             15A2     15A2      4C0      84C       0
                text11                             1A62     1A62      42A      84C       0
                text10                             2CBA     2CBA      1FE      84C       0
                text9                              3CCC     3CCC       3A      84C       0
                text8                              3BC6     3BC6       46      84C       0
                text7                              34DA     34DA      106      84C       0
                text6                              3070     3070      1B4      84C       0
                text5                              3DA8     3DA8       34      84C       0
                text4                              1E8C     1E8C      3C2      84C       0
                text3                              2A88     2A88      232      84C       0
                text2                              1098     1098      50A      84C       0
                text1                              2842     2842      246      84C       0
                text0                              2EB8     2EB8      1B8      84C       0
                cstackCOMRAM                          1        1       5F        1       1
                cstackBANK0                          60       60       61       60       1
                dataBANK0                            EE       EE        8       60       1
                bssBANK0                             C1       C1       2D       60       1
                cinit                              3D06     3D06       36      84C       0
                idataBANK0                         3E8C     3E8C        8      84C       0

TOTAL           Name                               Link     Load   Length     Space
        CLASS   CODE           
                init                                  0        0        4         0
                text34                             3E36     3E36       26         0
                text33                             36CC     36CC       DA         0
                text32                             3D72     3D72       36         0
                text31                             3924     3924       B2         0
                text30                             37A6     37A6       C4         0
                text29                             39D6     39D6       B0         0
                text28                             3DDC     3DDC       34         0
                text27                             3E76     3E76       16         0
                text26                             386A     386A       BA         0
                text25                             3C4E     3C4E       40         0
                text24                             3B2C     3B2C       9A         0
                text23                             3396     3396      144         0
                text22                             3E10     3E10       26         0
                text21                             3A86     3A86       A6         0
                text20                             3224     3224      172         0
                text19                             25E8     25E8      25A         0
                text18                             3C0C     3C0C       42         0
                text17                             3D3C     3D3C       36         0
                text16                             35E0     35E0       EC         0
                text15                             3C8E     3C8E       3E         0
                text14                             224E     224E      39A         0
                text13                             3E5C     3E5C       1A         0
                text12                             15A2     15A2      4C0         0
                text11                             1A62     1A62      42A         0
                text10                             2CBA     2CBA      1FE         0
                text9                              3CCC     3CCC       3A         0
                text8                              3BC6     3BC6       46         0
                text7                              34DA     34DA      106         0
                text6                              3070     3070      1B4         0
                text5                              3DA8     3DA8       34         0
                text4                              1E8C     1E8C      3C2         0
                text3                              2A88     2A88      232         0
                text2                              1098     1098      50A         0
                text1                              2842     2842      246         0
                text0                              2EB8     2EB8      1B8         0
                cinit                              3D06     3D06       36         0
                idataBANK0                         3E8C     3E8C        8         0

        CLASS   CONST          

        CLASS   SMALLCONST     
                smallconst                         1000     1000       98         0

        CLASS   MEDIUMCONST    

        CLASS   COMRAM         
                cstackCOMRAM                          1        1       5F         1

        CLASS   ABS1           

        CLASS   BIGRAM         

        CLASS   RAM            

        CLASS   BANK0          
                cstackBANK0                          60       60       61         1
                dataBANK0                            EE       EE        8         1
                bssBANK0                             C1       C1       2D         1

        CLASS   BANK1          

        CLASS   BANK2          

        CLASS   BANK3          

        CLASS   BANK4          

        CLASS   BANK5          

        CLASS   BANK6          

        CLASS   BANK7          

        CLASS   BANK8          

        CLASS   BANK9          

        CLASS   BANK10         

        CLASS   BANK11         

        CLASS   BANK12         

        CLASS   BANK13         

        CLASS   BANK14         

        CLASS   BANK15         

        CLASS   SFR            

        CLASS   BIGSFR         

        CLASS   CONFIG         
                config                           300000   300000        4         4

        CLASS   IDLOC          

        CLASS   EEDATA         

        CLASS   FARRAM         

        CLASS   HEAP           

        CLASS   STACK          



SEGMENTS        Name                           Load    Length   Top    Selector   Space  Class

                reset_vec                      000000  000004  000004         0       0  CODE    
                cstackCOMRAM                   000001  00005F  000060         1       1  COMRAM  
                cstackBANK0                    000060  000096  0000F6        60       1  BANK0   
                smallconst                     001000  000098  001098       800       0  SMALLCON
                text2                          001098  002DFC  003E94       84C       0  CODE    


UNUSED ADDRESS RANGES

        Name                Unused          Largest block    Delta
        BANK0            0000F6-0000FF                A
        BANK1            000100-0001FF              100
        BANK10           000A00-000AFF              100
        BANK11           000B00-000BFF              100
        BANK12           000C00-000CFF              100
        BANK13           000D00-000DFF              100
        BANK14           000E00-000EFF              100
        BANK15           000F00-000F37               38
        BANK2            000200-0002FF              100
        BANK3            000300-0003FF              100
        BANK4            000400-0004FF              100
        BANK5            000500-0005FF              100
        BANK6            000600-0006FF              100
        BANK7            000700-0007FF              100
        BANK8            000800-0008FF              100
        BANK9            000900-0009FF              100
        BIGRAM           0000F6-000F37              E42
        BIGSFR           000F38-000FFF               C8
        CODE             000004-000FFF              FFC
                         003E94-00FFFF             C16C
        CONFIG           300004-30000D                A
        CONST            000004-000FFF              FFC
                         003E94-00FFFF             C16C
        EEDATA           F00000-F003FF              400
        IDLOC            200000-200007                8
        MEDIUMCONST      003E94-00FFFF             C16C
        RAM              0000F6-000F37              100
        SFR              000F38-000FFF               28
        SMALLCONST       003E94-00FFFF              100

                                  Symbol Table

?___awdiv                   cstackCOMRAM 000001
?___awmod                   cstackCOMRAM 000001
?___cosdf                   cstackCOMRAM 000051
?___fladd                   cstackCOMRAM 000041
?___fldiv                   cstackCOMRAM 000028
?___flmul                   cstackCOMRAM 00000F
?___flneg                   cstackBANK0  000078
?___flsub                   cstackCOMRAM 000051
?___fltol                   cstackCOMRAM 000051
?___rem_pio2f               cstackBANK0  00007C
?___sindf                   cstackCOMRAM 000051
?___wmul                    cstackCOMRAM 000001
?___xxtofl                  cstackCOMRAM 000001
?_abs                       cstackCOMRAM 000007
?_fabsf                     cstackCOMRAM 000001
?_printf                    cstackCOMRAM 000035
?_read_prec_or_width        cstackCOMRAM 000007
?_sinf                      cstackBANK0  00009A
?_sprintf                   cstackCOMRAM 000035
?_vfprintf                  cstackCOMRAM 000030
LCD_Send@data               cstackCOMRAM 000001
LCD_ShowString@i            cstackCOMRAM 000007
LCD_ShowString@lineNum      cstackCOMRAM 000006
LCD_ShowString@textData     cstackCOMRAM 000002
SPI_write@LSB               cstackCOMRAM 000002
SPI_write@MSB               cstackCOMRAM 000001
SPI_write@data              cstackCOMRAM 000003
_ADCON0bits                 (abs)        000FC2
_ADCON2bits                 (abs)        000FC0
_ADRESH                     (abs)        000FC4
_ANSELAbits                 (abs)        000F38
_ANSELBbits                 (abs)        000F39
_ANSELDbits                 (abs)        000F3B
_GODONE                     (abs)        007E11
_LATAbits                   (abs)        000F89
_LATBbits                   (abs)        000F8A
_LCD_Clear                  text32       003D72
_LCD_Init                   text33       0036CC
_LCD_Send                   text34       003E36
_LCD_ShowString             text31       003924
_PORTAbits                  (abs)        000F80
_PORTCbits                  (abs)        000F82
_RCSTA1bits                 (abs)        000FAB
_SPBRG1                     (abs)        000FAF
_SPI_write                  text15       003C8E
_SSP1BUF                    (abs)        000FC9
_SSP1CON1bits               (abs)        000FC6
_SSP1IF                     (abs)        007CF3
_SSP1STATbits               (abs)        000FC7
_SSP2ADD                    (abs)        000F6E
_SSP2BUF                    (abs)        000F6F
_SSP2CON1bits               (abs)        000F6C
_SSP2CON2bits               (abs)        000F6B
_SSP2IF                     (abs)        007D27
_SSP2STATbits               (abs)        000F6D
_TRISAbits                  (abs)        000F92
_TRISBbits                  (abs)        000F93
_TRISCbits                  (abs)        000F94
_TRISDbits                  (abs)        000F95
_TX1IF                      (abs)        007CF4
_TXREG1                     (abs)        000FAD
_TXSTA1bits                 (abs)        000FAC
__HRAM                      (abs)        000000
__H__absolute__             __absolute__ 000000
__Habs1                     abs1         000000
__Hbank0                    bank0        000000
__Hbank1                    bank1        000000
__Hbank10                   bank10       000000
__Hbank11                   bank11       000000
__Hbank12                   bank12       000000
__Hbank13                   bank13       000000
__Hbank14                   bank14       000000
__Hbank15                   bank15       000000
__Hbank2                    bank2        000000
__Hbank3                    bank3        000000
__Hbank4                    bank4        000000
__Hbank5                    bank5        000000
__Hbank6                    bank6        000000
__Hbank7                    bank7        000000
__Hbank8                    bank8        000000
__Hbank9                    bank9        000000
__Hbigbss                   bigbss       000000
__Hbigdata                  bigdata      000000
__Hbigram                   bigram       000000
__Hbigsfr                   bigsfr       000000
__Hbss                      bss          000000
__HbssBANK0                 bssBANK0     000000
__Hcinit                    cinit        000000
__Hclrtext                  clrtext      000000
__Hcomram                   comram       000000
__Hconfig                   config       300004
__Hconst                    const        000000
__HcstackBANK0              cstackBANK0  000000
__HcstackCOMRAM             cstackCOMRAM 000000
__Hdata                     data         000000
__HdataBANK0                dataBANK0    000000
__Heeprom_data              eeprom_data  000000
__Hfarbss                   farbss       000000
__Hfardata                  fardata      000000
__Hheap                     heap         000000
__Hibigdata                 ibigdata     000000
__Hidata                    idata        000000
__HidataBANK0               idataBANK0   000000
__Hidloc                    idloc        000000
__Hifardata                 ifardata     000000
__Hinit                     init         000004
__Hintcode                  intcode      000000
__Hintcode_body             intcode_body 000000
__Hintcodelo                intcodelo    000000
__Hintentry                 intentry     000000
__Hintret                   intret       000000
__Hintsave_regs             intsave_regs 000000
__Hirdata                   irdata       000000
__Hmediumconst              mediumconst  000000
__HnvFARRAM                 nvFARRAM     000000
__Hnvbit                    nvbit        000000
__Hnvrram                   nvrram       000000
__Hparam                    rparam       000000
__Hpowerup                  powerup      000000
__Hram                      ram          000000
__Hramtop                   ramtop       001000
__Hrbit                     rbit         000000
__Hrbss                     rbss         000000
__Hrdata                    rdata        000000
__Hreset_vec                reset_vec    000000
__Hrparam                   rparam       000000
__Hsfr                      sfr          000000
__Hsivt_hi                  sivt_hi      000000
__Hsivt_lo                  sivt_lo      000000
__Hsmallconst               smallconst   001098
__Hspace_0                  (abs)        003E94
__Hspace_1                  (abs)        0000F6
__Hspace_2                  (abs)        000000
__Hspace_4                  (abs)        600004
__Hstack                    stack        000000
__Hstruct                   struct       000000
__Htemp                     temp         000000
__Htext                     text         000000
__Htext0                    text0        000000
__Htext1                    text1        000000
__Htext10                   text10       000000
__Htext11                   text11       000000
__Htext12                   text12       000000
__Htext13                   text13       000000
__Htext14                   text14       000000
__Htext15                   text15       000000
__Htext16                   text16       000000
__Htext17                   text17       000000
__Htext18                   text18       000000
__Htext19                   text19       000000
__Htext2                    text2        000000
__Htext20                   text20       000000
__Htext21                   text21       000000
__Htext22                   text22       000000
__Htext23                   text23       000000
__Htext24                   text24       000000
__Htext25                   text25       000000
__Htext26                   text26       000000
__Htext27                   text27       000000
__Htext28                   text28       000000
__Htext29                   text29       000000
__Htext3                    text3        000000
__Htext30                   text30       000000
__Htext31                   text31       000000
__Htext32                   text32       000000
__Htext33                   text33       000000
__Htext34                   text34       000000
__Htext4                    text4        000000
__Htext5                    text5        000000
__Htext6                    text6        000000
__Htext7                    text7        000000
__Htext8                    text8        000000
__Htext9                    text9        000000
__LRAM                      (abs)        000001
__L__absolute__             __absolute__ 000000
__Labs1                     abs1         000000
__Lbank0                    bank0        000000
__Lbank1                    bank1        000000
__Lbank10                   bank10       000000
__Lbank11                   bank11       000000
__Lbank12                   bank12       000000
__Lbank13                   bank13       000000
__Lbank14                   bank14       000000
__Lbank15                   bank15       000000
__Lbank2                    bank2        000000
__Lbank3                    bank3        000000
__Lbank4                    bank4        000000
__Lbank5                    bank5        000000
__Lbank6                    bank6        000000
__Lbank7                    bank7        000000
__Lbank8                    bank8        000000
__Lbank9                    bank9        000000
__Lbigbss                   bigbss       000000
__Lbigdata                  bigdata      000000
__Lbigram                   bigram       000000
__Lbigsfr                   bigsfr       000000
__Lbss                      bss          000000
__LbssBANK0                 bssBANK0     000000
__Lcinit                    cinit        000000
__Lclrtext                  clrtext      000000
__Lcomram                   comram       000000
__Lconfig                   config       000000
__Lconst                    const        000000
__LcstackBANK0              cstackBANK0  000000
__LcstackCOMRAM             cstackCOMRAM 000000
__Ldata                     data         000000
__LdataBANK0                dataBANK0    000000
__Leeprom_data              eeprom_data  000000
__Lfarbss                   farbss       000000
__Lfardata                  fardata      000000
__Lheap                     heap         000000
__Libigdata                 ibigdata     000000
__Lidata                    idata        000000
__LidataBANK0               idataBANK0   000000
__Lidloc                    idloc        000000
__Lifardata                 ifardata     000000
__Linit                     init         000000
__Lintcode                  intcode      000000
__Lintcode_body             intcode_body 000000
__Lintcodelo                intcodelo    000000
__Lintentry                 intentry     000000
__Lintret                   intret       000000
__Lintsave_regs             intsave_regs 000000
__Lirdata                   irdata       000000
__Lmediumconst              mediumconst  000000
__LnvFARRAM                 nvFARRAM     000000
__Lnvbit                    nvbit        000000
__Lnvrram                   nvrram       000000
__Lparam                    rparam       000000
__Lpowerup                  powerup      000000
__Lram                      ram          000000
__Lramtop                   ramtop       001000
__Lrbit                     rbit         000000
__Lrbss                     rbss         000000
__Lrdata                    rdata        000000
__Lreset_vec                reset_vec    000000
__Lrparam                   rparam       000000
__Lsfr                      sfr          000000
__Lsivt_hi                  sivt_hi      000000
__Lsivt_lo                  sivt_lo      000000
__Lsmallconst               smallconst   001000
__Lspace_0                  (abs)        000000
__Lspace_1                  (abs)        000000
__Lspace_2                  (abs)        000000
__Lspace_4                  (abs)        000000
__Lstack                    stack        000000
__Lstruct                   struct       000000
__Ltemp                     temp         000000
__Ltext                     text         000000
__Ltext0                    text0        000000
__Ltext1                    text1        000000
__Ltext10                   text10       000000
__Ltext11                   text11       000000
__Ltext12                   text12       000000
__Ltext13                   text13       000000
__Ltext14                   text14       000000
__Ltext15                   text15       000000
__Ltext16                   text16       000000
__Ltext17                   text17       000000
__Ltext18                   text18       000000
__Ltext19                   text19       000000
__Ltext2                    text2        000000
__Ltext20                   text20       000000
__Ltext21                   text21       000000
__Ltext22                   text22       000000
__Ltext23                   text23       000000
__Ltext24                   text24       000000
__Ltext25                   text25       000000
__Ltext26                   text26       000000
__Ltext27                   text27       000000
__Ltext28                   text28       000000
__Ltext29                   text29       000000
__Ltext3                    text3        000000
__Ltext30                   text30       000000
__Ltext31                   text31       000000
__Ltext32                   text32       000000
__Ltext33                   text33       000000
__Ltext34                   text34       000000
__Ltext4                    text4        000000
__Ltext5                    text5        000000
__Ltext6                    text6        000000
__Ltext7                    text7        000000
__Ltext8                    text8        000000
__Ltext9                    text9        000000
__S0                        (abs)        003E94
__S1                        (abs)        0000F6
__S4                        (abs)        000000
__S5                        (abs)        000000
___awdiv                    text30       0037A6
___awdiv@counter            cstackCOMRAM 000005
___awdiv@dividend           cstackCOMRAM 000001
___awdiv@divisor            cstackCOMRAM 000003
___awdiv@quotient           cstackCOMRAM 000007
___awdiv@sign               cstackCOMRAM 000006
___awmod                    text29       0039D6
___awmod@counter            cstackCOMRAM 000005
___awmod@dividend           cstackCOMRAM 000001
___awmod@divisor            cstackCOMRAM 000003
___awmod@sign               cstackCOMRAM 000006
___cosdf                    text10       002CBA
___cosdf$2734               cstackBANK0  000064
___cosdf$2735               cstackBANK0  000068
___cosdf$2736               cstackBANK0  00006C
___cosdf@r                  cstackBANK0  000060
___cosdf@w                  cstackBANK0  000070
___cosdf@x                  cstackCOMRAM 000051
___cosdf@z                  cstackBANK0  000074
___fladd                    text12       0015A2
___fladd@a                  cstackCOMRAM 000045
___fladd@aexp               cstackCOMRAM 00004E
___fladd@b                  cstackCOMRAM 000041
___fladd@bexp               cstackCOMRAM 00004F
___fladd@grs                cstackCOMRAM 000050
___fladd@signs              cstackCOMRAM 00004D
___fldiv                    text14       00224E
___fldiv@a                  cstackCOMRAM 00002C
___fldiv@aexp               cstackCOMRAM 000040
___fldiv@b                  cstackCOMRAM 000028
___fldiv@bexp               cstackCOMRAM 00003F
___fldiv@grs                cstackCOMRAM 00003B
___fldiv@new_exp            cstackCOMRAM 000039
___fldiv@rem                cstackCOMRAM 000034
___fldiv@sign               cstackCOMRAM 000038
___flmul                    text11       001A62
___flmul@a                  cstackCOMRAM 000013
___flmul@aexp               cstackCOMRAM 000020
___flmul@b                  cstackCOMRAM 00000F
___flmul@bexp               cstackCOMRAM 000021
___flmul@grs                cstackCOMRAM 00001C
___flmul@prod               cstackCOMRAM 000022
___flmul@sign               cstackCOMRAM 00001B
___flmul@temp               cstackCOMRAM 000026
___flneg                    text9        003CCC
___flneg@f1                 cstackBANK0  000078
___flsub                    text8        003BC6
___flsub@a                  cstackCOMRAM 000055
___flsub@b                  cstackCOMRAM 000051
___fltol                    text7        0034DA
___fltol@exp1               cstackCOMRAM 00005A
___fltol@f1                 cstackCOMRAM 000051
___fltol@sign1              cstackCOMRAM 000059
___heap_hi                  (abs)        000000
___heap_lo                  (abs)        000000
___inthi_sp                 stack        000000
___inthi_stack_hi           stack        000000
___inthi_stack_lo           stack        000000
___intlo_sp                 stack        000000
___intlo_stack_hi           stack        000000
___intlo_stack_lo           stack        000000
___param_bank               (abs)        000000
___rem_pio2f                text4        001E8C
___rem_pio2f$2737           cstackBANK0  000085
___rem_pio2f@F526           bssBANK0     0000C5
___rem_pio2f@fn             cstackBANK0  00008E
___rem_pio2f@n              cstackBANK0  000096
___rem_pio2f@sign           cstackBANK0  000089
___rem_pio2f@t              cstackBANK0  000092
___rem_pio2f@ty             cstackBANK0  000081
___rem_pio2f@ux             cstackBANK0  00008A
___rem_pio2f@x              cstackBANK0  00007C
___rem_pio2f@y              cstackBANK0  000080
___rparam_used              (abs)        000001
___sindf                    text3        002A88
___sindf$2738               cstackBANK0  000068
___sindf$2739               cstackBANK0  00006C
___sindf$2740               cstackBANK0  000070
___sindf@r                  cstackBANK0  000060
___sindf@s                  cstackBANK0  000074
___sindf@w                  cstackBANK0  000064
___sindf@x                  cstackCOMRAM 000051
___sindf@z                  cstackBANK0  000078
___sp                       stack        000000
___stack_hi                 stack        000000
___stack_lo                 stack        000000
___wmul                     text22       003E10
___wmul@multiplicand        cstackCOMRAM 000003
___wmul@multiplier          cstackCOMRAM 000001
___wmul@product             cstackCOMRAM 000005
___xxtofl                   text6        003070
___xxtofl@arg               cstackCOMRAM 00000B
___xxtofl@exp               cstackCOMRAM 00000A
___xxtofl@sign              cstackCOMRAM 000009
___xxtofl@val               cstackCOMRAM 000001
__accesstop                 (abs)        000060
__activetblptr              (abs)        000002
__end_of_C0                 smallconst   001031
__end_of_C1                 smallconst   00102D
__end_of_C2                 smallconst   001029
__end_of_C3                 smallconst   001025
__end_of_LCD_Clear          text32       003DA8
__end_of_LCD_Init           text33       0037A6
__end_of_LCD_Send           text34       003E5C
__end_of_LCD_ShowString     text31       0039D6
__end_of_S1                 smallconst   001011
__end_of_S2                 smallconst   00100D
__end_of_S3                 smallconst   001009
__end_of_S4                 smallconst   001005
__end_of_SPI_write          text15       003CCC
__end_of___awdiv            text30       00386A
__end_of___awmod            text29       003A86
__end_of___cosdf            text10       002EB8
__end_of___fladd            text12       001A62
__end_of___fldiv            text14       0025E8
__end_of___flmul            text11       001E8C
__end_of___flneg            text9        003D06
__end_of___flsub            text8        003C0C
__end_of___fltol            text7        0035E0
__end_of___rem_pio2f        text4        00224E
__end_of___sindf            text3        002CBA
__end_of___wmul             text22       003E36
__end_of___xxtofl           text6        003224
__end_of__initialization    cinit        003D32
__end_of_abs                text28       003E10
__end_of_dtoa               text23       0034DA
__end_of_fabsf              text5        003DDC
__end_of_fputc              text26       003924
__end_of_fputs              text25       003C8E
__end_of_half               smallconst   001021
__end_of_invpio2            smallconst   00101D
__end_of_main               text0        003070
__end_of_moveDisplay        text16       0036CC
__end_of_pad                text24       003BC6
__end_of_pio2_1             smallconst   001019
__end_of_pio2_1t            smallconst   001015
__end_of_printf             text13       003E76
__end_of_putch              text27       003E8C
__end_of_read_prec_or_width text21       003B2C
__end_of_runDAC             text1        002A88
__end_of_s1pio2             smallconst   001041
__end_of_s2pio2             smallconst   00103D
__end_of_s3pio2             smallconst   001039
__end_of_s4pio2             smallconst   001035
__end_of_sinf               text2        0015A2
__end_of_sprintf            text17       003D72
__end_of_stoa               text20       003396
__end_of_vfpfcnvrt          text19       002842
__end_of_vfprintf           text18       003C4E
__initialization            cinit        003D06
__mediumconst               mediumconst  000000
__pbssBANK0                 bssBANK0     0000C1
__pcinit                    cinit        003D06
__pcstackBANK0              cstackBANK0  000060
__pcstackCOMRAM             cstackCOMRAM 000001
__pdataBANK0                dataBANK0    0000EE
__pidataBANK0               idataBANK0   003E8C
__psmallconst               smallconst   001000
__ptext0                    text0        002EB8
__ptext1                    text1        002842
__ptext10                   text10       002CBA
__ptext11                   text11       001A62
__ptext12                   text12       0015A2
__ptext13                   text13       003E5C
__ptext14                   text14       00224E
__ptext15                   text15       003C8E
__ptext16                   text16       0035E0
__ptext17                   text17       003D3C
__ptext18                   text18       003C0C
__ptext19                   text19       0025E8
__ptext2                    text2        001098
__ptext20                   text20       003224
__ptext21                   text21       003A86
__ptext22                   text22       003E10
__ptext23                   text23       003396
__ptext24                   text24       003B2C
__ptext25                   text25       003C4E
__ptext26                   text26       00386A
__ptext27                   text27       003E76
__ptext28                   text28       003DDC
__ptext29                   text29       0039D6
__ptext3                    text3        002A88
__ptext30                   text30       0037A6
__ptext31                   text31       003924
__ptext32                   text32       003D72
__ptext33                   text33       0036CC
__ptext34                   text34       003E36
__ptext4                    text4        001E8C
__ptext5                    text5        003DA8
__ptext6                    text6        003070
__ptext7                    text7        0034DA
__ptext8                    text8        003BC6
__ptext9                    text9        003CCC
__ramtop                    ramtop       001000
__smallconst                smallconst   001000
_abs                        text28       003DDC
_dbuf                       bssBANK0     0000CE
_dtoa                       text23       003396
_dtoa$2363                  cstackCOMRAM 00001D
_fabsf                      text5        003DA8
_flags                      bssBANK0     0000CD
_fputc                      text26       00386A
_fputs                      text25       003C4E
_main                       text0        002EB8
_moveDisplay                text16       0035E0
_pad                        text24       003B2C
_prec                       bssBANK0     0000CB
_printf                     text13       003E5C
_putch                      text27       003E76
_read_prec_or_width         text21       003A86
_runDAC                     text1        002842
_runDAC$2730                cstackBANK0  0000B4
_runDAC$2731                cstackBANK0  0000B8
_sinf                       text2        001098
_sinf$2486                  cstackBANK0  00009E
_sinf$2487                  cstackBANK0  0000A2
_sinf$2733                  cstackBANK0  0000A8
_sprintf                    text17       003D3C
_stoa                       text20       003224
_vfpfcnvrt                  text19       0025E8
_vfprintf                   text18       003C0C
_width                      bssBANK0     0000C9
abs@a                       cstackCOMRAM 000007
dtoa@d                      cstackCOMRAM 00001B
dtoa@fp                     cstackCOMRAM 000019
dtoa@i                      cstackCOMRAM 000023
dtoa@p                      cstackCOMRAM 000021
dtoa@s                      cstackCOMRAM 000022
dtoa@w                      cstackCOMRAM 00001F
end_of_initialization       cinit        003D32
fabsf@F465                  bssBANK0     0000C1
fabsf@u                     cstackCOMRAM 000005
fabsf@x                     cstackCOMRAM 000001
fputc@c                     cstackCOMRAM 000002
fputc@fp                    cstackCOMRAM 000004
fputs@c                     cstackCOMRAM 00000E
fputs@fp                    cstackCOMRAM 00000C
fputs@i                     cstackCOMRAM 00000F
fputs@s                     cstackCOMRAM 00000B
intlevel0                   text         000000
intlevel1                   text         000000
intlevel2                   text         000000
intlevel3                   text         000000
isa$std                     (abs)        000001
isa$xinst                   (abs)        000000
main@menuI                  cstackBANK0  0000C0
main@setUpAgain             cstackBANK0  0000BF
moveDisplay@F6949           dataBANK0    0000EE
moveDisplay@menuI           cstackBANK0  00008A
moveDisplay@menuItem1       cstackBANK0  000060
moveDisplay@menuItem2       cstackBANK0  000071
moveDisplay@menuItems       cstackBANK0  000082
moveDisplay@where           cstackCOMRAM 000048
pad@buf                     cstackCOMRAM 000013
pad@fp                      cstackCOMRAM 000011
pad@i                       cstackCOMRAM 000017
pad@p                       cstackCOMRAM 000014
printf@ap                   cstackCOMRAM 000038
printf@fmt                  cstackCOMRAM 000035
putch@data                  cstackCOMRAM 000001
read_prec_or_width@ap       cstackCOMRAM 000008
read_prec_or_width@c        cstackCOMRAM 000009
read_prec_or_width@fmt      cstackCOMRAM 000007
read_prec_or_width@n        cstackCOMRAM 00000A
runDAC@DACindex             cstackBANK0  0000BE
runDAC@keepState            cstackBANK0  0000BC
runDAC@selectModeDAC        cstackBANK0  0000BD
sinf@n                      cstackBANK0  0000A6
sinf@sign                   cstackBANK0  0000A7
sinf@ux                     cstackBANK0  0000B0
sinf@x                      cstackBANK0  00009A
sinf@y                      cstackBANK0  0000AC
sprintf@ap                  cstackCOMRAM 00003B
sprintf@f                   cstackCOMRAM 00003C
sprintf@fmt                 cstackCOMRAM 000036
sprintf@s                   cstackCOMRAM 000035
stackhi                     (abs)        000000
stacklo                     (abs)        000000
start                       init         000000
start_initialization        cinit        003D06
stoa@cp                     cstackCOMRAM 000015
stoa@fp                     cstackCOMRAM 00000B
stoa@l                      cstackCOMRAM 000017
stoa@p                      cstackCOMRAM 000011
stoa@s                      cstackCOMRAM 00000D
stoa@w                      cstackCOMRAM 000013
vfpfcnvrt@ap                cstackCOMRAM 000028
vfpfcnvrt@convarg           cstackCOMRAM 00002A
vfpfcnvrt@cp                cstackCOMRAM 00002E
vfpfcnvrt@done              cstackCOMRAM 00002F
vfpfcnvrt@fmt               cstackCOMRAM 000027
vfpfcnvrt@fp                cstackCOMRAM 000025
vfprintf@ap                 cstackCOMRAM 000033
vfprintf@cfmt               cstackCOMRAM 000034
vfprintf@fmt                cstackCOMRAM 000032
vfprintf@fp                 cstackCOMRAM 000030


MODULE INFORMATION

Module		Function		Class		Link	Load	Size
C:\Program Files\Microchip\xc8\v2.46\pic\sources\c99\common\fltol.c
		___fltol       		CODE           	34DA	0000	262

C:\Program Files\Microchip\xc8\v2.46\pic\sources\c99\common\fltol.c estimated size: 262

C:\Program Files\Microchip\xc8\v2.46\pic\sources\c99\common\printf.c
		_printf        		CODE           	3E5C	0000	26

C:\Program Files\Microchip\xc8\v2.46\pic\sources\c99\common\printf.c estimated size: 26

DAC.c
		_runDAC        		CODE           	2842	0000	582
		_SPI_write     		CODE           	3C8E	0000	62

DAC.c estimated size: 644

C:\Program Files\Microchip\xc8\v2.46\pic\sources\c99\common\nf_fputc.c
		_fputc         		CODE           	386A	0000	186

C:\Program Files\Microchip\xc8\v2.46\pic\sources\c99\common\nf_fputc.c estimated size: 186

C:\Program Files\Microchip\xc8\v2.46\pic\sources\c99\common\__sindf.c
		___sindf       		CODE           	2A88	0000	562

C:\Program Files\Microchip\xc8\v2.46\pic\sources\c99\common\__sindf.c estimated size: 562

C:\Program Files\Microchip\xc8\v2.46\pic\sources\c99\common\awdiv.c
		___awdiv       		CODE           	37A6	0000	196

C:\Program Files\Microchip\xc8\v2.46\pic\sources\c99\common\awdiv.c estimated size: 196

C:\Program Files\Microchip\xc8\v2.46\pic\sources\c99\common\xxtofl.c
		___xxtofl      		CODE           	3070	0000	436

C:\Program Files\Microchip\xc8\v2.46\pic\sources\c99\common\xxtofl.c estimated size: 436

C:\Program Files\Microchip\xc8\v2.46\pic\sources\c99\common\__cosdf.c
		___cosdf       		CODE           	2CBA	0000	510

C:\Program Files\Microchip\xc8\v2.46\pic\sources\c99\common\__cosdf.c estimated size: 510

C:\Program Files\Microchip\xc8\v2.46\pic\sources\c99\common\flneg.c
		___flneg       		CODE           	3CCC	0000	58

C:\Program Files\Microchip\xc8\v2.46\pic\sources\c99\common\flneg.c estimated size: 58

C:\Program Files\Microchip\xc8\v2.46\pic\sources\c99\common\sprcmul.c
		___flmul       		CODE           	1A62	0000	1066

C:\Program Files\Microchip\xc8\v2.46\pic\sources\c99\common\sprcmul.c estimated size: 1066

C:\Program Files\Microchip\xc8\v2.46\pic\sources\c99\common\sprcdiv.c
		___fldiv       		CODE           	224E	0000	922

C:\Program Files\Microchip\xc8\v2.46\pic\sources\c99\common\sprcdiv.c estimated size: 922

putch.c
		_putch         		CODE           	3E76	0000	22

putch.c estimated size: 22

C:\Program Files\Microchip\xc8\v2.46\pic\sources\c99\common\doprnt.c
		_read_prec_or_width		CODE           	3A86	0000	166
		_vfpfcnvrt     		CODE           	25E8	0000	602
		_pad           		CODE           	3B2C	0000	154
		_dtoa          		CODE           	3396	0000	324
		_vfprintf      		CODE           	3C0C	0000	66
		_stoa          		CODE           	3224	0000	370

C:\Program Files\Microchip\xc8\v2.46\pic\sources\c99\common\doprnt.c estimated size: 1682

C:\Program Files\Microchip\xc8\v2.46\pic\sources\c99\common\nf_sprintf.c
		_sprintf       		CODE           	3D3C	0000	54

C:\Program Files\Microchip\xc8\v2.46\pic\sources\c99\common\nf_sprintf.c estimated size: 54

C:\Program Files\Microchip\xc8\v2.46\pic\sources\c99\common\fabsf.c
		_fabsf         		CODE           	3DA8	0000	52

C:\Program Files\Microchip\xc8\v2.46\pic\sources\c99\common\fabsf.c estimated size: 52

C:\Program Files\Microchip\xc8\v2.46\pic\sources\c99\common\sinf.c
		_sinf          		CODE           	1098	0000	1290

C:\Program Files\Microchip\xc8\v2.46\pic\sources\c99\common\sinf.c estimated size: 1290

shared
		_S1            		SMALLCONST     	0000	0000	0
		_S2            		SMALLCONST     	0000	0000	0
		_S3            		SMALLCONST     	0000	0000	0
		_S4            		SMALLCONST     	0000	0000	0
		_s1pio2        		SMALLCONST     	0000	0000	0
		__initialization		CODE           	3D06	0000	44
		_s2pio2        		SMALLCONST     	0000	0000	0
		_s3pio2        		SMALLCONST     	0000	0000	0
		_s4pio2        		SMALLCONST     	0000	0000	0
		_pio2_1t       		SMALLCONST     	0000	0000	0
		_half          		SMALLCONST     	0000	0000	0
		_pio2_1        		SMALLCONST     	0000	0000	0
		_C0            		SMALLCONST     	0000	0000	0
		_C1            		SMALLCONST     	0000	0000	0
		_C2            		SMALLCONST     	0000	0000	0
		_C3            		SMALLCONST     	0000	0000	0
		_invpio2       		SMALLCONST     	0000	0000	0

shared estimated size: 44

C:\Program Files\Microchip\xc8\v2.46\pic\sources\c99\common\Umul16.c
		___wmul        		CODE           	3E10	0000	38

C:\Program Files\Microchip\xc8\v2.46\pic\sources\c99\common\Umul16.c estimated size: 38

C:\Program Files\Microchip\xc8\v2.46\pic\sources\c99\common\nf_fputs.c
		_fputs         		CODE           	3C4E	0000	64

C:\Program Files\Microchip\xc8\v2.46\pic\sources\c99\common\nf_fputs.c estimated size: 64

menu.c
		_moveDisplay   		CODE           	35E0	0000	236

menu.c estimated size: 236

C:\Program Files\Microchip\xc8\v2.46\pic\sources\c99\common\sprcadd.c
		___flsub       		CODE           	3BC6	0000	70
		___fladd       		CODE           	15A2	0000	1216

C:\Program Files\Microchip\xc8\v2.46\pic\sources\c99\common\sprcadd.c estimated size: 1286

C:\Program Files\Microchip\xc8\v2.46\pic\sources\c99\common\__rem_pio2f.c
		___rem_pio2f   		CODE           	1E8C	0000	962

C:\Program Files\Microchip\xc8\v2.46\pic\sources\c99\common\__rem_pio2f.c estimated size: 962

lcd.c
		_LCD_Init      		CODE           	36CC	0000	218
		_LCD_Send      		CODE           	3E36	0000	38
		_LCD_ShowString		CODE           	3924	0000	178
		_LCD_Clear     		CODE           	3D72	0000	54

lcd.c estimated size: 488

C:\Program Files\Microchip\xc8\v2.46\pic\sources\c99\common\abs.c
		_abs           		CODE           	3DDC	0000	52

C:\Program Files\Microchip\xc8\v2.46\pic\sources\c99\common\abs.c estimated size: 52

C:\Program Files\Microchip\xc8\v2.46\pic\sources\c99\common\awmod.c
		___awmod       		CODE           	39D6	0000	176

C:\Program Files\Microchip\xc8\v2.46\pic\sources\c99\common\awmod.c estimated size: 176

main.c
		_main          		CODE           	2EB8	0000	440

main.c estimated size: 440

